Archive member included to satisfy reference by file (symbol)

c:/cliontools/gcc-arm-none-eabi-10.3-2021.10/bin/../lib/gcc/arm-none-eabi/10.3.1/thumb/v7e-m+fp/hard\libgcc.a(_aeabi_uldivmod.o)
                              CMakeFiles/ETHERCAT_CNNCPM.elf.dir/Drivers/STM32H7xx_HAL_Driver/Src/stm32h7xx_hal_uart.c.obj (__aeabi_uldivmod)
c:/cliontools/gcc-arm-none-eabi-10.3-2021.10/bin/../lib/gcc/arm-none-eabi/10.3.1/thumb/v7e-m+fp/hard\libgcc.a(_udivmoddi4.o)
                              c:/cliontools/gcc-arm-none-eabi-10.3-2021.10/bin/../lib/gcc/arm-none-eabi/10.3.1/thumb/v7e-m+fp/hard\libgcc.a(_aeabi_uldivmod.o) (__udivmoddi4)
c:/cliontools/gcc-arm-none-eabi-10.3-2021.10/bin/../lib/gcc/arm-none-eabi/10.3.1/thumb/v7e-m+fp/hard\libgcc.a(_dvmd_tls.o)
                              c:/cliontools/gcc-arm-none-eabi-10.3-2021.10/bin/../lib/gcc/arm-none-eabi/10.3.1/thumb/v7e-m+fp/hard\libgcc.a(_aeabi_uldivmod.o) (__aeabi_ldiv0)
c:/cliontools/gcc-arm-none-eabi-10.3-2021.10/bin/../lib/gcc/arm-none-eabi/10.3.1/../../../../arm-none-eabi/lib/thumb/v7e-m+fp/hard\libg.a(lib_a-atoi.o)
                              CMakeFiles/ETHERCAT_CNNCPM.elf.dir/Middlewares/Third_Party/LwIP/src/core/netif.c.obj (atoi)
c:/cliontools/gcc-arm-none-eabi-10.3-2021.10/bin/../lib/gcc/arm-none-eabi/10.3.1/../../../../arm-none-eabi/lib/thumb/v7e-m+fp/hard\libg.a(lib_a-ctype_.o)
                              CMakeFiles/ETHERCAT_CNNCPM.elf.dir/Middlewares/Third_Party/LwIP/src/core/ipv4/ip4_addr.c.obj (_ctype_)
c:/cliontools/gcc-arm-none-eabi-10.3-2021.10/bin/../lib/gcc/arm-none-eabi/10.3.1/../../../../arm-none-eabi/lib/thumb/v7e-m+fp/hard\libg.a(lib_a-exit.o)
                              c:/cliontools/gcc-arm-none-eabi-10.3-2021.10/bin/../lib/gcc/arm-none-eabi/10.3.1/../../../../arm-none-eabi/lib/thumb/v7e-m+fp/hard/crt0.o (exit)
c:/cliontools/gcc-arm-none-eabi-10.3-2021.10/bin/../lib/gcc/arm-none-eabi/10.3.1/../../../../arm-none-eabi/lib/thumb/v7e-m+fp/hard\libg.a(lib_a-impure.o)
                              c:/cliontools/gcc-arm-none-eabi-10.3-2021.10/bin/../lib/gcc/arm-none-eabi/10.3.1/../../../../arm-none-eabi/lib/thumb/v7e-m+fp/hard\libg.a(lib_a-exit.o) (_global_impure_ptr)
c:/cliontools/gcc-arm-none-eabi-10.3-2021.10/bin/../lib/gcc/arm-none-eabi/10.3.1/../../../../arm-none-eabi/lib/thumb/v7e-m+fp/hard\libg.a(lib_a-init.o)
                              c:/cliontools/gcc-arm-none-eabi-10.3-2021.10/bin/../lib/gcc/arm-none-eabi/10.3.1/../../../../arm-none-eabi/lib/thumb/v7e-m+fp/hard/crt0.o (__libc_init_array)
c:/cliontools/gcc-arm-none-eabi-10.3-2021.10/bin/../lib/gcc/arm-none-eabi/10.3.1/../../../../arm-none-eabi/lib/thumb/v7e-m+fp/hard\libg.a(lib_a-malloc.o)
                              CMakeFiles/ETHERCAT_CNNCPM.elf.dir/Ethercatslave/ecatcoe.c.obj (malloc)
c:/cliontools/gcc-arm-none-eabi-10.3-2021.10/bin/../lib/gcc/arm-none-eabi/10.3.1/../../../../arm-none-eabi/lib/thumb/v7e-m+fp/hard\libg.a(lib_a-mallocr.o)
                              c:/cliontools/gcc-arm-none-eabi-10.3-2021.10/bin/../lib/gcc/arm-none-eabi/10.3.1/../../../../arm-none-eabi/lib/thumb/v7e-m+fp/hard\libg.a(lib_a-malloc.o) (_malloc_r)
c:/cliontools/gcc-arm-none-eabi-10.3-2021.10/bin/../lib/gcc/arm-none-eabi/10.3.1/../../../../arm-none-eabi/lib/thumb/v7e-m+fp/hard\libg.a(lib_a-memcmp.o)
                              CMakeFiles/ETHERCAT_CNNCPM.elf.dir/Middlewares/Third_Party/LwIP/src/netif/bridgeif_fdb.c.obj (memcmp)
c:/cliontools/gcc-arm-none-eabi-10.3-2021.10/bin/../lib/gcc/arm-none-eabi/10.3.1/../../../../arm-none-eabi/lib/thumb/v7e-m+fp/hard\libg.a(lib_a-memcpy.o)
                              CMakeFiles/ETHERCAT_CNNCPM.elf.dir/Ethercatslave/SPIDriver.c.obj (memcpy)
c:/cliontools/gcc-arm-none-eabi-10.3-2021.10/bin/../lib/gcc/arm-none-eabi/10.3.1/../../../../arm-none-eabi/lib/thumb/v7e-m+fp/hard\libg.a(lib_a-memmove.o)
                              CMakeFiles/ETHERCAT_CNNCPM.elf.dir/Middlewares/Third_Party/LwIP/src/core/def.c.obj (memmove)
c:/cliontools/gcc-arm-none-eabi-10.3-2021.10/bin/../lib/gcc/arm-none-eabi/10.3.1/../../../../arm-none-eabi/lib/thumb/v7e-m+fp/hard\libg.a(lib_a-memset.o)
                              c:/cliontools/gcc-arm-none-eabi-10.3-2021.10/bin/../lib/gcc/arm-none-eabi/10.3.1/../../../../arm-none-eabi/lib/thumb/v7e-m+fp/hard/crt0.o (memset)
c:/cliontools/gcc-arm-none-eabi-10.3-2021.10/bin/../lib/gcc/arm-none-eabi/10.3.1/../../../../arm-none-eabi/lib/thumb/v7e-m+fp/hard\libg.a(lib_a-mlock.o)
                              c:/cliontools/gcc-arm-none-eabi-10.3-2021.10/bin/../lib/gcc/arm-none-eabi/10.3.1/../../../../arm-none-eabi/lib/thumb/v7e-m+fp/hard\libg.a(lib_a-mallocr.o) (__malloc_lock)
c:/cliontools/gcc-arm-none-eabi-10.3-2021.10/bin/../lib/gcc/arm-none-eabi/10.3.1/../../../../arm-none-eabi/lib/thumb/v7e-m+fp/hard\libg.a(lib_a-printf.o)
                              CMakeFiles/ETHERCAT_CNNCPM.elf.dir/Ethercatslave/SPIDriver.c.obj (printf)
[...]
Memory Configuration

Name             Origin             Length             Attributes
ITCMRAM          0x00000000         0x00010000         xrw
DTCMRAM          0x20000000         0x00020000         xrw
FLASH            0x08000000         0x00100000         xr
RAM_D1           0x24000000         0x00050000         xrw
RAM_D2           0x30000000         0x00008000         xrw
RAM_D3           0x38000000         0x00004000         xrw
*default*        0x00000000         0xffffffff

Linker script and memory map

LOAD c:/cliontools/gcc-arm-none-eabi-10.3-2021.10/bin/../lib/gcc/arm-none-eabi/10.3.1/thumb/v7e-m+fp/hard/crti.o
LOAD c:/cliontools/gcc-arm-none-eabi-10.3-2021.10/bin/../lib/gcc/arm-none-eabi/10.3.1/thumb/v7e-m+fp/hard/crtbegin.o
LOAD c:/cliontools/gcc-arm-none-eabi-10.3-2021.10/bin/../lib/gcc/arm-none-eabi/10.3.1/../../../../arm-none-eabi/lib/thumb/v7e-m+fp/hard/crt0.o
LOAD CMakeFiles/ETHERCAT_CNNCPM.elf.dir/Core/Src/freertos.c.obj
LOAD CMakeFiles/ETHERCAT_CNNCPM.elf.dir/Core/Src/gpio.c.obj
LOAD CMakeFiles/ETHERCAT_CNNCPM.elf.dir/Core/Src/main.c.obj
LOAD CMakeFiles/ETHERCAT_CNNCPM.elf.dir/Core/Src/octospi.c.obj
LOAD CMakeFiles/ETHERCAT_CNNCPM.elf.dir/Core/Src/retarget.c.obj
LOAD CMakeFiles/ETHERCAT_CNNCPM.elf.dir/Core/Src/stm32h7xx_hal_msp.c.obj
LOAD CMakeFiles/ETHERCAT_CNNCPM.elf.dir/Core/Src/stm32h7xx_hal_timebase_tim.c.obj
LOAD CMakeFiles/ETHERCAT_CNNCPM.elf.dir/Core/Src/stm32h7xx_it.c.obj
LOAD CMakeFiles/ETHERCAT_CNNCPM.elf.dir/Core/Src/syscalls.c.obj
LOAD CMakeFiles/ETHERCAT_CNNCPM.elf.dir/Core/Src/sysmem.c.obj
LOAD CMakeFiles/ETHERCAT_CNNCPM.elf.dir/Core/Src/system_stm32h7xx.c.obj
LOAD CMakeFiles/ETHERCAT_CNNCPM.elf.dir/Core/Src/tim.c.obj
LOAD CMakeFiles/ETHERCAT_CNNCPM.elf.dir/Core/Src/usart.c.obj
LOAD CMakeFiles/ETHERCAT_CNNCPM.elf.dir/Core/Startup/startup_stm32h723zgtx.s.obj
LOAD CMakeFiles/ETHERCAT_CNNCPM.elf.dir/Drivers/BSP/Components/lan8742/lan8742.c.obj
LOAD CMakeFiles/ETHERCAT_CNNCPM.elf.dir/Drivers/STM32H7xx_HAL_Driver/Src/stm32h7xx_hal.c.obj
LOAD CMakeFiles/ETHERCAT_CNNCPM.elf.dir/Drivers/STM32H7xx_HAL_Driver/Src/stm32h7xx_hal_cortex.c.obj
LOAD CMakeFiles/ETHERCAT_CNNCPM.elf.dir/Drivers/STM32H7xx_HAL_Driver/Src/stm32h7xx_hal_dma.c.obj
LOAD CMakeFiles/ETHERCAT_CNNCPM.elf.dir/Drivers/STM32H7xx_HAL_Driver/Src/stm32h7xx_hal_dma_ex.c.obj
LOAD CMakeFiles/ETHERCAT_CNNCPM.elf.dir/Drivers/STM32H7xx_HAL_Driver/Src/stm32h7xx_hal_eth.c.obj
LOAD CMakeFiles/ETHERCAT_CNNCPM.elf.dir/Drivers/STM32H7xx_HAL_Driver/Src/stm32h7xx_hal_eth_ex.c.obj
LOAD CMakeFiles/ETHERCAT_CNNCPM.elf.dir/Drivers/STM32H7xx_HAL_Driver/Src/stm32h7xx_hal_exti.c.obj
LOAD CMakeFiles/ETHERCAT_CNNCPM.elf.dir/Drivers/STM32H7xx_HAL_Driver/Src/stm32h7xx_hal_flash.c.obj
LOAD CMakeFiles/ETHERCAT_CNNCPM.elf.dir/Drivers/STM32H7xx_HAL_Driver/Src/stm32h7xx_hal_flash_ex.c.obj
LOAD CMakeFiles/ETHERCAT_CNNCPM.elf.dir/Drivers/STM32H7xx_HAL_Driver/Src/stm32h7xx_hal_gpio.c.obj
LOAD CMakeFiles/ETHERCAT_CNNCPM.elf.dir/Drivers/STM32H7xx_HAL_Driver/Src/stm32h7xx_hal_hsem.c.obj
LOAD CMakeFiles/ETHERCAT_CNNCPM.elf.dir/Drivers/STM32H7xx_HAL_Driver/Src/stm32h7xx_hal_i2c.c.obj
LOAD CMakeFiles/ETHERCAT_CNNCPM.elf.dir/Drivers/STM32H7xx_HAL_Driver/Src/stm32h7xx_hal_i2c_ex.c.obj
LOAD CMakeFiles/ETHERCAT_CNNCPM.elf.dir/Drivers/STM32H7xx_HAL_Driver/Src/stm32h7xx_hal_mdma.c.obj
LOAD CMakeFiles/ETHERCAT_CNNCPM.elf.dir/Drivers/STM32H7xx_HAL_Driver/Src/stm32h7xx_hal_ospi.c.obj
LOAD CMakeFiles/ETHERCAT_CNNCPM.elf.dir/Drivers/STM32H7xx_HAL_Driver/Src/stm32h7xx_hal_pwr.c.obj
LOAD CMakeFiles/ETHERCAT_CNNCPM.elf.dir/Drivers/STM32H7xx_HAL_Driver/Src/stm32h7xx_hal_pwr_ex.c.obj
LOAD CMakeFiles/ETHERCAT_CNNCPM.elf.dir/Drivers/STM32H7xx_HAL_Driver/Src/stm32h7xx_hal_rcc.c.obj
LOAD CMakeFiles/ETHERCAT_CNNCPM.elf.dir/Drivers/STM32H7xx_HAL_Driver/Src/stm32h7xx_hal_rcc_ex.c.obj
LOAD CMakeFiles/ETHERCAT_CNNCPM.elf.dir/Drivers/STM32H7xx_HAL_Driver/Src/stm32h7xx_hal_tim.c.obj
LOAD CMakeFiles/ETHERCAT_CNNCPM.elf.dir/Drivers/STM32H7xx_HAL_Driver/Src/stm32h7xx_hal_tim_ex.c.obj
LOAD CMakeFiles/ETHERCAT_CNNCPM.elf.dir/Drivers/STM32H7xx_HAL_Driver/Src/stm32h7xx_hal_uart.c.obj
LOAD CMakeFiles/ETHERCAT_CNNCPM.elf.dir/Drivers/STM32H7xx_HAL_Driver/Src/stm32h7xx_hal_uart_ex.c.obj
LOAD CMakeFiles/ETHERCAT_CNNCPM.elf.dir/Ethercatslave/SPIDriver.c.obj
LOAD CMakeFiles/ETHERCAT_CNNCPM.elf.dir/Ethercatslave/coeappl.c.obj
LOAD CMakeFiles/ETHERCAT_CNNCPM.elf.dir/Ethercatslave/ecatappl.c.obj
LOAD CMakeFiles/ETHERCAT_CNNCPM.elf.dir/Ethercatslave/ecatcoe.c.obj
LOAD CMakeFiles/ETHERCAT_CNNCPM.elf.dir/Ethercatslave/ecatslv.c.obj
LOAD CMakeFiles/ETHERCAT_CNNCPM.elf.dir/Ethercatslave/el9800appl.c.obj
LOAD CMakeFiles/ETHERCAT_CNNCPM.elf.dir/Ethercatslave/el9800hw.c.obj
LOAD CMakeFiles/ETHERCAT_CNNCPM.elf.dir/Ethercatslave/mailbox.c.obj
LOAD CMakeFiles/ETHERCAT_CNNCPM.elf.dir/Ethercatslave/objdef.c.obj
LOAD CMakeFiles/ETHERCAT_CNNCPM.elf.dir/Ethercatslave/sdoserv.c.obj
LOAD CMakeFiles/ETHERCAT_CNNCPM.elf.dir/LWIP/App/lwip.c.obj
LOAD CMakeFiles/ETHERCAT_CNNCPM.elf.dir/LWIP/Target/ethernetif.c.obj
LOAD CMakeFiles/ETHERCAT_CNNCPM.elf.dir/Middlewares/Third_Party/FreeRTOS/Source/CMSIS_RTOS_V2/cmsis_os2.c.obj
LOAD CMakeFiles/ETHERCAT_CNNCPM.elf.dir/Middlewares/Third_Party/FreeRTOS/Source/croutine.c.obj
LOAD CMakeFiles/ETHERCAT_CNNCPM.elf.dir/Middlewares/Third_Party/FreeRTOS/Source/event_groups.c.obj
LOAD CMakeFiles/ETHERCAT_CNNCPM.elf.dir/Middlewares/Third_Party/FreeRTOS/Source/list.c.obj
LOAD CMakeFiles/ETHERCAT_CNNCPM.elf.dir/Middlewares/Third_Party/FreeRTOS/Source/portable/GCC/ARM_CM4F/port.c.obj
LOAD CMakeFiles/ETHERCAT_CNNCPM.elf.dir/Middlewares/Third_Party/FreeRTOS/Source/portable/MemMang/heap_4.c.obj
LOAD CMakeFiles/ETHERCAT_CNNCPM.elf.dir/Middlewares/Third_Party/FreeRTOS/Source/queue.c.obj
LOAD CMakeFiles/ETHERCAT_CNNCPM.elf.dir/Middlewares/Third_Party/FreeRTOS/Source/stream_buffer.c.obj
LOAD CMakeFiles/ETHERCAT_CNNCPM.elf.dir/Middlewares/Third_Party/FreeRTOS/Source/tasks.c.obj
LOAD CMakeFiles/ETHERCAT_CNNCPM.elf.dir/Middlewares/Third_Party/FreeRTOS/Source/timers.c.obj
LOAD CMakeFiles/ETHERCAT_CNNCPM.elf.dir/Middlewares/Third_Party/LwIP/src/api/api_lib.c.obj
LOAD CMakeFiles/ETHERCAT_CNNCPM.elf.dir/Middlewares/Third_Party/LwIP/src/api/api_msg.c.obj
LOAD CMakeFiles/ETHERCAT_CNNCPM.elf.dir/Middlewares/Third_Party/LwIP/src/api/err.c.obj
LOAD CMakeFiles/ETHERCAT_CNNCPM.elf.dir/Middlewares/Third_Party/LwIP/src/api/if_api.c.obj
LOAD CMakeFiles/ETHERCAT_CNNCPM.elf.dir/Middlewares/Third_Party/LwIP/src/api/netbuf.c.obj
LOAD CMakeFiles/ETHERCAT_CNNCPM.elf.dir/Middlewares/Third_Party/LwIP/src/api/netdb.c.obj
LOAD CMakeFiles/ETHERCAT_CNNCPM.elf.dir/Middlewares/Third_Party/LwIP/src/api/netifapi.c.obj
LOAD CMakeFiles/ETHERCAT_CNNCPM.elf.dir/Middlewares/Third_Party/LwIP/src/api/sockets.c.obj
LOAD CMakeFiles/ETHERCAT_CNNCPM.elf.dir/Middlewares/Third_Party/LwIP/src/api/tcpip.c.obj
LOAD CMakeFiles/ETHERCAT_CNNCPM.elf.dir/Middlewares/Third_Party/LwIP/src/apps/mqtt/mqtt.c.obj
LOAD CMakeFiles/ETHERCAT_CNNCPM.elf.dir/Middlewares/Third_Party/LwIP/src/core/altcp.c.obj
LOAD CMakeFiles/ETHERCAT_CNNCPM.elf.dir/Middlewares/Third_Party/LwIP/src/core/altcp_alloc.c.obj
LOAD CMakeFiles/ETHERCAT_CNNCPM.elf.dir/Middlewares/Third_Party/LwIP/src/core/altcp_tcp.c.obj
LOAD CMakeFiles/ETHERCAT_CNNCPM.elf.dir/Middlewares/Third_Party/LwIP/src/core/def.c.obj
LOAD CMakeFiles/ETHERCAT_CNNCPM.elf.dir/Middlewares/Third_Party/LwIP/src/core/dns.c.obj
LOAD CMakeFiles/ETHERCAT_CNNCPM.elf.dir/Middlewares/Third_Party/LwIP/src/core/inet_chksum.c.obj
LOAD CMakeFiles/ETHERCAT_CNNCPM.elf.dir/Middlewares/Third_Party/LwIP/src/core/init.c.obj
LOAD CMakeFiles/ETHERCAT_CNNCPM.elf.dir/Middlewares/Third_Party/LwIP/src/core/ip.c.obj
LOAD CMakeFiles/ETHERCAT_CNNCPM.elf.dir/Middlewares/Third_Party/LwIP/src/core/ipv4/autoip.c.obj
LOAD CMakeFiles/ETHERCAT_CNNCPM.elf.dir/Middlewares/Third_Party/LwIP/src/core/ipv4/dhcp.c.obj
LOAD CMakeFiles/ETHERCAT_CNNCPM.elf.dir/Middlewares/Third_Party/LwIP/src/core/ipv4/etharp.c.obj
LOAD CMakeFiles/ETHERCAT_CNNCPM.elf.dir/Middlewares/Third_Party/LwIP/src/core/ipv4/icmp.c.obj
LOAD CMakeFiles/ETHERCAT_CNNCPM.elf.dir/Middlewares/Third_Party/LwIP/src/core/ipv4/igmp.c.obj
LOAD CMakeFiles/ETHERCAT_CNNCPM.elf.dir/Middlewares/Third_Party/LwIP/src/core/ipv4/ip4.c.obj
LOAD CMakeFiles/ETHERCAT_CNNCPM.elf.dir/Middlewares/Third_Party/LwIP/src/core/ipv4/ip4_addr.c.obj
LOAD CMakeFiles/ETHERCAT_CNNCPM.elf.dir/Middlewares/Third_Party/LwIP/src/core/ipv4/ip4_frag.c.obj
LOAD CMakeFiles/ETHERCAT_CNNCPM.elf.dir/Middlewares/Third_Party/LwIP/src/core/ipv6/dhcp6.c.obj
LOAD CMakeFiles/ETHERCAT_CNNCPM.elf.dir/Middlewares/Third_Party/LwIP/src/core/ipv6/ethip6.c.obj
LOAD CMakeFiles/ETHERCAT_CNNCPM.elf.dir/Middlewares/Third_Party/LwIP/src/core/ipv6/icmp6.c.obj
LOAD CMakeFiles/ETHERCAT_CNNCPM.elf.dir/Middlewares/Third_Party/LwIP/src/core/ipv6/inet6.c.obj
LOAD CMakeFiles/ETHERCAT_CNNCPM.elf.dir/Middlewares/Third_Party/LwIP/src/core/ipv6/ip6.c.obj
LOAD CMakeFiles/ETHERCAT_CNNCPM.elf.dir/Middlewares/Third_Party/LwIP/src/core/ipv6/ip6_addr.c.obj
LOAD CMakeFiles/ETHERCAT_CNNCPM.elf.dir/Middlewares/Third_Party/LwIP/src/core/ipv6/ip6_frag.c.obj
LOAD CMakeFiles/ETHERCAT_CNNCPM.elf.dir/Middlewares/Third_Party/LwIP/src/core/ipv6/mld6.c.obj
LOAD CMakeFiles/ETHERCAT_CNNCPM.elf.dir/Middlewares/Third_Party/LwIP/src/core/ipv6/nd6.c.obj
LOAD CMakeFiles/ETHERCAT_CNNCPM.elf.dir/Middlewares/Third_Party/LwIP/src/core/mem.c.obj
LOAD CMakeFiles/ETHERCAT_CNNCPM.elf.dir/Middlewares/Third_Party/LwIP/src/core/memp.c.obj
LOAD CMakeFiles/ETHERCAT_CNNCPM.elf.dir/Middlewares/Third_Party/LwIP/src/core/netif.c.obj
LOAD CMakeFiles/ETHERCAT_CNNCPM.elf.dir/Middlewares/Third_Party/LwIP/src/core/pbuf.c.obj
LOAD CMakeFiles/ETHERCAT_CNNCPM.elf.dir/Middlewares/Third_Party/LwIP/src/core/raw.c.obj
LOAD CMakeFiles/ETHERCAT_CNNCPM.elf.dir/Middlewares/Third_Party/LwIP/src/core/stats.c.obj
LOAD CMakeFiles/ETHERCAT_CNNCPM.elf.dir/Middlewares/Third_Party/LwIP/src/core/sys.c.obj
LOAD CMakeFiles/ETHERCAT_CNNCPM.elf.dir/Middlewares/Third_Party/LwIP/src/core/tcp.c.obj
LOAD CMakeFiles/ETHERCAT_CNNCPM.elf.dir/Middlewares/Third_Party/LwIP/src/core/tcp_in.c.obj
LOAD CMakeFiles/ETHERCAT_CNNCPM.elf.dir/Middlewares/Third_Party/LwIP/src/core/tcp_out.c.obj
LOAD CMakeFiles/ETHERCAT_CNNCPM.elf.dir/Middlewares/Third_Party/LwIP/src/core/timeouts.c.obj
LOAD CMakeFiles/ETHERCAT_CNNCPM.elf.dir/Middlewares/Third_Party/LwIP/src/core/udp.c.obj
LOAD CMakeFiles/ETHERCAT_CNNCPM.elf.dir/Middlewares/Third_Party/LwIP/src/netif/bridgeif.c.obj
LOAD CMakeFiles/ETHERCAT_CNNCPM.elf.dir/Middlewares/Third_Party/LwIP/src/netif/bridgeif_fdb.c.obj
LOAD CMakeFiles/ETHERCAT_CNNCPM.elf.dir/Middlewares/Third_Party/LwIP/src/netif/ethernet.c.obj
LOAD CMakeFiles/ETHERCAT_CNNCPM.elf.dir/Middlewares/Third_Party/LwIP/src/netif/lowpan6.c.obj
LOAD CMakeFiles/ETHERCAT_CNNCPM.elf.dir/Middlewares/Third_Party/LwIP/src/netif/lowpan6_ble.c.obj
LOAD CMakeFiles/ETHERCAT_CNNCPM.elf.dir/Middlewares/Third_Party/LwIP/src/netif/lowpan6_common.c.obj
LOAD CMakeFiles/ETHERCAT_CNNCPM.elf.dir/Middlewares/Third_Party/LwIP/src/netif/ppp/auth.c.obj
LOAD CMakeFiles/ETHERCAT_CNNCPM.elf.dir/Middlewares/Third_Party/LwIP/src/netif/ppp/ccp.c.obj
LOAD CMakeFiles/ETHERCAT_CNNCPM.elf.dir/Middlewares/Third_Party/LwIP/src/netif/ppp/chap-md5.c.obj
LOAD CMakeFiles/ETHERCAT_CNNCPM.elf.dir/Middlewares/Third_Party/LwIP/src/netif/ppp/chap-new.c.obj
LOAD CMakeFiles/ETHERCAT_CNNCPM.elf.dir/Middlewares/Third_Party/LwIP/src/netif/ppp/chap_ms.c.obj
LOAD CMakeFiles/ETHERCAT_CNNCPM.elf.dir/Middlewares/Third_Party/LwIP/src/netif/ppp/demand.c.obj
LOAD CMakeFiles/ETHERCAT_CNNCPM.elf.dir/Middlewares/Third_Party/LwIP/src/netif/ppp/eap.c.obj
LOAD CMakeFiles/ETHERCAT_CNNCPM.elf.dir/Middlewares/Third_Party/LwIP/src/netif/ppp/ecp.c.obj
LOAD CMakeFiles/ETHERCAT_CNNCPM.elf.dir/Middlewares/Third_Party/LwIP/src/netif/ppp/eui64.c.obj
LOAD CMakeFiles/ETHERCAT_CNNCPM.elf.dir/Middlewares/Third_Party/LwIP/src/netif/ppp/fsm.c.obj
LOAD CMakeFiles/ETHERCAT_CNNCPM.elf.dir/Middlewares/Third_Party/LwIP/src/netif/ppp/ipcp.c.obj
LOAD CMakeFiles/ETHERCAT_CNNCPM.elf.dir/Middlewares/Third_Party/LwIP/src/netif/ppp/ipv6cp.c.obj
LOAD CMakeFiles/ETHERCAT_CNNCPM.elf.dir/Middlewares/Third_Party/LwIP/src/netif/ppp/lcp.c.obj
LOAD CMakeFiles/ETHERCAT_CNNCPM.elf.dir/Middlewares/Third_Party/LwIP/src/netif/ppp/magic.c.obj
LOAD CMakeFiles/ETHERCAT_CNNCPM.elf.dir/Middlewares/Third_Party/LwIP/src/netif/ppp/mppe.c.obj
LOAD CMakeFiles/ETHERCAT_CNNCPM.elf.dir/Middlewares/Third_Party/LwIP/src/netif/ppp/multilink.c.obj
LOAD CMakeFiles/ETHERCAT_CNNCPM.elf.dir/Middlewares/Third_Party/LwIP/src/netif/ppp/ppp.c.obj
LOAD CMakeFiles/ETHERCAT_CNNCPM.elf.dir/Middlewares/Third_Party/LwIP/src/netif/ppp/pppapi.c.obj
LOAD CMakeFiles/ETHERCAT_CNNCPM.elf.dir/Middlewares/Third_Party/LwIP/src/netif/ppp/pppcrypt.c.obj
LOAD CMakeFiles/ETHERCAT_CNNCPM.elf.dir/Middlewares/Third_Party/LwIP/src/netif/ppp/pppoe.c.obj
LOAD CMakeFiles/ETHERCAT_CNNCPM.elf.dir/Middlewares/Third_Party/LwIP/src/netif/ppp/pppol2tp.c.obj
LOAD CMakeFiles/ETHERCAT_CNNCPM.elf.dir/Middlewares/Third_Party/LwIP/src/netif/ppp/pppos.c.obj
LOAD CMakeFiles/ETHERCAT_CNNCPM.elf.dir/Middlewares/Third_Party/LwIP/src/netif/ppp/upap.c.obj
LOAD CMakeFiles/ETHERCAT_CNNCPM.elf.dir/Middlewares/Third_Party/LwIP/src/netif/ppp/utils.c.obj
LOAD CMakeFiles/ETHERCAT_CNNCPM.elf.dir/Middlewares/Third_Party/LwIP/src/netif/ppp/vj.c.obj
LOAD CMakeFiles/ETHERCAT_CNNCPM.elf.dir/Middlewares/Third_Party/LwIP/src/netif/slipif.c.obj
LOAD CMakeFiles/ETHERCAT_CNNCPM.elf.dir/Middlewares/Third_Party/LwIP/src/netif/zepif.c.obj
LOAD CMakeFiles/ETHERCAT_CNNCPM.elf.dir/Middlewares/Third_Party/LwIP/system/OS/sys_arch.c.obj
START GROUP
LOAD c:/cliontools/gcc-arm-none-eabi-10.3-2021.10/bin/../lib/gcc/arm-none-eabi/10.3.1/thumb/v7e-m+fp/hard\libgcc.a
LOAD c:/cliontools/gcc-arm-none-eabi-10.3-2021.10/bin/../lib/gcc/arm-none-eabi/10.3.1/../../../../arm-none-eabi/lib/thumb/v7e-m+fp/hard\libg.a
LOAD c:/cliontools/gcc-arm-none-eabi-10.3-2021.10/bin/../lib/gcc/arm-none-eabi/10.3.1/../../../../arm-none-eabi/lib/thumb/v7e-m+fp/hard\libc.a
END GROUP
LOAD c:/cliontools/gcc-arm-none-eabi-10.3-2021.10/bin/../lib/gcc/arm-none-eabi/10.3.1/thumb/v7e-m+fp/hard/crtend.o
LOAD c:/cliontools/gcc-arm-none-eabi-10.3-2021.10/bin/../lib/gcc/arm-none-eabi/10.3.1/thumb/v7e-m+fp/hard/crtn.o
                0x24050000                _estack = (ORIGIN (RAM_D1) + LENGTH (RAM_D1))
                0x00001000                _Min_Heap_Size = 0x1000
                0x00002000                _Min_Stack_Size = 0x2000

.isr_vector     0x08000000      0x2cc
                0x08000000                . = ALIGN (0x4)
 *(.isr_vector)
 .isr_vector    0x08000000      0x2cc CMakeFiles/ETHERCAT_CNNCPM.elf.dir/Core/Startup/startup_stm32h723zgtx.s.obj
                0x08000000                g_pfnVectors
                0x080002cc                . = ALIGN (0x4)

.text           0x08000300    0x12a90
                0x08000300                . = ALIGN (0x4)
 *(.text)
 .text          0x08000300       0x40 c:/cliontools/gcc-arm-none-eabi-10.3-2021.10/bin/../lib/gcc/arm-none-eabi/10.3.1/thumb/v7e-m+fp/hard/crtbegin.o
 .text          0x08000340       0x30 c:/cliontools/gcc-arm-none-eabi-10.3-2021.10/bin/../lib/gcc/arm-none-eabi/10.3.1/thumb/v7e-m+fp/hard\libgcc.a(_aeabi_uldivmod.o)
                0x08000340                __aeabi_uldivmod
 .text          0x08000370      0x2d0 c:/cliontools/gcc-arm-none-eabi-10.3-2021.10/bin/../lib/gcc/arm-none-eabi/10.3.1/thumb/v7e-m+fp/hard\libgcc.a(_udivmoddi4.o)
                0x08000370                __udivmoddi4
 .text          0x08000640        0x4 c:/cliontools/gcc-arm-none-eabi-10.3-2021.10/bin/../lib/gcc/arm-none-eabi/10.3.1/thumb/v7e-m+fp/hard\libgcc.a(_dvmd_tls.o)
                0x08000640                __aeabi_idiv0
                0x08000640                __aeabi_ldiv0
 .text          0x08000644      0x134 c:/cliontools/gcc-arm-none-eabi-10.3-2021.10/bin/../lib/gcc/arm-none-eabi/10.3.1/../../../../arm-none-eabi/lib/thumb/v7e-m+fp/hard\libg.a(lib_a-memcpy.o)
                0x08000644                memcpy
 *fill*         0x08000778        0x8 
 .text          0x08000780       0xdc c:/cliontools/gcc-arm-none-eabi-10.3-2021.10/bin/../lib/gcc/arm-none-eabi/10.3.1/../../../../arm-none-eabi/lib/thumb/v7e-m+fp/hard\libg.a(lib_a-strlen.o)
                0x08000780                strlen
 *fill*         0x0800085c        0x4 
 .text          0x08000860       0xa0 c:/cliontools/gcc-arm-none-eabi-10.3-2021.10/bin/../lib/gcc/arm-none-eabi/10.3.1/../../../../arm-none-eabi/lib/thumb/v7e-m+fp/hard\libg.a(lib_a-memchr.o)
                0x08000860                memchr
 .text          0x08000900      0x378 c:/cliontools/gcc-arm-none-eabi-10.3-2021.10/bin/../lib/gcc/arm-none-eabi/10.3.1/thumb/v7e-m+fp/hard\libgcc.a(_arm_addsubdf3.o)
                0x08000900                __aeabi_drsub
                0x08000908                __aeabi_dsub
                0x08000908                __subdf3
                0x0800090c                __aeabi_dadd
                0x0800090c                __adddf3
                0x08000b84                __floatunsidf
                0x08000b84                __aeabi_ui2d
                0x08000ba4                __floatsidf
                0x08000ba4                __aeabi_i2d
                0x08000bc8                __aeabi_f2d
                0x08000bc8                __extendsfdf2
                0x08000c0c                __floatundidf
                0x08000c0c                __aeabi_ul2d
                0x08000c1c                __floatdidf
                0x08000c1c                __aeabi_l2d
 .text          0x08000c78      0x424 c:/cliontools/gcc-arm-none-eabi-10.3-2021.10/bin/../lib/gcc/arm-none-eabi/10.3.1/thumb/v7e-m+fp/hard\libgcc.a(_arm_muldivdf3.o)
                0x08000c78                __aeabi_dmul
                0x08000c78                __muldf3
                0x08000ecc                __divdf3
                0x08000ecc                __aeabi_ddiv
 .text          0x0800109c      0x110 c:/cliontools/gcc-arm-none-eabi-10.3-2021.10/bin/../lib/gcc/arm-none-eabi/10.3.1/thumb/v7e-m+fp/hard\libgcc.a(_arm_cmpdf2.o)
                0x0800109c                __gtdf2
                0x0800109c                __gedf2
                0x080010a4                __ltdf2
                0x080010a4                __ledf2
                0x080010ac                __nedf2
                0x080010ac                __eqdf2
                0x080010ac                __cmpdf2
                0x08001128                __aeabi_cdrcmple
                0x08001138                __aeabi_cdcmpeq
                0x08001138                __aeabi_cdcmple
                0x08001148                __aeabi_dcmpeq
                0x0800115c                __aeabi_dcmplt
                0x08001170                __aeabi_dcmple
                0x08001184                __aeabi_dcmpge
                0x08001198                __aeabi_dcmpgt
 .text          0x080011ac       0x2c c:/cliontools/gcc-arm-none-eabi-10.3-2021.10/bin/../lib/gcc/arm-none-eabi/10.3.1/thumb/v7e-m+fp/hard\libgcc.a(_arm_unorddf2.o)
                0x080011ac                __unorddf2
                0x080011ac                __aeabi_dcmpun
 .text          0x080011d8       0x50 c:/cliontools/gcc-arm-none-eabi-10.3-2021.10/bin/../lib/gcc/arm-none-eabi/10.3.1/thumb/v7e-m+fp/hard\libgcc.a(_arm_fixdfsi.o)
                0x080011d8                __aeabi_d2iz
                0x080011d8                __fixdfsi
 *(.text*)
 .text.StartDefaultTask
                0x08001228        0xa CMakeFiles/ETHERCAT_CNNCPM.elf.dir/Core/Src/freertos.c.obj
                0x08001228                StartDefaultTask
 .text.Ethercatfunc
                0x08001232       0x12 CMakeFiles/ETHERCAT_CNNCPM.elf.dir/Core/Src/freertos.c.obj
                0x08001232                Ethercatfunc
 .text.MX_FREERTOS_Init
                0x08001244       0x38 CMakeFiles/ETHERCAT_CNNCPM.elf.dir/Core/Src/freertos.c.obj
                0x08001244                MX_FREERTOS_Init
 .text.MX_GPIO_Init
                0x0800127c      0x1e0 CMakeFiles/ETHERCAT_CNNCPM.elf.dir/Core/Src/gpio.c.obj
                0x0800127c                MX_GPIO_Init
 .text.Init_ESC
                0x0800145c       0x54 CMakeFiles/ETHERCAT_CNNCPM.elf.dir/Core/Src/gpio.c.obj
                0x0800145c                Init_ESC
 .text.Init_SYNC0
                0x080014b0       0x54 CMakeFiles/ETHERCAT_CNNCPM.elf.dir/Core/Src/gpio.c.obj
                0x080014b0                Init_SYNC0
 .text.Init_SYNC1
                0x08001504       0x54 CMakeFiles/ETHERCAT_CNNCPM.elf.dir/Core/Src/gpio.c.obj
                0x08001504                Init_SYNC1
 .text.MPU_Config
                0x08001558       0x72 CMakeFiles/ETHERCAT_CNNCPM.elf.dir/Core/Src/main.c.obj
 *fill*         0x080015ca        0x2 
 .text.HAL_TIM_PeriodElapsedCallback
                0x080015cc       0x18 CMakeFiles/ETHERCAT_CNNCPM.elf.dir/Core/Src/main.c.obj
                0x080015cc                HAL_TIM_PeriodElapsedCallback
 .text.Error_Handler
                0x080015e4        0x4 CMakeFiles/ETHERCAT_CNNCPM.elf.dir/Core/Src/main.c.obj
                0x080015e4                Error_Handler
 .text.SystemClock_Config
                0x080015e8       0xac CMakeFiles/ETHERCAT_CNNCPM.elf.dir/Core/Src/main.c.obj
                0x080015e8                SystemClock_Config
 .text.main     0x08001694       0xcc CMakeFiles/ETHERCAT_CNNCPM.elf.dir/Core/Src/main.c.obj
                0x08001694                main
 .text.MX_OCTOSPI1_Init
                0x08001760       0x80 CMakeFiles/ETHERCAT_CNNCPM.elf.dir/Core/Src/octospi.c.obj
                0x08001760                MX_OCTOSPI1_Init
 .text.HAL_OSPI_MspInit
                0x080017e0       0xe8 CMakeFiles/ETHERCAT_CNNCPM.elf.dir/Core/Src/octospi.c.obj
                0x080017e0                HAL_OSPI_MspInit
 .text.lan9252_read_32
                0x080018c8       0x94 CMakeFiles/ETHERCAT_CNNCPM.elf.dir/Core/Src/octospi.c.obj
                0x080018c8                lan9252_read_32
 .text.lan9252_write_32
                0x0800195c       0x80 CMakeFiles/ETHERCAT_CNNCPM.elf.dir/Core/Src/octospi.c.obj
                0x0800195c                lan9252_write_32
 .text.RetargetInit
                0x080019dc       0x20 CMakeFiles/ETHERCAT_CNNCPM.elf.dir/Core/Src/retarget.c.obj
                0x080019dc                RetargetInit
 .text._isatty  0x080019fc       0x18 CMakeFiles/ETHERCAT_CNNCPM.elf.dir/Core/Src/retarget.c.obj
                0x080019fc                _isatty
 .text._write   0x08001a14       0x38 CMakeFiles/ETHERCAT_CNNCPM.elf.dir/Core/Src/retarget.c.obj
                0x08001a14                _write
 .text._close   0x08001a4c       0x18 CMakeFiles/ETHERCAT_CNNCPM.elf.dir/Core/Src/retarget.c.obj
                0x08001a4c                _close
 .text._lseek   0x08001a64       0x10 CMakeFiles/ETHERCAT_CNNCPM.elf.dir/Core/Src/retarget.c.obj
                0x08001a64                _lseek
 .text._read    0x08001a74       0x30 CMakeFiles/ETHERCAT_CNNCPM.elf.dir/Core/Src/retarget.c.obj
                0x08001a74                _read
 .text._fstat   0x08001aa4       0x1c CMakeFiles/ETHERCAT_CNNCPM.elf.dir/Core/Src/retarget.c.obj
                0x08001aa4                _fstat
 .text.HAL_MspInit
                0x08001ac0       0x34 CMakeFiles/ETHERCAT_CNNCPM.elf.dir/Core/Src/stm32h7xx_hal_msp.c.obj
                0x08001ac0                HAL_MspInit
 .text.HAL_InitTick
                0x08001af4       0x90 CMakeFiles/ETHERCAT_CNNCPM.elf.dir/Core/Src/stm32h7xx_hal_timebase_tim.c.obj
                0x08001af4                HAL_InitTick
 .text.NMI_Handler
                0x08001b84        0x2 CMakeFiles/ETHERCAT_CNNCPM.elf.dir/Core/Src/stm32h7xx_it.c.obj
                0x08001b84                NMI_Handler
 .text.HardFault_Handler
                0x08001b86        0x2 CMakeFiles/ETHERCAT_CNNCPM.elf.dir/Core/Src/stm32h7xx_it.c.obj
                0x08001b86                HardFault_Handler
 .text.MemManage_Handler
                0x08001b88        0x2 CMakeFiles/ETHERCAT_CNNCPM.elf.dir/Core/Src/stm32h7xx_it.c.obj
                0x08001b88                MemManage_Handler
 .text.BusFault_Handler
                0x08001b8a        0x2 CMakeFiles/ETHERCAT_CNNCPM.elf.dir/Core/Src/stm32h7xx_it.c.obj
                0x08001b8a                BusFault_Handler
 .text.UsageFault_Handler
                0x08001b8c        0x2 CMakeFiles/ETHERCAT_CNNCPM.elf.dir/Core/Src/stm32h7xx_it.c.obj
                0x08001b8c                UsageFault_Handler
 .text.DebugMon_Handler
                0x08001b8e        0x2 CMakeFiles/ETHERCAT_CNNCPM.elf.dir/Core/Src/stm32h7xx_it.c.obj
                0x08001b8e                DebugMon_Handler
 .text.TIM1_UP_IRQHandler
                0x08001b90       0x10 CMakeFiles/ETHERCAT_CNNCPM.elf.dir/Core/Src/stm32h7xx_it.c.obj
                0x08001b90                TIM1_UP_IRQHandler
 .text.ETH_IRQHandler
                0x08001ba0       0x10 CMakeFiles/ETHERCAT_CNNCPM.elf.dir/Core/Src/stm32h7xx_it.c.obj
                0x08001ba0                ETH_IRQHandler
 .text._getpid  0x08001bb0        0x4 CMakeFiles/ETHERCAT_CNNCPM.elf.dir/Core/Src/syscalls.c.obj
                0x08001bb0                _getpid
 .text._kill    0x08001bb4       0x10 CMakeFiles/ETHERCAT_CNNCPM.elf.dir/Core/Src/syscalls.c.obj
                0x08001bb4                _kill
 .text._exit    0x08001bc4        0xc CMakeFiles/ETHERCAT_CNNCPM.elf.dir/Core/Src/syscalls.c.obj
                0x08001bc4                _exit
 .text._sbrk    0x08001bd0       0x4c CMakeFiles/ETHERCAT_CNNCPM.elf.dir/Core/Src/sysmem.c.obj
                0x08001bd0                _sbrk
 .text.SystemInit
                0x08001c1c       0xac CMakeFiles/ETHERCAT_CNNCPM.elf.dir/Core/Src/system_stm32h7xx.c.obj
                0x08001c1c                SystemInit
 .text.MX_TIM2_Init
                0x08001cc8       0x70 CMakeFiles/ETHERCAT_CNNCPM.elf.dir/Core/Src/tim.c.obj
                0x08001cc8                MX_TIM2_Init
 .text.HAL_TIM_Base_MspInit
                0x08001d38       0x44 CMakeFiles/ETHERCAT_CNNCPM.elf.dir/Core/Src/tim.c.obj
                0x08001d38                HAL_TIM_Base_MspInit
 .text.MX_LPUART1_UART_Init
                0x08001d7c       0x68 CMakeFiles/ETHERCAT_CNNCPM.elf.dir/Core/Src/usart.c.obj
                0x08001d7c                MX_LPUART1_UART_Init
 .text.HAL_UART_MspInit
                0x08001de4       0x98 CMakeFiles/ETHERCAT_CNNCPM.elf.dir/Core/Src/usart.c.obj
                0x08001de4                HAL_UART_MspInit
 .text.Reset_Handler
                0x08001e7c       0x50 CMakeFiles/ETHERCAT_CNNCPM.elf.dir/Core/Startup/startup_stm32h723zgtx.s.obj
                0x08001e7c                Reset_Handler
 .text.Default_Handler
                0x08001ecc        0x2 CMakeFiles/ETHERCAT_CNNCPM.elf.dir/Core/Startup/startup_stm32h723zgtx.s.obj
                0x08001ecc                RTC_Alarm_IRQHandler
                0x08001ecc                TIM8_CC_IRQHandler
                0x08001ecc                UART8_IRQHandler
                0x08001ecc                SPI4_IRQHandler
                0x08001ecc                FDCAN3_IT0_IRQHandler
                0x08001ecc                TIM1_CC_IRQHandler
                0x08001ecc                BDMA_Channel6_IRQHandler
                0x08001ecc                DMA2_Stream5_IRQHandler
                0x08001ecc                DMA1_Stream5_IRQHandler
                0x08001ecc                CORDIC_IRQHandler
                0x08001ecc                BDMA_Channel1_IRQHandler
                0x08001ecc                TAMP_STAMP_IRQHandler
                0x08001ecc                LPTIM4_IRQHandler
                0x08001ecc                TIM8_TRG_COM_TIM14_IRQHandler
                0x08001ecc                LPTIM2_IRQHandler
                0x08001ecc                DFSDM1_FLT1_IRQHandler
                0x08001ecc                DMAMUX2_OVR_IRQHandler
                0x08001ecc                TIM8_UP_TIM13_IRQHandler
                0x08001ecc                I2C3_ER_IRQHandler
                0x08001ecc                DFSDM1_FLT2_IRQHandler
                0x08001ecc                I2C5_EV_IRQHandler
                0x08001ecc                USART10_IRQHandler
                0x08001ecc                MDMA_IRQHandler
                0x08001ecc                LPTIM3_IRQHandler
                0x08001ecc                HSEM1_IRQHandler
                0x08001ecc                EXTI0_IRQHandler
                0x08001ecc                I2C2_EV_IRQHandler
                0x08001ecc                DMA1_Stream2_IRQHandler
                0x08001ecc                FPU_IRQHandler
                0x08001ecc                OTG_HS_WKUP_IRQHandler
                0x08001ecc                FDCAN1_IT1_IRQHandler
                0x08001ecc                LTDC_ER_IRQHandler
                0x08001ecc                DMA2_Stream2_IRQHandler
                0x08001ecc                SPI1_IRQHandler
                0x08001ecc                OCTOSPI1_IRQHandler
                0x08001ecc                TIM6_DAC_IRQHandler
                0x08001ecc                DMA2_Stream3_IRQHandler
                0x08001ecc                OCTOSPI2_IRQHandler
                0x08001ecc                DFSDM1_FLT3_IRQHandler
                0x08001ecc                TIM23_IRQHandler
                0x08001ecc                USART6_IRQHandler
                0x08001ecc                TIM17_IRQHandler
                0x08001ecc                USART3_IRQHandler
                0x08001ecc                BDMA_Channel7_IRQHandler
                0x08001ecc                LPTIM5_IRQHandler
                0x08001ecc                UART5_IRQHandler
                0x08001ecc                ADC3_IRQHandler
                0x08001ecc                DMA2_Stream0_IRQHandler
                0x08001ecc                TIM4_IRQHandler
                0x08001ecc                BDMA_Channel2_IRQHandler
                0x08001ecc                I2C1_EV_IRQHandler
                0x08001ecc                DMA1_Stream6_IRQHandler
                0x08001ecc                DMAMUX1_OVR_IRQHandler
                0x08001ecc                DMA1_Stream1_IRQHandler
                0x08001ecc                TIM16_IRQHandler
                0x08001ecc                UART4_IRQHandler
                0x08001ecc                BDMA_Channel5_IRQHandler
                0x08001ecc                TIM3_IRQHandler
                0x08001ecc                RCC_IRQHandler
                0x08001ecc                UART9_IRQHandler
                0x08001ecc                TIM8_BRK_TIM12_IRQHandler
                0x08001ecc                TIM1_TRG_COM_IRQHandler
                0x08001ecc                Default_Handler
                0x08001ecc                ECC_IRQHandler
                0x08001ecc                FMAC_IRQHandler
                0x08001ecc                CEC_IRQHandler
                0x08001ecc                BDMA_Channel0_IRQHandler
                0x08001ecc                ADC_IRQHandler
                0x08001ecc                I2C5_ER_IRQHandler
                0x08001ecc                DMA1_Stream7_IRQHandler
                0x08001ecc                SPI5_IRQHandler
                0x08001ecc                TIM7_IRQHandler
                0x08001ecc                FDCAN3_IT1_IRQHandler
                0x08001ecc                SDMMC1_IRQHandler
                0x08001ecc                TIM5_IRQHandler
                0x08001ecc                DMA2_Stream7_IRQHandler
                0x08001ecc                TIM15_IRQHandler
                0x08001ecc                PVD_AVD_IRQHandler
                0x08001ecc                I2C3_EV_IRQHandler
                0x08001ecc                EXTI9_5_IRQHandler
                0x08001ecc                RTC_WKUP_IRQHandler
                0x08001ecc                LTDC_IRQHandler
                0x08001ecc                ETH_WKUP_IRQHandler
                0x08001ecc                SPDIF_RX_IRQHandler
                0x08001ecc                SPI2_IRQHandler
                0x08001ecc                OTG_HS_EP1_IN_IRQHandler
                0x08001ecc                DMA1_Stream0_IRQHandler
                0x08001ecc                TIM24_IRQHandler
                0x08001ecc                CRS_IRQHandler
                0x08001ecc                EXTI4_IRQHandler
                0x08001ecc                RNG_IRQHandler
                0x08001ecc                FDCAN2_IT1_IRQHandler
                0x08001ecc                BDMA_Channel4_IRQHandler
                0x08001ecc                OTG_HS_EP1_OUT_IRQHandler
                0x08001ecc                WWDG_IRQHandler
                0x08001ecc                SPI6_IRQHandler
                0x08001ecc                MDIOS_IRQHandler
                0x08001ecc                I2C4_EV_IRQHandler
                0x08001ecc                FDCAN2_IT0_IRQHandler
                0x08001ecc                LPUART1_IRQHandler
                0x08001ecc                FDCAN1_IT0_IRQHandler
                0x08001ecc                OTG_HS_IRQHandler
                0x08001ecc                DMA2D_IRQHandler
                0x08001ecc                TIM1_BRK_IRQHandler
                0x08001ecc                EXTI1_IRQHandler
                0x08001ecc                SDMMC2_IRQHandler
                0x08001ecc                BDMA_Channel3_IRQHandler
                0x08001ecc                DTS_IRQHandler
                0x08001ecc                UART7_IRQHandler
                0x08001ecc                MDIOS_WKUP_IRQHandler
                0x08001ecc                USART2_IRQHandler
                0x08001ecc                DFSDM1_FLT0_IRQHandler
                0x08001ecc                SAI4_IRQHandler
                0x08001ecc                I2C2_ER_IRQHandler
                0x08001ecc                DMA2_Stream1_IRQHandler
                0x08001ecc                FLASH_IRQHandler
                0x08001ecc                DMA2_Stream4_IRQHandler
                0x08001ecc                USART1_IRQHandler
                0x08001ecc                SPI3_IRQHandler
                0x08001ecc                WAKEUP_PIN_IRQHandler
                0x08001ecc                DMA1_Stream4_IRQHandler
                0x08001ecc                I2C1_ER_IRQHandler
                0x08001ecc                FMC_IRQHandler
                0x08001ecc                FDCAN_CAL_IRQHandler
                0x08001ecc                SWPMI1_IRQHandler
                0x08001ecc                COMP1_IRQHandler
                0x08001ecc                LPTIM1_IRQHandler
                0x08001ecc                DCMI_PSSI_IRQHandler
                0x08001ecc                I2C4_ER_IRQHandler
                0x08001ecc                DMA2_Stream6_IRQHandler
                0x08001ecc                SAI1_IRQHandler
                0x08001ecc                DMA1_Stream3_IRQHandler
 *fill*         0x08001ece        0x2 
 .text.HAL_Init
                0x08001ed0       0x5c CMakeFiles/ETHERCAT_CNNCPM.elf.dir/Drivers/STM32H7xx_HAL_Driver/Src/stm32h7xx_hal.c.obj
                0x08001ed0                HAL_Init
 .text.HAL_IncTick
                0x08001f2c       0x18 CMakeFiles/ETHERCAT_CNNCPM.elf.dir/Drivers/STM32H7xx_HAL_Driver/Src/stm32h7xx_hal.c.obj
                0x08001f2c                HAL_IncTick
 .text.HAL_GetTick
                0x08001f44        0xc CMakeFiles/ETHERCAT_CNNCPM.elf.dir/Drivers/STM32H7xx_HAL_Driver/Src/stm32h7xx_hal.c.obj
                0x08001f44                HAL_GetTick
 .text.HAL_Delay
                0x08001f50       0x28 CMakeFiles/ETHERCAT_CNNCPM.elf.dir/Drivers/STM32H7xx_HAL_Driver/Src/stm32h7xx_hal.c.obj
                0x08001f50                HAL_Delay
 .text.HAL_NVIC_SetPriorityGrouping
                0x08001f78       0x24 CMakeFiles/ETHERCAT_CNNCPM.elf.dir/Drivers/STM32H7xx_HAL_Driver/Src/stm32h7xx_hal_cortex.c.obj
                0x08001f78                HAL_NVIC_SetPriorityGrouping
 .text.HAL_NVIC_SetPriority
                0x08001f9c       0x6c CMakeFiles/ETHERCAT_CNNCPM.elf.dir/Drivers/STM32H7xx_HAL_Driver/Src/stm32h7xx_hal_cortex.c.obj
                0x08001f9c                HAL_NVIC_SetPriority
 .text.HAL_NVIC_EnableIRQ
                0x08002008       0x1c CMakeFiles/ETHERCAT_CNNCPM.elf.dir/Drivers/STM32H7xx_HAL_Driver/Src/stm32h7xx_hal_cortex.c.obj
                0x08002008                HAL_NVIC_EnableIRQ
 .text.HAL_NVIC_DisableIRQ
                0x08002024       0x24 CMakeFiles/ETHERCAT_CNNCPM.elf.dir/Drivers/STM32H7xx_HAL_Driver/Src/stm32h7xx_hal_cortex.c.obj
                0x08002024                HAL_NVIC_DisableIRQ
 .text.HAL_MPU_Disable
                0x08002048       0x1c CMakeFiles/ETHERCAT_CNNCPM.elf.dir/Drivers/STM32H7xx_HAL_Driver/Src/stm32h7xx_hal_cortex.c.obj
                0x08002048                HAL_MPU_Disable
 .text.HAL_MPU_Enable
                0x08002064       0x20 CMakeFiles/ETHERCAT_CNNCPM.elf.dir/Drivers/STM32H7xx_HAL_Driver/Src/stm32h7xx_hal_cortex.c.obj
                0x08002064                HAL_MPU_Enable
 .text.HAL_MPU_ConfigRegion
                0x08002084       0x60 CMakeFiles/ETHERCAT_CNNCPM.elf.dir/Drivers/STM32H7xx_HAL_Driver/Src/stm32h7xx_hal_cortex.c.obj
                0x08002084                HAL_MPU_ConfigRegion
 .text.HAL_ETH_PMTCallback
                0x080020e4        0x2 CMakeFiles/ETHERCAT_CNNCPM.elf.dir/Drivers/STM32H7xx_HAL_Driver/Src/stm32h7xx_hal_eth.c.obj
                0x080020e4                HAL_ETH_PMTCallback
 .text.HAL_ETH_EEECallback
                0x080020e6        0x2 CMakeFiles/ETHERCAT_CNNCPM.elf.dir/Drivers/STM32H7xx_HAL_Driver/Src/stm32h7xx_hal_eth.c.obj
                0x080020e6                HAL_ETH_EEECallback
 .text.HAL_ETH_WakeUpCallback
                0x080020e8        0x2 CMakeFiles/ETHERCAT_CNNCPM.elf.dir/Drivers/STM32H7xx_HAL_Driver/Src/stm32h7xx_hal_eth.c.obj
                0x080020e8                HAL_ETH_WakeUpCallback
 .text.HAL_ETH_IRQHandler
                0x080020ea      0x18c CMakeFiles/ETHERCAT_CNNCPM.elf.dir/Drivers/STM32H7xx_HAL_Driver/Src/stm32h7xx_hal_eth.c.obj
                0x080020ea                HAL_ETH_IRQHandler
 .text.HAL_ETH_GetDMAError
                0x08002276        0x6 CMakeFiles/ETHERCAT_CNNCPM.elf.dir/Drivers/STM32H7xx_HAL_Driver/Src/stm32h7xx_hal_eth.c.obj
                0x08002276                HAL_ETH_GetDMAError
 .text.HAL_GPIO_Init
                0x0800227c      0x214 CMakeFiles/ETHERCAT_CNNCPM.elf.dir/Drivers/STM32H7xx_HAL_Driver/Src/stm32h7xx_hal_gpio.c.obj
                0x0800227c                HAL_GPIO_Init
 .text.HAL_GPIO_WritePin
                0x08002490        0xc CMakeFiles/ETHERCAT_CNNCPM.elf.dir/Drivers/STM32H7xx_HAL_Driver/Src/stm32h7xx_hal_gpio.c.obj
                0x08002490                HAL_GPIO_WritePin
 .text.HAL_GPIO_TogglePin
                0x0800249c       0x12 CMakeFiles/ETHERCAT_CNNCPM.elf.dir/Drivers/STM32H7xx_HAL_Driver/Src/stm32h7xx_hal_gpio.c.obj
                0x0800249c                HAL_GPIO_TogglePin
 .text.HAL_GPIO_EXTI_Callback
                0x080024ae        0x2 CMakeFiles/ETHERCAT_CNNCPM.elf.dir/Drivers/STM32H7xx_HAL_Driver/Src/stm32h7xx_hal_gpio.c.obj
                0x080024ae                HAL_GPIO_EXTI_Callback
 .text.HAL_GPIO_EXTI_IRQHandler
                0x080024b0       0x1e CMakeFiles/ETHERCAT_CNNCPM.elf.dir/Drivers/STM32H7xx_HAL_Driver/Src/stm32h7xx_hal_gpio.c.obj
                0x080024b0                HAL_GPIO_EXTI_IRQHandler
 *fill*         0x080024ce        0x2 
 .text.OSPI_ConfigCmd
                0x080024d0      0x1c4 CMakeFiles/ETHERCAT_CNNCPM.elf.dir/Drivers/STM32H7xx_HAL_Driver/Src/stm32h7xx_hal_ospi.c.obj
 .text.OSPIM_GetConfig
                0x08002694       0xec CMakeFiles/ETHERCAT_CNNCPM.elf.dir/Drivers/STM32H7xx_HAL_Driver/Src/stm32h7xx_hal_ospi.c.obj
 .text.OSPI_WaitFlagStateUntilTimeout
                0x08002780       0x54 CMakeFiles/ETHERCAT_CNNCPM.elf.dir/Drivers/STM32H7xx_HAL_Driver/Src/stm32h7xx_hal_ospi.c.obj
 .text.HAL_OSPI_Command
                0x080027d4       0xc2 CMakeFiles/ETHERCAT_CNNCPM.elf.dir/Drivers/STM32H7xx_HAL_Driver/Src/stm32h7xx_hal_ospi.c.obj
                0x080027d4                HAL_OSPI_Command
 .text.HAL_OSPI_Transmit
                0x08002896       0x9a CMakeFiles/ETHERCAT_CNNCPM.elf.dir/Drivers/STM32H7xx_HAL_Driver/Src/stm32h7xx_hal_ospi.c.obj
                0x08002896                HAL_OSPI_Transmit
 .text.HAL_OSPI_Receive
                0x08002930       0xc6 CMakeFiles/ETHERCAT_CNNCPM.elf.dir/Drivers/STM32H7xx_HAL_Driver/Src/stm32h7xx_hal_ospi.c.obj
                0x08002930                HAL_OSPI_Receive
 .text.HAL_OSPI_SetTimeout
                0x080029f6        0x6 CMakeFiles/ETHERCAT_CNNCPM.elf.dir/Drivers/STM32H7xx_HAL_Driver/Src/stm32h7xx_hal_ospi.c.obj
                0x080029f6                HAL_OSPI_SetTimeout
 .text.HAL_OSPI_Init
                0x080029fc      0x108 CMakeFiles/ETHERCAT_CNNCPM.elf.dir/Drivers/STM32H7xx_HAL_Driver/Src/stm32h7xx_hal_ospi.c.obj
                0x080029fc                HAL_OSPI_Init
 .text.HAL_OSPIM_Config
                0x08002b04      0x4f0 CMakeFiles/ETHERCAT_CNNCPM.elf.dir/Drivers/STM32H7xx_HAL_Driver/Src/stm32h7xx_hal_ospi.c.obj
                0x08002b04                HAL_OSPIM_Config
 .text.HAL_PWREx_ConfigSupply
                0x08002ff4       0x54 CMakeFiles/ETHERCAT_CNNCPM.elf.dir/Drivers/STM32H7xx_HAL_Driver/Src/stm32h7xx_hal_pwr_ex.c.obj
                0x08002ff4                HAL_PWREx_ConfigSupply
 .text.HAL_RCC_OscConfig
                0x08003048      0x5ec CMakeFiles/ETHERCAT_CNNCPM.elf.dir/Drivers/STM32H7xx_HAL_Driver/Src/stm32h7xx_hal_rcc.c.obj
                0x08003048                HAL_RCC_OscConfig
 .text.HAL_RCC_GetSysClockFreq
                0x08003634      0x1f4 CMakeFiles/ETHERCAT_CNNCPM.elf.dir/Drivers/STM32H7xx_HAL_Driver/Src/stm32h7xx_hal_rcc.c.obj
                0x08003634                HAL_RCC_GetSysClockFreq
 .text.HAL_RCC_ClockConfig
                0x08003828      0x294 CMakeFiles/ETHERCAT_CNNCPM.elf.dir/Drivers/STM32H7xx_HAL_Driver/Src/stm32h7xx_hal_rcc.c.obj
                0x08003828                HAL_RCC_ClockConfig
 .text.HAL_RCC_GetHCLKFreq
                0x08003abc       0x44 CMakeFiles/ETHERCAT_CNNCPM.elf.dir/Drivers/STM32H7xx_HAL_Driver/Src/stm32h7xx_hal_rcc.c.obj
                0x08003abc                HAL_RCC_GetHCLKFreq
 .text.HAL_RCC_GetPCLK1Freq
                0x08003b00       0x24 CMakeFiles/ETHERCAT_CNNCPM.elf.dir/Drivers/STM32H7xx_HAL_Driver/Src/stm32h7xx_hal_rcc.c.obj
                0x08003b00                HAL_RCC_GetPCLK1Freq
 .text.HAL_RCC_GetPCLK2Freq
                0x08003b24       0x24 CMakeFiles/ETHERCAT_CNNCPM.elf.dir/Drivers/STM32H7xx_HAL_Driver/Src/stm32h7xx_hal_rcc.c.obj
                0x08003b24                HAL_RCC_GetPCLK2Freq
 .text.HAL_RCC_GetClockConfig
                0x08003b48       0x54 CMakeFiles/ETHERCAT_CNNCPM.elf.dir/Drivers/STM32H7xx_HAL_Driver/Src/stm32h7xx_hal_rcc.c.obj
                0x08003b48                HAL_RCC_GetClockConfig
 .text.RCCEx_PLL2_Config
                0x08003b9c      0x10c CMakeFiles/ETHERCAT_CNNCPM.elf.dir/Drivers/STM32H7xx_HAL_Driver/Src/stm32h7xx_hal_rcc_ex.c.obj
 .text.RCCEx_PLL3_Config
                0x08003ca8      0x10c CMakeFiles/ETHERCAT_CNNCPM.elf.dir/Drivers/STM32H7xx_HAL_Driver/Src/stm32h7xx_hal_rcc_ex.c.obj
 .text.HAL_RCCEx_PeriphCLKConfig
                0x08003db4      0xa0c CMakeFiles/ETHERCAT_CNNCPM.elf.dir/Drivers/STM32H7xx_HAL_Driver/Src/stm32h7xx_hal_rcc_ex.c.obj
                0x08003db4                HAL_RCCEx_PeriphCLKConfig
 .text.HAL_RCCEx_GetD3PCLK1Freq
                0x080047c0       0x24 CMakeFiles/ETHERCAT_CNNCPM.elf.dir/Drivers/STM32H7xx_HAL_Driver/Src/stm32h7xx_hal_rcc_ex.c.obj
                0x080047c0                HAL_RCCEx_GetD3PCLK1Freq
 .text.HAL_RCCEx_GetPLL2ClockFreq
                0x080047e4      0x1f8 CMakeFiles/ETHERCAT_CNNCPM.elf.dir/Drivers/STM32H7xx_HAL_Driver/Src/stm32h7xx_hal_rcc_ex.c.obj
                0x080047e4                HAL_RCCEx_GetPLL2ClockFreq
 .text.HAL_RCCEx_GetPLL3ClockFreq
                0x080049dc      0x1f8 CMakeFiles/ETHERCAT_CNNCPM.elf.dir/Drivers/STM32H7xx_HAL_Driver/Src/stm32h7xx_hal_rcc_ex.c.obj
                0x080049dc                HAL_RCCEx_GetPLL3ClockFreq
 .text.TIM_TI1_ConfigInputStage
                0x08004bd4       0x26 CMakeFiles/ETHERCAT_CNNCPM.elf.dir/Drivers/STM32H7xx_HAL_Driver/Src/stm32h7xx_hal_tim.c.obj
 .text.TIM_TI2_ConfigInputStage
                0x08004bfa       0x28 CMakeFiles/ETHERCAT_CNNCPM.elf.dir/Drivers/STM32H7xx_HAL_Driver/Src/stm32h7xx_hal_tim.c.obj
 *fill*         0x08004c22        0x2 
 .text.TIM_ITRx_SetConfig
                0x08004c24       0x14 CMakeFiles/ETHERCAT_CNNCPM.elf.dir/Drivers/STM32H7xx_HAL_Driver/Src/stm32h7xx_hal_tim.c.obj
 .text.HAL_TIM_Base_Start_IT
                0x08004c38       0xa0 CMakeFiles/ETHERCAT_CNNCPM.elf.dir/Drivers/STM32H7xx_HAL_Driver/Src/stm32h7xx_hal_tim.c.obj
                0x08004c38                HAL_TIM_Base_Start_IT
 .text.HAL_TIM_OC_DelayElapsedCallback
                0x08004cd8        0x2 CMakeFiles/ETHERCAT_CNNCPM.elf.dir/Drivers/STM32H7xx_HAL_Driver/Src/stm32h7xx_hal_tim.c.obj
                0x08004cd8                HAL_TIM_OC_DelayElapsedCallback
 .text.HAL_TIM_IC_CaptureCallback
                0x08004cda        0x2 CMakeFiles/ETHERCAT_CNNCPM.elf.dir/Drivers/STM32H7xx_HAL_Driver/Src/stm32h7xx_hal_tim.c.obj
                0x08004cda                HAL_TIM_IC_CaptureCallback
 .text.HAL_TIM_PWM_PulseFinishedCallback
                0x08004cdc        0x2 CMakeFiles/ETHERCAT_CNNCPM.elf.dir/Drivers/STM32H7xx_HAL_Driver/Src/stm32h7xx_hal_tim.c.obj
                0x08004cdc                HAL_TIM_PWM_PulseFinishedCallback
 .text.HAL_TIM_TriggerCallback
                0x08004cde        0x2 CMakeFiles/ETHERCAT_CNNCPM.elf.dir/Drivers/STM32H7xx_HAL_Driver/Src/stm32h7xx_hal_tim.c.obj
                0x08004cde                HAL_TIM_TriggerCallback
 .text.HAL_TIM_IRQHandler
                0x08004ce0      0x19a CMakeFiles/ETHERCAT_CNNCPM.elf.dir/Drivers/STM32H7xx_HAL_Driver/Src/stm32h7xx_hal_tim.c.obj
                0x08004ce0                HAL_TIM_IRQHandler
 *fill*         0x08004e7a        0x2 
 .text.TIM_Base_SetConfig
                0x08004e7c      0x120 CMakeFiles/ETHERCAT_CNNCPM.elf.dir/Drivers/STM32H7xx_HAL_Driver/Src/stm32h7xx_hal_tim.c.obj
                0x08004e7c                TIM_Base_SetConfig
 .text.HAL_TIM_Base_Init
                0x08004f9c       0x60 CMakeFiles/ETHERCAT_CNNCPM.elf.dir/Drivers/STM32H7xx_HAL_Driver/Src/stm32h7xx_hal_tim.c.obj
                0x08004f9c                HAL_TIM_Base_Init
 .text.TIM_ETR_SetConfig
                0x08004ffc       0x1a CMakeFiles/ETHERCAT_CNNCPM.elf.dir/Drivers/STM32H7xx_HAL_Driver/Src/stm32h7xx_hal_tim.c.obj
                0x08004ffc                TIM_ETR_SetConfig
 *fill*         0x08005016        0x2 
 .text.HAL_TIM_ConfigClockSource
                0x08005018      0x138 CMakeFiles/ETHERCAT_CNNCPM.elf.dir/Drivers/STM32H7xx_HAL_Driver/Src/stm32h7xx_hal_tim.c.obj
                0x08005018                HAL_TIM_ConfigClockSource
 .text.HAL_TIMEx_MasterConfigSynchronization
                0x08005150       0xb0 CMakeFiles/ETHERCAT_CNNCPM.elf.dir/Drivers/STM32H7xx_HAL_Driver/Src/stm32h7xx_hal_tim_ex.c.obj
                0x08005150                HAL_TIMEx_MasterConfigSynchronization
 .text.HAL_TIMEx_CommutCallback
                0x08005200        0x2 CMakeFiles/ETHERCAT_CNNCPM.elf.dir/Drivers/STM32H7xx_HAL_Driver/Src/stm32h7xx_hal_tim_ex.c.obj
                0x08005200                HAL_TIMEx_CommutCallback
 .text.HAL_TIMEx_BreakCallback
                0x08005202        0x2 CMakeFiles/ETHERCAT_CNNCPM.elf.dir/Drivers/STM32H7xx_HAL_Driver/Src/stm32h7xx_hal_tim_ex.c.obj
                0x08005202                HAL_TIMEx_BreakCallback
 .text.HAL_TIMEx_Break2Callback
                0x08005204        0x2 CMakeFiles/ETHERCAT_CNNCPM.elf.dir/Drivers/STM32H7xx_HAL_Driver/Src/stm32h7xx_hal_tim_ex.c.obj
                0x08005204                HAL_TIMEx_Break2Callback
 *fill*         0x08005206        0x2 
 .text.UART_EndRxTransfer
                0x08005208       0x58 CMakeFiles/ETHERCAT_CNNCPM.elf.dir/Drivers/STM32H7xx_HAL_Driver/Src/stm32h7xx_hal_uart.c.obj
 .text.UART_SetConfig
                0x08005260      0x6bc CMakeFiles/ETHERCAT_CNNCPM.elf.dir/Drivers/STM32H7xx_HAL_Driver/Src/stm32h7xx_hal_uart.c.obj
                0x08005260                UART_SetConfig
 .text.UART_AdvFeatureConfig
                0x0800591c       0xca CMakeFiles/ETHERCAT_CNNCPM.elf.dir/Drivers/STM32H7xx_HAL_Driver/Src/stm32h7xx_hal_uart.c.obj
                0x0800591c                UART_AdvFeatureConfig
 .text.UART_WaitOnFlagUntilTimeout
                0x080059e6       0x9a CMakeFiles/ETHERCAT_CNNCPM.elf.dir/Drivers/STM32H7xx_HAL_Driver/Src/stm32h7xx_hal_uart.c.obj
                0x080059e6                UART_WaitOnFlagUntilTimeout
 .text.HAL_UART_Transmit
                0x08005a80       0xd0 CMakeFiles/ETHERCAT_CNNCPM.elf.dir/Drivers/STM32H7xx_HAL_Driver/Src/stm32h7xx_hal_uart.c.obj
                0x08005a80                HAL_UART_Transmit
 .text.HAL_UART_Receive
                0x08005b50      0x116 CMakeFiles/ETHERCAT_CNNCPM.elf.dir/Drivers/STM32H7xx_HAL_Driver/Src/stm32h7xx_hal_uart.c.obj
                0x08005b50                HAL_UART_Receive
 .text.UART_CheckIdleState
                0x08005c66       0xca CMakeFiles/ETHERCAT_CNNCPM.elf.dir/Drivers/STM32H7xx_HAL_Driver/Src/stm32h7xx_hal_uart.c.obj
                0x08005c66                UART_CheckIdleState
 .text.HAL_UART_Init
                0x08005d30       0x66 CMakeFiles/ETHERCAT_CNNCPM.elf.dir/Drivers/STM32H7xx_HAL_Driver/Src/stm32h7xx_hal_uart.c.obj
                0x08005d30                HAL_UART_Init
 *fill*         0x08005d96        0x2 
 .text.UARTEx_SetNbDataToProcess
                0x08005d98       0x4c CMakeFiles/ETHERCAT_CNNCPM.elf.dir/Drivers/STM32H7xx_HAL_Driver/Src/stm32h7xx_hal_uart_ex.c.obj
 .text.HAL_UARTEx_DisableFifoMode
                0x08005de4       0x3e CMakeFiles/ETHERCAT_CNNCPM.elf.dir/Drivers/STM32H7xx_HAL_Driver/Src/stm32h7xx_hal_uart_ex.c.obj
                0x08005de4                HAL_UARTEx_DisableFifoMode
 .text.HAL_UARTEx_SetTxFifoThreshold
                0x08005e22       0x4a CMakeFiles/ETHERCAT_CNNCPM.elf.dir/Drivers/STM32H7xx_HAL_Driver/Src/stm32h7xx_hal_uart_ex.c.obj
                0x08005e22                HAL_UARTEx_SetTxFifoThreshold
 .text.HAL_UARTEx_SetRxFifoThreshold
                0x08005e6c       0x4a CMakeFiles/ETHERCAT_CNNCPM.elf.dir/Drivers/STM32H7xx_HAL_Driver/Src/stm32h7xx_hal_uart_ex.c.obj
                0x08005e6c                HAL_UARTEx_SetRxFifoThreshold
 *fill*         0x08005eb6        0x2 
 .text.SPIReadDWord
                0x08005eb8       0x30 CMakeFiles/ETHERCAT_CNNCPM.elf.dir/Ethercatslave/SPIDriver.c.obj
                0x08005eb8                SPIReadDWord
 .text.SPIWriteDWord
                0x08005ee8       0x30 CMakeFiles/ETHERCAT_CNNCPM.elf.dir/Ethercatslave/SPIDriver.c.obj
                0x08005ee8                SPIWriteDWord
 .text.SPIReadRegUsingCSR
                0x08005f18       0x60 CMakeFiles/ETHERCAT_CNNCPM.elf.dir/Ethercatslave/SPIDriver.c.obj
                0x08005f18                SPIReadRegUsingCSR
 .text.SPIWriteRegUsingCSR
                0x08005f78       0x60 CMakeFiles/ETHERCAT_CNNCPM.elf.dir/Ethercatslave/SPIDriver.c.obj
                0x08005f78                SPIWriteRegUsingCSR
 .text.qspi_readBurstMode
                0x08005fd8       0x68 CMakeFiles/ETHERCAT_CNNCPM.elf.dir/Ethercatslave/SPIDriver.c.obj
                0x08005fd8                qspi_readBurstMode
 .text.SPIReadPDRamRegister
                0x08006040       0xc8 CMakeFiles/ETHERCAT_CNNCPM.elf.dir/Ethercatslave/SPIDriver.c.obj
                0x08006040                SPIReadPDRamRegister
 .text.SPIReadDRegister
                0x08006108       0x16 CMakeFiles/ETHERCAT_CNNCPM.elf.dir/Ethercatslave/SPIDriver.c.obj
                0x08006108                SPIReadDRegister
 *fill*         0x0800611e        0x2 
 .text.qspi_writeBurstMode
                0x08006120       0x60 CMakeFiles/ETHERCAT_CNNCPM.elf.dir/Ethercatslave/SPIDriver.c.obj
                0x08006120                qspi_writeBurstMode
 .text.SPIWritePDRamRegister
                0x08006180       0xd0 CMakeFiles/ETHERCAT_CNNCPM.elf.dir/Ethercatslave/SPIDriver.c.obj
                0x08006180                SPIWritePDRamRegister
 .text.SPIWriteRegister
                0x08006250       0x16 CMakeFiles/ETHERCAT_CNNCPM.elf.dir/Ethercatslave/SPIDriver.c.obj
                0x08006250                SPIWriteRegister
 *fill*         0x08006266        0x2 
 .text.COE_GetObjectDictionary
                0x08006268        0xc CMakeFiles/ETHERCAT_CNNCPM.elf.dir/Ethercatslave/coeappl.c.obj
                0x08006268                COE_GetObjectDictionary
 .text.COE_AddObjectToDic
                0x08006274       0x74 CMakeFiles/ETHERCAT_CNNCPM.elf.dir/Ethercatslave/coeappl.c.obj
                0x08006274                COE_AddObjectToDic
 .text.COE_RemoveDicEntry
                0x080062e8       0x3c CMakeFiles/ETHERCAT_CNNCPM.elf.dir/Ethercatslave/coeappl.c.obj
                0x080062e8                COE_RemoveDicEntry
 .text.COE_ClearObjDictionary
                0x08006324       0x20 CMakeFiles/ETHERCAT_CNNCPM.elf.dir/Ethercatslave/coeappl.c.obj
                0x08006324                COE_ClearObjDictionary
 .text.AddObjectsToObjDictionary
                0x08006344       0x24 CMakeFiles/ETHERCAT_CNNCPM.elf.dir/Ethercatslave/coeappl.c.obj
                0x08006344                AddObjectsToObjDictionary
 .text.COE_ObjDictionaryInit
                0x08006368       0x28 CMakeFiles/ETHERCAT_CNNCPM.elf.dir/Ethercatslave/coeappl.c.obj
                0x08006368                COE_ObjDictionaryInit
 .text.COE_ObjInit
                0x08006390       0xa8 CMakeFiles/ETHERCAT_CNNCPM.elf.dir/Ethercatslave/coeappl.c.obj
                0x08006390                COE_ObjInit
 .text.COE_Main
                0x08006438       0xb0 CMakeFiles/ETHERCAT_CNNCPM.elf.dir/Ethercatslave/coeappl.c.obj
                0x08006438                COE_Main
 .text.PDO_InputMapping
                0x080064e8       0x28 CMakeFiles/ETHERCAT_CNNCPM.elf.dir/Ethercatslave/ecatappl.c.obj
                0x080064e8                PDO_InputMapping
 .text.PDO_OutputMapping
                0x08006510       0x28 CMakeFiles/ETHERCAT_CNNCPM.elf.dir/Ethercatslave/ecatappl.c.obj
                0x08006510                PDO_OutputMapping
 .text.HandleBusCycleCalculation
                0x08006538       0x9c CMakeFiles/ETHERCAT_CNNCPM.elf.dir/Ethercatslave/ecatappl.c.obj
                0x08006538                HandleBusCycleCalculation
 .text.Sync1_Isr
                0x080065d4       0x40 CMakeFiles/ETHERCAT_CNNCPM.elf.dir/Ethercatslave/ecatappl.c.obj
                0x080065d4                Sync1_Isr
 .text.ECAT_SetLedIndication
                0x08006614      0x1f0 CMakeFiles/ETHERCAT_CNNCPM.elf.dir/Ethercatslave/ecatappl.c.obj
                0x08006614                ECAT_SetLedIndication
 .text.ECAT_CheckTimer
                0x08006804       0x40 CMakeFiles/ETHERCAT_CNNCPM.elf.dir/Ethercatslave/ecatappl.c.obj
                0x08006804                ECAT_CheckTimer
 .text.MainInit
                0x08006844       0x30 CMakeFiles/ETHERCAT_CNNCPM.elf.dir/Ethercatslave/ecatappl.c.obj
                0x08006844                MainInit
 .text.ECAT_Application
                0x08006874        0x8 CMakeFiles/ETHERCAT_CNNCPM.elf.dir/Ethercatslave/ecatappl.c.obj
                0x08006874                ECAT_Application
 .text.PDI_Isr  0x0800687c       0xf4 CMakeFiles/ETHERCAT_CNNCPM.elf.dir/Ethercatslave/ecatappl.c.obj
                0x0800687c                PDI_Isr
 .text.Sync0_Isr
                0x08006970      0x108 CMakeFiles/ETHERCAT_CNNCPM.elf.dir/Ethercatslave/ecatappl.c.obj
                0x08006970                Sync0_Isr
 .text.MainLoop
                0x08006a78       0xb0 CMakeFiles/ETHERCAT_CNNCPM.elf.dir/Ethercatslave/ecatappl.c.obj
                0x08006a78                MainLoop
 .text.COE_Init
                0x08006b28       0x14 CMakeFiles/ETHERCAT_CNNCPM.elf.dir/Ethercatslave/ecatcoe.c.obj
                0x08006b28                COE_Init
 .text.COE_ServiceInd
                0x08006b3c       0x2c CMakeFiles/ETHERCAT_CNNCPM.elf.dir/Ethercatslave/ecatcoe.c.obj
                0x08006b3c                COE_ServiceInd
 .text.COE_ContinueInd
                0x08006b68       0x50 CMakeFiles/ETHERCAT_CNNCPM.elf.dir/Ethercatslave/ecatcoe.c.obj
                0x08006b68                COE_ContinueInd
 .text.ResetALEventMask
                0x08006bb8       0x3c CMakeFiles/ETHERCAT_CNNCPM.elf.dir/Ethercatslave/ecatslv.c.obj
                0x08006bb8                ResetALEventMask
 .text.SetALEventMask
                0x08006bf4       0x3c CMakeFiles/ETHERCAT_CNNCPM.elf.dir/Ethercatslave/ecatslv.c.obj
                0x08006bf4                SetALEventMask
 .text.UpdateEEPROMLoadedState
                0x08006c30       0x40 CMakeFiles/ETHERCAT_CNNCPM.elf.dir/Ethercatslave/ecatslv.c.obj
                0x08006c30                UpdateEEPROMLoadedState
 .text.GetSyncMan
                0x08006c70       0x1c CMakeFiles/ETHERCAT_CNNCPM.elf.dir/Ethercatslave/ecatslv.c.obj
                0x08006c70                GetSyncMan
 .text.DisableSyncManChannel
                0x08006c8c       0x38 CMakeFiles/ETHERCAT_CNNCPM.elf.dir/Ethercatslave/ecatslv.c.obj
                0x08006c8c                DisableSyncManChannel
 .text.EnableSyncManChannel
                0x08006cc4       0x36 CMakeFiles/ETHERCAT_CNNCPM.elf.dir/Ethercatslave/ecatslv.c.obj
                0x08006cc4                EnableSyncManChannel
 *fill*         0x08006cfa        0x2 
 .text.CheckSmSettings
                0x08006cfc      0x2e8 CMakeFiles/ETHERCAT_CNNCPM.elf.dir/Ethercatslave/ecatslv.c.obj
                0x08006cfc                CheckSmSettings
 .text.StartInputHandler
                0x08006fe4      0x590 CMakeFiles/ETHERCAT_CNNCPM.elf.dir/Ethercatslave/ecatslv.c.obj
                0x08006fe4                StartInputHandler
 .text.StartOutputHandler
                0x08007574       0x3c CMakeFiles/ETHERCAT_CNNCPM.elf.dir/Ethercatslave/ecatslv.c.obj
                0x08007574                StartOutputHandler
 .text.StopOutputHandler
                0x080075b0       0x14 CMakeFiles/ETHERCAT_CNNCPM.elf.dir/Ethercatslave/ecatslv.c.obj
                0x080075b0                StopOutputHandler
 .text.StopInputHandler
                0x080075c4       0xc8 CMakeFiles/ETHERCAT_CNNCPM.elf.dir/Ethercatslave/ecatslv.c.obj
                0x080075c4                StopInputHandler
 .text.BackToInitTransition
                0x0800768c        0xc CMakeFiles/ETHERCAT_CNNCPM.elf.dir/Ethercatslave/ecatslv.c.obj
                0x0800768c                BackToInitTransition
 .text.SetALStatus
                0x08007698       0x88 CMakeFiles/ETHERCAT_CNNCPM.elf.dir/Ethercatslave/ecatslv.c.obj
                0x08007698                SetALStatus
 .text.AL_ControlInd
                0x08007720      0x56c CMakeFiles/ETHERCAT_CNNCPM.elf.dir/Ethercatslave/ecatslv.c.obj
                0x08007720                AL_ControlInd
 .text.AL_ControlRes
                0x08007c8c      0x224 CMakeFiles/ETHERCAT_CNNCPM.elf.dir/Ethercatslave/ecatslv.c.obj
                0x08007c8c                AL_ControlRes
 .text.DC_CheckWatchdog
                0x08007eb0       0xe0 CMakeFiles/ETHERCAT_CNNCPM.elf.dir/Ethercatslave/ecatslv.c.obj
                0x08007eb0                DC_CheckWatchdog
 .text.CheckIfEcatError
                0x08007f90       0x98 CMakeFiles/ETHERCAT_CNNCPM.elf.dir/Ethercatslave/ecatslv.c.obj
                0x08007f90                CheckIfEcatError
 .text.ECAT_Init
                0x08008028      0x11c CMakeFiles/ETHERCAT_CNNCPM.elf.dir/Ethercatslave/ecatslv.c.obj
                0x08008028                ECAT_Init
 .text.ECAT_Main
                0x08008144      0x150 CMakeFiles/ETHERCAT_CNNCPM.elf.dir/Ethercatslave/ecatslv.c.obj
                0x08008144                ECAT_Main
 .text.APPL_AckErrorInd
                0x08008294        0x2 CMakeFiles/ETHERCAT_CNNCPM.elf.dir/Ethercatslave/el9800appl.c.obj
                0x08008294                APPL_AckErrorInd
 .text.APPL_StartMailboxHandler
                0x08008296        0x4 CMakeFiles/ETHERCAT_CNNCPM.elf.dir/Ethercatslave/el9800appl.c.obj
                0x08008296                APPL_StartMailboxHandler
 .text.APPL_StopMailboxHandler
                0x0800829a        0x4 CMakeFiles/ETHERCAT_CNNCPM.elf.dir/Ethercatslave/el9800appl.c.obj
                0x0800829a                APPL_StopMailboxHandler
 .text.APPL_StartInputHandler
                0x0800829e        0x4 CMakeFiles/ETHERCAT_CNNCPM.elf.dir/Ethercatslave/el9800appl.c.obj
                0x0800829e                APPL_StartInputHandler
 .text.APPL_StopInputHandler
                0x080082a2        0x4 CMakeFiles/ETHERCAT_CNNCPM.elf.dir/Ethercatslave/el9800appl.c.obj
                0x080082a2                APPL_StopInputHandler
 .text.APPL_StartOutputHandler
                0x080082a6        0x4 CMakeFiles/ETHERCAT_CNNCPM.elf.dir/Ethercatslave/el9800appl.c.obj
                0x080082a6                APPL_StartOutputHandler
 *fill*         0x080082aa        0x2 
 .text.APPL_StopOutputHandler
                0x080082ac       0xc8 CMakeFiles/ETHERCAT_CNNCPM.elf.dir/Ethercatslave/el9800appl.c.obj
                0x080082ac                APPL_StopOutputHandler
 .text.APPL_GenerateMapping
                0x08008374       0xec CMakeFiles/ETHERCAT_CNNCPM.elf.dir/Ethercatslave/el9800appl.c.obj
                0x08008374                APPL_GenerateMapping
 .text.APPL_InputMapping
                0x08008460       0x50 CMakeFiles/ETHERCAT_CNNCPM.elf.dir/Ethercatslave/el9800appl.c.obj
                0x08008460                APPL_InputMapping
 .text.APPL_OutputMapping
                0x080084b0       0x34 CMakeFiles/ETHERCAT_CNNCPM.elf.dir/Ethercatslave/el9800appl.c.obj
                0x080084b0                APPL_OutputMapping
 .text.ReadObject0x1802
                0x080084e4       0x68 CMakeFiles/ETHERCAT_CNNCPM.elf.dir/Ethercatslave/el9800appl.c.obj
                0x080084e4                ReadObject0x1802
 .text.GPIO_ChangeAuto
                0x0800854c        0xc CMakeFiles/ETHERCAT_CNNCPM.elf.dir/Ethercatslave/el9800appl.c.obj
                0x0800854c                GPIO_ChangeAuto
 .text.APPL_Application
                0x08008558       0xf8 CMakeFiles/ETHERCAT_CNNCPM.elf.dir/Ethercatslave/el9800appl.c.obj
                0x08008558                APPL_Application
 .text.HW_SetLed
                0x08008650        0x2 CMakeFiles/ETHERCAT_CNNCPM.elf.dir/Ethercatslave/el9800hw.c.obj
                0x08008650                HW_SetLed
 .text.HW_EscRead
                0x08008652       0x64 CMakeFiles/ETHERCAT_CNNCPM.elf.dir/Ethercatslave/el9800hw.c.obj
                0x08008652                HW_EscRead
 .text.HW_EscReadIsr
                0x080086b6       0x58 CMakeFiles/ETHERCAT_CNNCPM.elf.dir/Ethercatslave/el9800hw.c.obj
                0x080086b6                HW_EscReadIsr
 *fill*         0x0800870e        0x2 
 .text.GetInterruptRegister
                0x08008710       0x20 CMakeFiles/ETHERCAT_CNNCPM.elf.dir/Ethercatslave/el9800hw.c.obj
 .text.HW_GetALEventRegister
                0x08008730       0x10 CMakeFiles/ETHERCAT_CNNCPM.elf.dir/Ethercatslave/el9800hw.c.obj
                0x08008730                HW_GetALEventRegister
 .text.ISR_GetInterruptRegister
                0x08008740       0x14 CMakeFiles/ETHERCAT_CNNCPM.elf.dir/Ethercatslave/el9800hw.c.obj
 .text.HW_GetALEventRegister_Isr
                0x08008754       0x10 CMakeFiles/ETHERCAT_CNNCPM.elf.dir/Ethercatslave/el9800hw.c.obj
                0x08008754                HW_GetALEventRegister_Isr
 .text.HW_EscWrite
                0x08008764       0x64 CMakeFiles/ETHERCAT_CNNCPM.elf.dir/Ethercatslave/el9800hw.c.obj
                0x08008764                HW_EscWrite
 .text.HW_Init  0x080087c8       0xa0 CMakeFiles/ETHERCAT_CNNCPM.elf.dir/Ethercatslave/el9800hw.c.obj
                0x080087c8                HW_Init
 .text.HW_EscWriteIsr
                0x08008868       0x58 CMakeFiles/ETHERCAT_CNNCPM.elf.dir/Ethercatslave/el9800hw.c.obj
                0x08008868                HW_EscWriteIsr
 .text.EXTI3_IRQHandler
                0x080088c0       0x28 CMakeFiles/ETHERCAT_CNNCPM.elf.dir/Ethercatslave/el9800hw.c.obj
                0x080088c0                EXTI3_IRQHandler
 .text.EXTI15_10_IRQHandler
                0x080088e8       0x28 CMakeFiles/ETHERCAT_CNNCPM.elf.dir/Ethercatslave/el9800hw.c.obj
                0x080088e8                EXTI15_10_IRQHandler
 .text.EXTI2_IRQHandler
                0x08008910       0x18 CMakeFiles/ETHERCAT_CNNCPM.elf.dir/Ethercatslave/el9800hw.c.obj
                0x08008910                EXTI2_IRQHandler
 .text.TIM2_IRQHandler
                0x08008928       0x48 CMakeFiles/ETHERCAT_CNNCPM.elf.dir/Ethercatslave/el9800hw.c.obj
                0x08008928                TIM2_IRQHandler
 .text.PutInMbxQueue
                0x08008970       0x2a CMakeFiles/ETHERCAT_CNNCPM.elf.dir/Ethercatslave/mailbox.c.obj
                0x08008970                PutInMbxQueue
 .text.GetOutOfMbxQueue
                0x0800899a       0x28 CMakeFiles/ETHERCAT_CNNCPM.elf.dir/Ethercatslave/mailbox.c.obj
                0x0800899a                GetOutOfMbxQueue
 *fill*         0x080089c2        0x2 
 .text.MBX_Init
                0x080089c4       0xd4 CMakeFiles/ETHERCAT_CNNCPM.elf.dir/Ethercatslave/mailbox.c.obj
                0x080089c4                MBX_Init
 .text.MBX_StartMailboxHandler
                0x08008a98       0x98 CMakeFiles/ETHERCAT_CNNCPM.elf.dir/Ethercatslave/mailbox.c.obj
                0x08008a98                MBX_StartMailboxHandler
 .text.MBX_StopMailboxHandler
                0x08008b30       0xf4 CMakeFiles/ETHERCAT_CNNCPM.elf.dir/Ethercatslave/mailbox.c.obj
                0x08008b30                MBX_StopMailboxHandler
 .text.MailboxServiceInd
                0x08008c24       0x16 CMakeFiles/ETHERCAT_CNNCPM.elf.dir/Ethercatslave/mailbox.c.obj
                0x08008c24                MailboxServiceInd
 *fill*         0x08008c3a        0x2 
 .text.MBX_CopyToSendMailbox
                0x08008c3c       0xe8 CMakeFiles/ETHERCAT_CNNCPM.elf.dir/Ethercatslave/mailbox.c.obj
                0x08008c3c                MBX_CopyToSendMailbox
 .text.MBX_MailboxReadInd
                0x08008d24       0x94 CMakeFiles/ETHERCAT_CNNCPM.elf.dir/Ethercatslave/mailbox.c.obj
                0x08008d24                MBX_MailboxReadInd
 .text.MBX_MailboxRepeatReq
                0x08008db8       0x60 CMakeFiles/ETHERCAT_CNNCPM.elf.dir/Ethercatslave/mailbox.c.obj
                0x08008db8                MBX_MailboxRepeatReq
 .text.MBX_MailboxSendReq
                0x08008e18       0x88 CMakeFiles/ETHERCAT_CNNCPM.elf.dir/Ethercatslave/mailbox.c.obj
                0x08008e18                MBX_MailboxSendReq
 .text.MBX_MailboxWriteInd
                0x08008ea0       0x70 CMakeFiles/ETHERCAT_CNNCPM.elf.dir/Ethercatslave/mailbox.c.obj
                0x08008ea0                MBX_MailboxWriteInd
 .text.MBX_CheckAndCopyMailbox
                0x08008f10      0x108 CMakeFiles/ETHERCAT_CNNCPM.elf.dir/Ethercatslave/mailbox.c.obj
                0x08008f10                MBX_CheckAndCopyMailbox
 .text.MBX_Main
                0x08009018       0x4c CMakeFiles/ETHERCAT_CNNCPM.elf.dir/Ethercatslave/mailbox.c.obj
                0x08009018                MBX_Main
 .text.OBJ_GetObjectHandle
                0x08009064       0x16 CMakeFiles/ETHERCAT_CNNCPM.elf.dir/Ethercatslave/objdef.c.obj
                0x08009064                OBJ_GetObjectHandle
 .text.OBJ_GetObjectLength
                0x0800907a       0x8e CMakeFiles/ETHERCAT_CNNCPM.elf.dir/Ethercatslave/objdef.c.obj
                0x0800907a                OBJ_GetObjectLength
 .text.OBJ_CopyNumberToString
                0x08009108       0x48 CMakeFiles/ETHERCAT_CNNCPM.elf.dir/Ethercatslave/objdef.c.obj
                0x08009108                OBJ_CopyNumberToString
 .text.OBJ_GetDesc
                0x08009150       0xc4 CMakeFiles/ETHERCAT_CNNCPM.elf.dir/Ethercatslave/objdef.c.obj
                0x08009150                OBJ_GetDesc
 .text.OBJ_GetEntryDesc
                0x08009214       0x22 CMakeFiles/ETHERCAT_CNNCPM.elf.dir/Ethercatslave/objdef.c.obj
                0x08009214                OBJ_GetEntryDesc
 .text.OBJ_GetNoOfObjects
                0x08009236       0x6a CMakeFiles/ETHERCAT_CNNCPM.elf.dir/Ethercatslave/objdef.c.obj
                0x08009236                OBJ_GetNoOfObjects
 .text.OBJ_GetObjectList
                0x080092a0       0xcc CMakeFiles/ETHERCAT_CNNCPM.elf.dir/Ethercatslave/objdef.c.obj
                0x080092a0                OBJ_GetObjectList
 .text.OBJ_GetObjDesc
                0x0800936c        0x4 CMakeFiles/ETHERCAT_CNNCPM.elf.dir/Ethercatslave/objdef.c.obj
                0x0800936c                OBJ_GetObjDesc
 .text.OBJ_GetEntryOffset
                0x08009370      0x180 CMakeFiles/ETHERCAT_CNNCPM.elf.dir/Ethercatslave/objdef.c.obj
                0x08009370                OBJ_GetEntryOffset
 .text.CheckSyncTypeValue
                0x080094f0      0x12c CMakeFiles/ETHERCAT_CNNCPM.elf.dir/Ethercatslave/objdef.c.obj
                0x080094f0                CheckSyncTypeValue
 .text.OBJ_Read
                0x0800961c      0x464 CMakeFiles/ETHERCAT_CNNCPM.elf.dir/Ethercatslave/objdef.c.obj
                0x0800961c                OBJ_Read
 .text.OBJ_Write
                0x08009a80      0x4dc CMakeFiles/ETHERCAT_CNNCPM.elf.dir/Ethercatslave/objdef.c.obj
                0x08009a80                OBJ_Write
 .text.SdoUploadSegmentInd
                0x08009f5c      0x13c CMakeFiles/ETHERCAT_CNNCPM.elf.dir/Ethercatslave/sdoserv.c.obj
 .text.SdoDownloadSegmentInd
                0x0800a098      0x260 CMakeFiles/ETHERCAT_CNNCPM.elf.dir/Ethercatslave/sdoserv.c.obj
 .text.SdoRes   0x0800a2f8       0xd8 CMakeFiles/ETHERCAT_CNNCPM.elf.dir/Ethercatslave/sdoserv.c.obj
                0x0800a2f8                SdoRes
 .text.SDOS_SdoInd
                0x0800a3d0      0x458 CMakeFiles/ETHERCAT_CNNCPM.elf.dir/Ethercatslave/sdoserv.c.obj
                0x0800a3d0                SDOS_SdoInd
 .text.SDOS_SdoRes
                0x0800a828       0xd4 CMakeFiles/ETHERCAT_CNNCPM.elf.dir/Ethercatslave/sdoserv.c.obj
                0x0800a828                SDOS_SdoRes
 .text.SDOS_SdoInfoInd
                0x0800a8fc      0x2d8 CMakeFiles/ETHERCAT_CNNCPM.elf.dir/Ethercatslave/sdoserv.c.obj
                0x0800a8fc                SDOS_SdoInfoInd
 .text.HAL_ETH_RxCpltCallback
                0x0800abd4       0x10 CMakeFiles/ETHERCAT_CNNCPM.elf.dir/LWIP/Target/ethernetif.c.obj
                0x0800abd4                HAL_ETH_RxCpltCallback
 .text.HAL_ETH_TxCpltCallback
                0x0800abe4       0x10 CMakeFiles/ETHERCAT_CNNCPM.elf.dir/LWIP/Target/ethernetif.c.obj
                0x0800abe4                HAL_ETH_TxCpltCallback
 .text.HAL_ETH_ErrorCallback
                0x0800abf4       0x1c CMakeFiles/ETHERCAT_CNNCPM.elf.dir/LWIP/Target/ethernetif.c.obj
                0x0800abf4                HAL_ETH_ErrorCallback
 .text.SysTick_Handler
                0x0800ac10       0x18 CMakeFiles/ETHERCAT_CNNCPM.elf.dir/Middlewares/Third_Party/FreeRTOS/Source/CMSIS_RTOS_V2/cmsis_os2.c.obj
                0x0800ac10                SysTick_Handler
 .text.osKernelInitialize
                0x0800ac28       0x24 CMakeFiles/ETHERCAT_CNNCPM.elf.dir/Middlewares/Third_Party/FreeRTOS/Source/CMSIS_RTOS_V2/cmsis_os2.c.obj
                0x0800ac28                osKernelInitialize
 .text.osKernelStart
                0x0800ac4c       0x38 CMakeFiles/ETHERCAT_CNNCPM.elf.dir/Middlewares/Third_Party/FreeRTOS/Source/CMSIS_RTOS_V2/cmsis_os2.c.obj
                0x0800ac4c                osKernelStart
 .text.osThreadNew
                0x0800ac84       0xbc CMakeFiles/ETHERCAT_CNNCPM.elf.dir/Middlewares/Third_Party/FreeRTOS/Source/CMSIS_RTOS_V2/cmsis_os2.c.obj
                0x0800ac84                osThreadNew
 .text.osDelay  0x0800ad40       0x1c CMakeFiles/ETHERCAT_CNNCPM.elf.dir/Middlewares/Third_Party/FreeRTOS/Source/CMSIS_RTOS_V2/cmsis_os2.c.obj
                0x0800ad40                osDelay
 .text.osSemaphoreRelease
                0x0800ad5c       0x5e CMakeFiles/ETHERCAT_CNNCPM.elf.dir/Middlewares/Third_Party/FreeRTOS/Source/CMSIS_RTOS_V2/cmsis_os2.c.obj
                0x0800ad5c                osSemaphoreRelease
 *fill*         0x0800adba        0x2 
 .text.vApplicationGetIdleTaskMemory
                0x0800adbc       0x18 CMakeFiles/ETHERCAT_CNNCPM.elf.dir/Middlewares/Third_Party/FreeRTOS/Source/CMSIS_RTOS_V2/cmsis_os2.c.obj
                0x0800adbc                vApplicationGetIdleTaskMemory
 .text.vApplicationGetTimerTaskMemory
                0x0800add4       0x18 CMakeFiles/ETHERCAT_CNNCPM.elf.dir/Middlewares/Third_Party/FreeRTOS/Source/CMSIS_RTOS_V2/cmsis_os2.c.obj
                0x0800add4                vApplicationGetTimerTaskMemory
 .text.vListInitialise
                0x0800adec       0x16 CMakeFiles/ETHERCAT_CNNCPM.elf.dir/Middlewares/Third_Party/FreeRTOS/Source/list.c.obj
                0x0800adec                vListInitialise
 .text.vListInitialiseItem
                0x0800ae02        0x6 CMakeFiles/ETHERCAT_CNNCPM.elf.dir/Middlewares/Third_Party/FreeRTOS/Source/list.c.obj
                0x0800ae02                vListInitialiseItem
 .text.vListInsertEnd
                0x0800ae08       0x16 CMakeFiles/ETHERCAT_CNNCPM.elf.dir/Middlewares/Third_Party/FreeRTOS/Source/list.c.obj
                0x0800ae08                vListInsertEnd
 .text.vListInsert
                0x0800ae1e       0x32 CMakeFiles/ETHERCAT_CNNCPM.elf.dir/Middlewares/Third_Party/FreeRTOS/Source/list.c.obj
                0x0800ae1e                vListInsert
 .text.uxListRemove
                0x0800ae50       0x26 CMakeFiles/ETHERCAT_CNNCPM.elf.dir/Middlewares/Third_Party/FreeRTOS/Source/list.c.obj
                0x0800ae50                uxListRemove
 *fill*         0x0800ae76        0x2 
 .text.prvTaskExitError
                0x0800ae78       0x40 CMakeFiles/ETHERCAT_CNNCPM.elf.dir/Middlewares/Third_Party/FreeRTOS/Source/portable/GCC/ARM_CM4F/port.c.obj
 .text.prvPortStartFirstTask
                0x0800aeb8       0x28 CMakeFiles/ETHERCAT_CNNCPM.elf.dir/Middlewares/Third_Party/FreeRTOS/Source/portable/GCC/ARM_CM4F/port.c.obj
 .text.vPortEnableVFP
                0x0800aee0       0x14 CMakeFiles/ETHERCAT_CNNCPM.elf.dir/Middlewares/Third_Party/FreeRTOS/Source/portable/GCC/ARM_CM4F/port.c.obj
 .text.pxPortInitialiseStack
                0x0800aef4       0x2c CMakeFiles/ETHERCAT_CNNCPM.elf.dir/Middlewares/Third_Party/FreeRTOS/Source/portable/GCC/ARM_CM4F/port.c.obj
                0x0800aef4                pxPortInitialiseStack
 .text.SVC_Handler
                0x0800af20       0x24 CMakeFiles/ETHERCAT_CNNCPM.elf.dir/Middlewares/Third_Party/FreeRTOS/Source/portable/GCC/ARM_CM4F/port.c.obj
                0x0800af20                SVC_Handler
 .text.vPortEnterCritical
                0x0800af44       0x44 CMakeFiles/ETHERCAT_CNNCPM.elf.dir/Middlewares/Third_Party/FreeRTOS/Source/portable/GCC/ARM_CM4F/port.c.obj
                0x0800af44                vPortEnterCritical
 .text.vPortExitCritical
                0x0800af88       0x2c CMakeFiles/ETHERCAT_CNNCPM.elf.dir/Middlewares/Third_Party/FreeRTOS/Source/portable/GCC/ARM_CM4F/port.c.obj
                0x0800af88                vPortExitCritical
 *fill*         0x0800afb4        0xc 
 .text.PendSV_Handler
                0x0800afc0       0x64 CMakeFiles/ETHERCAT_CNNCPM.elf.dir/Middlewares/Third_Party/FreeRTOS/Source/portable/GCC/ARM_CM4F/port.c.obj
                0x0800afc0                PendSV_Handler
 .text.xPortSysTickHandler
                0x0800b024       0x2c CMakeFiles/ETHERCAT_CNNCPM.elf.dir/Middlewares/Third_Party/FreeRTOS/Source/portable/GCC/ARM_CM4F/port.c.obj
                0x0800b024                xPortSysTickHandler
 .text.vPortSetupTimerInterrupt
                0x0800b050       0x28 CMakeFiles/ETHERCAT_CNNCPM.elf.dir/Middlewares/Third_Party/FreeRTOS/Source/portable/GCC/ARM_CM4F/port.c.obj
                0x0800b050                vPortSetupTimerInterrupt
 .text.xPortStartScheduler
                0x0800b078      0x118 CMakeFiles/ETHERCAT_CNNCPM.elf.dir/Middlewares/Third_Party/FreeRTOS/Source/portable/GCC/ARM_CM4F/port.c.obj
                0x0800b078                xPortStartScheduler
 .text.vPortValidateInterruptPriority
                0x0800b190       0x5c CMakeFiles/ETHERCAT_CNNCPM.elf.dir/Middlewares/Third_Party/FreeRTOS/Source/portable/GCC/ARM_CM4F/port.c.obj
                0x0800b190                vPortValidateInterruptPriority
 .text.prvHeapInit
                0x0800b1ec       0x64 CMakeFiles/ETHERCAT_CNNCPM.elf.dir/Middlewares/Third_Party/FreeRTOS/Source/portable/MemMang/heap_4.c.obj
 .text.prvInsertBlockIntoFreeList
                0x0800b250       0x64 CMakeFiles/ETHERCAT_CNNCPM.elf.dir/Middlewares/Third_Party/FreeRTOS/Source/portable/MemMang/heap_4.c.obj
 .text.pvPortMalloc
                0x0800b2b4       0xfc CMakeFiles/ETHERCAT_CNNCPM.elf.dir/Middlewares/Third_Party/FreeRTOS/Source/portable/MemMang/heap_4.c.obj
                0x0800b2b4                pvPortMalloc
 .text.vPortFree
                0x0800b3b0       0x7c CMakeFiles/ETHERCAT_CNNCPM.elf.dir/Middlewares/Third_Party/FreeRTOS/Source/portable/MemMang/heap_4.c.obj
                0x0800b3b0                vPortFree
 .text.prvIsQueueFull
                0x0800b42c       0x1e CMakeFiles/ETHERCAT_CNNCPM.elf.dir/Middlewares/Third_Party/FreeRTOS/Source/queue.c.obj
 .text.prvIsQueueEmpty
                0x0800b44a       0x1a CMakeFiles/ETHERCAT_CNNCPM.elf.dir/Middlewares/Third_Party/FreeRTOS/Source/queue.c.obj
 .text.prvCopyDataToQueue
                0x0800b464       0x76 CMakeFiles/ETHERCAT_CNNCPM.elf.dir/Middlewares/Third_Party/FreeRTOS/Source/queue.c.obj
 .text.prvCopyDataFromQueue
                0x0800b4da       0x24 CMakeFiles/ETHERCAT_CNNCPM.elf.dir/Middlewares/Third_Party/FreeRTOS/Source/queue.c.obj
 .text.prvUnlockQueue
                0x0800b4fe       0x6e CMakeFiles/ETHERCAT_CNNCPM.elf.dir/Middlewares/Third_Party/FreeRTOS/Source/queue.c.obj
 .text.xQueueGenericReset
                0x0800b56c       0x84 CMakeFiles/ETHERCAT_CNNCPM.elf.dir/Middlewares/Third_Party/FreeRTOS/Source/queue.c.obj
                0x0800b56c                xQueueGenericReset
 .text.prvInitialiseNewQueue
                0x0800b5f0       0x22 CMakeFiles/ETHERCAT_CNNCPM.elf.dir/Middlewares/Third_Party/FreeRTOS/Source/queue.c.obj
 .text.xQueueGenericCreateStatic
                0x0800b612       0xa6 CMakeFiles/ETHERCAT_CNNCPM.elf.dir/Middlewares/Third_Party/FreeRTOS/Source/queue.c.obj
                0x0800b612                xQueueGenericCreateStatic
 .text.xQueueGenericSend
                0x0800b6b8      0x188 CMakeFiles/ETHERCAT_CNNCPM.elf.dir/Middlewares/Third_Party/FreeRTOS/Source/queue.c.obj
                0x0800b6b8                xQueueGenericSend
 .text.xQueueGenericSendFromISR
                0x0800b840       0xce CMakeFiles/ETHERCAT_CNNCPM.elf.dir/Middlewares/Third_Party/FreeRTOS/Source/queue.c.obj
                0x0800b840                xQueueGenericSendFromISR
 .text.xQueueGiveFromISR
                0x0800b90e       0xb2 CMakeFiles/ETHERCAT_CNNCPM.elf.dir/Middlewares/Third_Party/FreeRTOS/Source/queue.c.obj
                0x0800b90e                xQueueGiveFromISR
 .text.xQueueReceive
                0x0800b9c0      0x15e CMakeFiles/ETHERCAT_CNNCPM.elf.dir/Middlewares/Third_Party/FreeRTOS/Source/queue.c.obj
                0x0800b9c0                xQueueReceive
 *fill*         0x0800bb1e        0x2 
 .text.vQueueAddToRegistry
                0x0800bb20       0x28 CMakeFiles/ETHERCAT_CNNCPM.elf.dir/Middlewares/Third_Party/FreeRTOS/Source/queue.c.obj
                0x0800bb20                vQueueAddToRegistry
 .text.vQueueWaitForMessageRestricted
                0x0800bb48       0x52 CMakeFiles/ETHERCAT_CNNCPM.elf.dir/Middlewares/Third_Party/FreeRTOS/Source/queue.c.obj
                0x0800bb48                vQueueWaitForMessageRestricted
 *fill*         0x0800bb9a        0x2 
 .text.prvResetNextTaskUnblockTime
                0x0800bb9c       0x2c CMakeFiles/ETHERCAT_CNNCPM.elf.dir/Middlewares/Third_Party/FreeRTOS/Source/tasks.c.obj
 .text.prvInitialiseNewTask
                0x0800bbc8       0xa6 CMakeFiles/ETHERCAT_CNNCPM.elf.dir/Middlewares/Third_Party/FreeRTOS/Source/tasks.c.obj
 *fill*         0x0800bc6e        0x2 
 .text.prvInitialiseTaskLists
                0x0800bc70       0x68 CMakeFiles/ETHERCAT_CNNCPM.elf.dir/Middlewares/Third_Party/FreeRTOS/Source/tasks.c.obj
 .text.prvAddNewTaskToReadyList
                0x0800bcd8       0xac CMakeFiles/ETHERCAT_CNNCPM.elf.dir/Middlewares/Third_Party/FreeRTOS/Source/tasks.c.obj
 .text.prvDeleteTCB
                0x0800bd84       0x38 CMakeFiles/ETHERCAT_CNNCPM.elf.dir/Middlewares/Third_Party/FreeRTOS/Source/tasks.c.obj
 .text.prvCheckTasksWaitingTermination
                0x0800bdbc       0x4c CMakeFiles/ETHERCAT_CNNCPM.elf.dir/Middlewares/Third_Party/FreeRTOS/Source/tasks.c.obj
 .text.prvIdleTask
                0x0800be08       0x28 CMakeFiles/ETHERCAT_CNNCPM.elf.dir/Middlewares/Third_Party/FreeRTOS/Source/tasks.c.obj
 .text.prvAddCurrentTaskToDelayedList
                0x0800be30       0x84 CMakeFiles/ETHERCAT_CNNCPM.elf.dir/Middlewares/Third_Party/FreeRTOS/Source/tasks.c.obj
 .text.xTaskCreateStatic
                0x0800beb4       0x76 CMakeFiles/ETHERCAT_CNNCPM.elf.dir/Middlewares/Third_Party/FreeRTOS/Source/tasks.c.obj
                0x0800beb4                xTaskCreateStatic
 .text.xTaskCreate
                0x0800bf2a       0x68 CMakeFiles/ETHERCAT_CNNCPM.elf.dir/Middlewares/Third_Party/FreeRTOS/Source/tasks.c.obj
                0x0800bf2a                xTaskCreate
 *fill*         0x0800bf92        0x2 
 .text.vTaskStartScheduler
                0x0800bf94       0x9c CMakeFiles/ETHERCAT_CNNCPM.elf.dir/Middlewares/Third_Party/FreeRTOS/Source/tasks.c.obj
                0x0800bf94                vTaskStartScheduler
 .text.vTaskSuspendAll
                0x0800c030       0x10 CMakeFiles/ETHERCAT_CNNCPM.elf.dir/Middlewares/Third_Party/FreeRTOS/Source/tasks.c.obj
                0x0800c030                vTaskSuspendAll
 .text.xTaskGetTickCount
                0x0800c040        0xc CMakeFiles/ETHERCAT_CNNCPM.elf.dir/Middlewares/Third_Party/FreeRTOS/Source/tasks.c.obj
                0x0800c040                xTaskGetTickCount
 .text.xTaskIncrementTick
                0x0800c04c      0x118 CMakeFiles/ETHERCAT_CNNCPM.elf.dir/Middlewares/Third_Party/FreeRTOS/Source/tasks.c.obj
                0x0800c04c                xTaskIncrementTick
 .text.xTaskResumeAll
                0x0800c164       0xf8 CMakeFiles/ETHERCAT_CNNCPM.elf.dir/Middlewares/Third_Party/FreeRTOS/Source/tasks.c.obj
                0x0800c164                xTaskResumeAll
 .text.vTaskDelay
                0x0800c25c       0x4c CMakeFiles/ETHERCAT_CNNCPM.elf.dir/Middlewares/Third_Party/FreeRTOS/Source/tasks.c.obj
                0x0800c25c                vTaskDelay
 .text.vTaskSwitchContext
                0x0800c2a8       0x94 CMakeFiles/ETHERCAT_CNNCPM.elf.dir/Middlewares/Third_Party/FreeRTOS/Source/tasks.c.obj
                0x0800c2a8                vTaskSwitchContext
 .text.vTaskPlaceOnEventList
                0x0800c33c       0x30 CMakeFiles/ETHERCAT_CNNCPM.elf.dir/Middlewares/Third_Party/FreeRTOS/Source/tasks.c.obj
                0x0800c33c                vTaskPlaceOnEventList
 .text.vTaskPlaceOnEventListRestricted
                0x0800c36c       0x38 CMakeFiles/ETHERCAT_CNNCPM.elf.dir/Middlewares/Third_Party/FreeRTOS/Source/tasks.c.obj
                0x0800c36c                vTaskPlaceOnEventListRestricted
 .text.xTaskRemoveFromEventList
                0x0800c3a4       0x8c CMakeFiles/ETHERCAT_CNNCPM.elf.dir/Middlewares/Third_Party/FreeRTOS/Source/tasks.c.obj
                0x0800c3a4                xTaskRemoveFromEventList
 .text.vTaskInternalSetTimeOutState
                0x0800c430       0x18 CMakeFiles/ETHERCAT_CNNCPM.elf.dir/Middlewares/Third_Party/FreeRTOS/Source/tasks.c.obj
                0x0800c430                vTaskInternalSetTimeOutState
 .text.xTaskCheckForTimeOut
                0x0800c448       0x84 CMakeFiles/ETHERCAT_CNNCPM.elf.dir/Middlewares/Third_Party/FreeRTOS/Source/tasks.c.obj
                0x0800c448                xTaskCheckForTimeOut
 .text.vTaskMissedYield
                0x0800c4cc        0xc CMakeFiles/ETHERCAT_CNNCPM.elf.dir/Middlewares/Third_Party/FreeRTOS/Source/tasks.c.obj
                0x0800c4cc                vTaskMissedYield
 .text.xTaskGetSchedulerState
                0x0800c4d8       0x20 CMakeFiles/ETHERCAT_CNNCPM.elf.dir/Middlewares/Third_Party/FreeRTOS/Source/tasks.c.obj
                0x0800c4d8                xTaskGetSchedulerState
 .text.xTaskPriorityDisinherit
                0x0800c4f8       0x90 CMakeFiles/ETHERCAT_CNNCPM.elf.dir/Middlewares/Third_Party/FreeRTOS/Source/tasks.c.obj
                0x0800c4f8                xTaskPriorityDisinherit
 .text.prvGetNextExpireTime
                0x0800c588       0x20 CMakeFiles/ETHERCAT_CNNCPM.elf.dir/Middlewares/Third_Party/FreeRTOS/Source/timers.c.obj
 .text.prvInsertTimerInActiveList
                0x0800c5a8       0x50 CMakeFiles/ETHERCAT_CNNCPM.elf.dir/Middlewares/Third_Party/FreeRTOS/Source/timers.c.obj
 .text.prvCheckForValidListAndQueue
                0x0800c5f8       0x70 CMakeFiles/ETHERCAT_CNNCPM.elf.dir/Middlewares/Third_Party/FreeRTOS/Source/timers.c.obj
 .text.xTimerCreateTimerTask
                0x0800c668       0x64 CMakeFiles/ETHERCAT_CNNCPM.elf.dir/Middlewares/Third_Party/FreeRTOS/Source/timers.c.obj
                0x0800c668                xTimerCreateTimerTask
 .text.xTimerGenericCommand
                0x0800c6cc       0x6c CMakeFiles/ETHERCAT_CNNCPM.elf.dir/Middlewares/Third_Party/FreeRTOS/Source/timers.c.obj
                0x0800c6cc                xTimerGenericCommand
 .text.prvSwitchTimerLists
                0x0800c738       0x7c CMakeFiles/ETHERCAT_CNNCPM.elf.dir/Middlewares/Third_Party/FreeRTOS/Source/timers.c.obj
 .text.prvSampleTimeNow
                0x0800c7b4       0x2c CMakeFiles/ETHERCAT_CNNCPM.elf.dir/Middlewares/Third_Party/FreeRTOS/Source/timers.c.obj
 .text.prvProcessExpiredTimer
                0x0800c7e0       0x6c CMakeFiles/ETHERCAT_CNNCPM.elf.dir/Middlewares/Third_Party/FreeRTOS/Source/timers.c.obj
 .text.prvProcessTimerOrBlockTask
                0x0800c84c       0x78 CMakeFiles/ETHERCAT_CNNCPM.elf.dir/Middlewares/Third_Party/FreeRTOS/Source/timers.c.obj
 .text.prvProcessReceivedCommands
                0x0800c8c4      0x10c CMakeFiles/ETHERCAT_CNNCPM.elf.dir/Middlewares/Third_Party/FreeRTOS/Source/timers.c.obj
 .text.prvTimerTask
                0x0800c9d0       0x16 CMakeFiles/ETHERCAT_CNNCPM.elf.dir/Middlewares/Third_Party/FreeRTOS/Source/timers.c.obj
 *fill*         0x0800c9e6        0x2 
 .text.__libc_init_array
                0x0800c9e8       0x48 c:/cliontools/gcc-arm-none-eabi-10.3-2021.10/bin/../lib/gcc/arm-none-eabi/10.3.1/../../../../arm-none-eabi/lib/thumb/v7e-m+fp/hard\libg.a(lib_a-init.o)
                0x0800c9e8                __libc_init_array
 .text.malloc   0x0800ca30       0x10 c:/cliontools/gcc-arm-none-eabi-10.3-2021.10/bin/../lib/gcc/arm-none-eabi/10.3.1/../../../../arm-none-eabi/lib/thumb/v7e-m+fp/hard\libg.a(lib_a-malloc.o)
                0x0800ca30                malloc
 .text.free     0x0800ca40       0x10 c:/cliontools/gcc-arm-none-eabi-10.3-2021.10/bin/../lib/gcc/arm-none-eabi/10.3.1/../../../../arm-none-eabi/lib/thumb/v7e-m+fp/hard\libg.a(lib_a-malloc.o)
                0x0800ca40                free
 .text._malloc_r
                0x0800ca50      0x560 c:/cliontools/gcc-arm-none-eabi-10.3-2021.10/bin/../lib/gcc/arm-none-eabi/10.3.1/../../../../arm-none-eabi/lib/thumb/v7e-m+fp/hard\libg.a(lib_a-mallocr.o)
                0x0800ca50                _malloc_r
 .text.memmove  0x0800cfb0       0xf8 c:/cliontools/gcc-arm-none-eabi-10.3-2021.10/bin/../lib/gcc/arm-none-eabi/10.3.1/../../../../arm-none-eabi/lib/thumb/v7e-m+fp/hard\libg.a(lib_a-memmove.o)
                0x0800cfb0                memmove
 .text.memset   0x0800d0a8       0xa4 c:/cliontools/gcc-arm-none-eabi-10.3-2021.10/bin/../lib/gcc/arm-none-eabi/10.3.1/../../../../arm-none-eabi/lib/thumb/v7e-m+fp/hard\libg.a(lib_a-memset.o)
                0x0800d0a8                memset
 .text.__malloc_lock
                0x0800d14c        0xc c:/cliontools/gcc-arm-none-eabi-10.3-2021.10/bin/../lib/gcc/arm-none-eabi/10.3.1/../../../../arm-none-eabi/lib/thumb/v7e-m+fp/hard\libg.a(lib_a-mlock.o)
                0x0800d14c                __malloc_lock
 .text.__malloc_unlock
                0x0800d158        0xc c:/cliontools/gcc-arm-none-eabi-10.3-2021.10/bin/../lib/gcc/arm-none-eabi/10.3.1/../../../../arm-none-eabi/lib/thumb/v7e-m+fp/hard\libg.a(lib_a-mlock.o)
                0x0800d158                __malloc_unlock
 .text.printf   0x0800d164       0x28 c:/cliontools/gcc-arm-none-eabi-10.3-2021.10/bin/../lib/gcc/arm-none-eabi/10.3.1/../../../../arm-none-eabi/lib/thumb/v7e-m+fp/hard\libg.a(lib_a-printf.o)
                0x0800d164                printf
 .text._puts_r  0x0800d18c       0x9c c:/cliontools/gcc-arm-none-eabi-10.3-2021.10/bin/../lib/gcc/arm-none-eabi/10.3.1/../../../../arm-none-eabi/lib/thumb/v7e-m+fp/hard\libg.a(lib_a-puts.o)
                0x0800d18c                _puts_r
 .text.puts     0x0800d228       0x10 c:/cliontools/gcc-arm-none-eabi-10.3-2021.10/bin/../lib/gcc/arm-none-eabi/10.3.1/../../../../arm-none-eabi/lib/thumb/v7e-m+fp/hard\libg.a(lib_a-puts.o)
                0x0800d228                puts
 .text._sbrk_r  0x0800d238       0x24 c:/cliontools/gcc-arm-none-eabi-10.3-2021.10/bin/../lib/gcc/arm-none-eabi/10.3.1/../../../../arm-none-eabi/lib/thumb/v7e-m+fp/hard\libg.a(lib_a-sbrkr.o)
                0x0800d238                _sbrk_r
 .text.setvbuf  0x0800d25c      0x1b0 c:/cliontools/gcc-arm-none-eabi-10.3-2021.10/bin/../lib/gcc/arm-none-eabi/10.3.1/../../../../arm-none-eabi/lib/thumb/v7e-m+fp/hard\libg.a(lib_a-setvbuf.o)
                0x0800d25c                setvbuf
 *fill*         0x0800d40c        0x4 
 .text._vfprintf_r
                0x0800d410     0x1b90 c:/cliontools/gcc-arm-none-eabi-10.3-2021.10/bin/../lib/gcc/arm-none-eabi/10.3.1/../../../../arm-none-eabi/lib/thumb/v7e-m+fp/hard\libg.a(lib_a-vfprintf.o)
                0x0800d410                _vfprintf_r
 .text.__sbprintf
                0x0800efa0       0x80 c:/cliontools/gcc-arm-none-eabi-10.3-2021.10/bin/../lib/gcc/arm-none-eabi/10.3.1/../../../../arm-none-eabi/lib/thumb/v7e-m+fp/hard\libg.a(lib_a-vfprintf.o)
 .text.__swsetup_r
                0x0800f020       0xd4 c:/cliontools/gcc-arm-none-eabi-10.3-2021.10/bin/../lib/gcc/arm-none-eabi/10.3.1/../../../../arm-none-eabi/lib/thumb/v7e-m+fp/hard\libg.a(lib_a-wsetup.o)
                0x0800f020                __swsetup_r
 .text.startup.register_fini
                0x0800f0f4       0x14 c:/cliontools/gcc-arm-none-eabi-10.3-2021.10/bin/../lib/gcc/arm-none-eabi/10.3.1/../../../../arm-none-eabi/lib/thumb/v7e-m+fp/hard\libg.a(lib_a-__call_atexit.o)
 .text.atexit   0x0800f108        0xc c:/cliontools/gcc-arm-none-eabi-10.3-2021.10/bin/../lib/gcc/arm-none-eabi/10.3.1/../../../../arm-none-eabi/lib/thumb/v7e-m+fp/hard\libg.a(lib_a-atexit.o)
                0x0800f108                atexit
 .text.quorem   0x0800f114      0x128 c:/cliontools/gcc-arm-none-eabi-10.3-2021.10/bin/../lib/gcc/arm-none-eabi/10.3.1/../../../../arm-none-eabi/lib/thumb/v7e-m+fp/hard\libg.a(lib_a-dtoa.o)
 *fill*         0x0800f23c        0x4 
 .text._dtoa_r  0x0800f240      0xf3c c:/cliontools/gcc-arm-none-eabi-10.3-2021.10/bin/../lib/gcc/arm-none-eabi/10.3.1/../../../../arm-none-eabi/lib/thumb/v7e-m+fp/hard\libg.a(lib_a-dtoa.o)
                0x0800f240                _dtoa_r
 .text.__errno  0x0801017c        0xc c:/cliontools/gcc-arm-none-eabi-10.3-2021.10/bin/../lib/gcc/arm-none-eabi/10.3.1/../../../../arm-none-eabi/lib/thumb/v7e-m+fp/hard\libg.a(lib_a-errno.o)
                0x0801017c                __errno
 .text.__sflush_r
                0x08010188      0x130 c:/cliontools/gcc-arm-none-eabi-10.3-2021.10/bin/../lib/gcc/arm-none-eabi/10.3.1/../../../../arm-none-eabi/lib/thumb/v7e-m+fp/hard\libg.a(lib_a-fflush.o)
                0x08010188                __sflush_r
 .text._fflush_r
                0x080102b8       0x5c c:/cliontools/gcc-arm-none-eabi-10.3-2021.10/bin/../lib/gcc/arm-none-eabi/10.3.1/../../../../arm-none-eabi/lib/thumb/v7e-m+fp/hard\libg.a(lib_a-fflush.o)
                0x080102b8                _fflush_r
 .text._cleanup_r
                0x08010314        0xc c:/cliontools/gcc-arm-none-eabi-10.3-2021.10/bin/../lib/gcc/arm-none-eabi/10.3.1/../../../../arm-none-eabi/lib/thumb/v7e-m+fp/hard\libg.a(lib_a-findfp.o)
                0x08010314                _cleanup_r
 .text.__sinit  0x08010320      0x10c c:/cliontools/gcc-arm-none-eabi-10.3-2021.10/bin/../lib/gcc/arm-none-eabi/10.3.1/../../../../arm-none-eabi/lib/thumb/v7e-m+fp/hard\libg.a(lib_a-findfp.o)
                0x08010320                __sinit
 .text.__sfp_lock_acquire
                0x0801042c        0xc c:/cliontools/gcc-arm-none-eabi-10.3-2021.10/bin/../lib/gcc/arm-none-eabi/10.3.1/../../../../arm-none-eabi/lib/thumb/v7e-m+fp/hard\libg.a(lib_a-findfp.o)
                0x0801042c                __sfp_lock_acquire
 .text.__sfp_lock_release
                0x08010438        0xc c:/cliontools/gcc-arm-none-eabi-10.3-2021.10/bin/../lib/gcc/arm-none-eabi/10.3.1/../../../../arm-none-eabi/lib/thumb/v7e-m+fp/hard\libg.a(lib_a-findfp.o)
                0x08010438                __sfp_lock_release
 .text.__libc_fini_array
                0x08010444       0x2c c:/cliontools/gcc-arm-none-eabi-10.3-2021.10/bin/../lib/gcc/arm-none-eabi/10.3.1/../../../../arm-none-eabi/lib/thumb/v7e-m+fp/hard\libg.a(lib_a-fini.o)
                0x08010444                __libc_fini_array
 .text._malloc_trim_r
                0x08010470       0xa0 c:/cliontools/gcc-arm-none-eabi-10.3-2021.10/bin/../lib/gcc/arm-none-eabi/10.3.1/../../../../arm-none-eabi/lib/thumb/v7e-m+fp/hard\libg.a(lib_a-freer.o)
                0x08010470                _malloc_trim_r