Archive member included to satisfy reference by file (symbol)

d:/cliontools/gcc-arm-none-eabi-10.3-2021.10/bin/../lib/gcc/arm-none-eabi/10.3.1/thumb/v7e-m+fp/hard\libgcc.a(_arm_muldf3.o)
                              CMakeFiles/ETHERCAT_CNNCPM.elf.dir/Core/Src/nonRealtimeDataProcess.c.obj (__aeabi_dmul)
d:/cliontools/gcc-arm-none-eabi-10.3-2021.10/bin/../lib/gcc/arm-none-eabi/10.3.1/thumb/v7e-m+fp/hard\libgcc.a(_arm_addsubdf3.o)
                              CMakeFiles/ETHERCAT_CNNCPM.elf.dir/Core/Src/nonRealtimeDataProcess.c.obj (__aeabi_dadd)
d:/cliontools/gcc-arm-none-eabi-10.3-2021.10/bin/../lib/gcc/arm-none-eabi/10.3.1/thumb/v7e-m+fp/hard\libgcc.a(_arm_cmpdf2.o)
                              CMakeFiles/ETHERCAT_CNNCPM.elf.dir/Core/Src/nonRealtimeDataProcess.c.obj (__aeabi_dcmpgt)
d:/cliontools/gcc-arm-none-eabi-10.3-2021.10/bin/../lib/gcc/arm-none-eabi/10.3.1/thumb/v7e-m+fp/hard\libgcc.a(_arm_fixunsdfsi.o)
                              CMakeFiles/ETHERCAT_CNNCPM.elf.dir/Core/Src/nonRealtimeDataProcess.c.obj (__aeabi_d2uiz)
d:/cliontools/gcc-arm-none-eabi-10.3-2021.10/bin/../lib/gcc/arm-none-eabi/10.3.1/thumb/v7e-m+fp/hard\libgcc.a(_aeabi_uldivmod.o)
                              CMakeFiles/ETHERCAT_CNNCPM.elf.dir/Drivers/STM32H7xx_HAL_Driver/Src/stm32h7xx_hal_uart.c.obj (__aeabi_uldivmod)
d:/cliontools/gcc-arm-none-eabi-10.3-2021.10/bin/../lib/gcc/arm-none-eabi/10.3.1/thumb/v7e-m+fp/hard\libgcc.a(_udivmoddi4.o)
                              d:/cliontools/gcc-arm-none-eabi-10.3-2021.10/bin/../lib/gcc/arm-none-eabi/10.3.1/thumb/v7e-m+fp/hard\libgcc.a(_aeabi_uldivmod.o) (__udivmoddi4)
d:/cliontools/gcc-arm-none-eabi-10.3-2021.10/bin/../lib/gcc/arm-none-eabi/10.3.1/thumb/v7e-m+fp/hard\libgcc.a(_dvmd_tls.o)
                              d:/cliontools/gcc-arm-none-eabi-10.3-2021.10/bin/../lib/gcc/arm-none-eabi/10.3.1/thumb/v7e-m+fp/hard\libgcc.a(_aeabi_uldivmod.o) (__aeabi_ldiv0)
d:/cliontools/gcc-arm-none-eabi-10.3-2021.10/bin/../lib/gcc/arm-none-eabi/10.3.1/../../../../arm-none-eabi/lib/thumb/v7e-m+fp/hard\libg.a(lib_a-errno.o)
                              CMakeFiles/ETHERCAT_CNNCPM.elf.dir/Core/Src/syscalls.c.obj (__errno)
d:/cliontools/gcc-arm-none-eabi-10.3-2021.10/bin/../lib/gcc/arm-none-eabi/10.3.1/../../../../arm-none-eabi/lib/thumb/v7e-m+fp/hard\libg.a(lib_a-exit.o)
                              d:/cliontools/gcc-arm-none-eabi-10.3-2021.10/bin/../lib/gcc/arm-none-eabi/10.3.1/../../../../arm-none-eabi/lib/thumb/v7e-m+fp/hard/crt0.o (exit)
d:/cliontools/gcc-arm-none-eabi-10.3-2021.10/bin/../lib/gcc/arm-none-eabi/10.3.1/../../../../arm-none-eabi/lib/thumb/v7e-m+fp/hard\libg.a(lib_a-impure.o)
                              d:/cliontools/gcc-arm-none-eabi-10.3-2021.10/bin/../lib/gcc/arm-none-eabi/10.3.1/../../../../arm-none-eabi/lib/thumb/v7e-m+fp/hard\libg.a(lib_a-exit.o) (_global_impure_ptr)
d:/cliontools/gcc-arm-none-eabi-10.3-2021.10/bin/../lib/gcc/arm-none-eabi/10.3.1/../../../../arm-none-eabi/lib/thumb/v7e-m+fp/hard\libg.a(lib_a-init.o)
                              d:/cliontools/gcc-arm-none-eabi-10.3-2021.10/bin/../lib/gcc/arm-none-eabi/10.3.1/../../../../arm-none-eabi/lib/thumb/v7e-m+fp/hard/crt0.o (__libc_init_array)
d:/cliontools/gcc-arm-none-eabi-10.3-2021.10/bin/../lib/gcc/arm-none-eabi/10.3.1/../../../../arm-none-eabi/lib/thumb/v7e-m+fp/hard\libg.a(lib_a-malloc.o)
                              CMakeFiles/ETHERCAT_CNNCPM.elf.dir/Ethercatslave/ecatcoe.c.obj (malloc)
d:/cliontools/gcc-arm-none-eabi-10.3-2021.10/bin/../lib/gcc/arm-none-eabi/10.3.1/../../../../arm-none-eabi/lib/thumb/v7e-m+fp/hard\libg.a(lib_a-mallocr.o)
                              d:/cliontools/gcc-arm-none-eabi-10.3-2021.10/bin/../lib/gcc/arm-none-eabi/10.3.1/../../../../arm-none-eabi/lib/thumb/v7e-m+fp/hard\libg.a(lib_a-malloc.o) (_malloc_r)
d:/cliontools/gcc-arm-none-eabi-10.3-2021.10/bin/../lib/gcc/arm-none-eabi/10.3.1/../../../../arm-none-eabi/lib/thumb/v7e-m+fp/hard\libg.a(lib_a-memcpy.o)
                              CMakeFiles/ETHERCAT_CNNCPM.elf.dir/Core/Src/fpga_rw.c.obj (memcpy)
d:/cliontools/gcc-arm-none-eabi-10.3-2021.10/bin/../lib/gcc/arm-none-eabi/10.3.1/../../../../arm-none-eabi/lib/thumb/v7e-m+fp/hard\libg.a(lib_a-memset.o)
                              d:/cliontools/gcc-arm-none-eabi-10.3-2021.10/bin/../lib/gcc/arm-none-eabi/10.3.1/../../../../arm-none-eabi/lib/thumb/v7e-m+fp/hard/crt0.o (memset)
d:/cliontools/gcc-arm-none-eabi-10.3-2021.10/bin/../lib/gcc/arm-none-eabi/10.3.1/../../../../arm-none-eabi/lib/thumb/v7e-m+fp/hard\libg.a(lib_a-mlock.o)
                              d:/cliontools/gcc-arm-none-eabi-10.3-2021.10/bin/../lib/gcc/arm-none-eabi/10.3.1/../../../../arm-none-eabi/lib/thumb/v7e-m+fp/hard\libg.a(lib_a-mallocr.o) (__malloc_lock)
d:/cliontools/gcc-arm-none-eabi-10.3-2021.10/bin/../lib/gcc/arm-none-eabi/10.3.1/../../../../arm-none-eabi/lib/thumb/v7e-m+fp/hard\libg.a(lib_a-printf.o)
                              CMakeFiles/ETHERCAT_CNNCPM.elf.dir/Core/Src/fpga_rw.c.obj (printf)
[...]
Memory Configuration

Name             Origin             Length             Attributes
ITCMRAM          0x00000000         0x00010000         xrw
DTCMRAM          0x20000000         0x00020000         xrw
FLASH            0x08000000         0x00100000         xr
RAM_D1           0x24000000         0x00050000         xrw
RAM_D2           0x30000000         0x00008000         xrw
RAM_D3           0x38000000         0x00004000         xrw
*default*        0x00000000         0xffffffff

Linker script and memory map

LOAD d:/cliontools/gcc-arm-none-eabi-10.3-2021.10/bin/../lib/gcc/arm-none-eabi/10.3.1/thumb/v7e-m+fp/hard/crti.o
LOAD d:/cliontools/gcc-arm-none-eabi-10.3-2021.10/bin/../lib/gcc/arm-none-eabi/10.3.1/thumb/v7e-m+fp/hard/crtbegin.o
LOAD d:/cliontools/gcc-arm-none-eabi-10.3-2021.10/bin/../lib/gcc/arm-none-eabi/10.3.1/../../../../arm-none-eabi/lib/thumb/v7e-m+fp/hard/crt0.o
LOAD CMakeFiles/ETHERCAT_CNNCPM.elf.dir/Core/Src/Console.c.obj
LOAD CMakeFiles/ETHERCAT_CNNCPM.elf.dir/Core/Src/RS485.c.obj
LOAD CMakeFiles/ETHERCAT_CNNCPM.elf.dir/Core/Src/dma.c.obj
LOAD CMakeFiles/ETHERCAT_CNNCPM.elf.dir/Core/Src/fmc.c.obj
LOAD CMakeFiles/ETHERCAT_CNNCPM.elf.dir/Core/Src/fpga_rw.c.obj
LOAD CMakeFiles/ETHERCAT_CNNCPM.elf.dir/Core/Src/freertos.c.obj
LOAD CMakeFiles/ETHERCAT_CNNCPM.elf.dir/Core/Src/gpio.c.obj
LOAD CMakeFiles/ETHERCAT_CNNCPM.elf.dir/Core/Src/httpserver.c.obj
LOAD CMakeFiles/ETHERCAT_CNNCPM.elf.dir/Core/Src/main.c.obj
LOAD CMakeFiles/ETHERCAT_CNNCPM.elf.dir/Core/Src/nonRealtimeDataProcess.c.obj
LOAD CMakeFiles/ETHERCAT_CNNCPM.elf.dir/Core/Src/octospi.c.obj
LOAD CMakeFiles/ETHERCAT_CNNCPM.elf.dir/Core/Src/retarget.c.obj
LOAD CMakeFiles/ETHERCAT_CNNCPM.elf.dir/Core/Src/sdram_fmc_drv.c.obj
LOAD CMakeFiles/ETHERCAT_CNNCPM.elf.dir/Core/Src/socket.c.obj
LOAD CMakeFiles/ETHERCAT_CNNCPM.elf.dir/Core/Src/spi.c.obj
LOAD CMakeFiles/ETHERCAT_CNNCPM.elf.dir/Core/Src/stm32h7xx_hal_msp.c.obj
LOAD CMakeFiles/ETHERCAT_CNNCPM.elf.dir/Core/Src/stm32h7xx_hal_timebase_tim.c.obj
LOAD CMakeFiles/ETHERCAT_CNNCPM.elf.dir/Core/Src/stm32h7xx_it.c.obj
LOAD CMakeFiles/ETHERCAT_CNNCPM.elf.dir/Core/Src/syscalls.c.obj
LOAD CMakeFiles/ETHERCAT_CNNCPM.elf.dir/Core/Src/sysmem.c.obj
LOAD CMakeFiles/ETHERCAT_CNNCPM.elf.dir/Core/Src/system_stm32h7xx.c.obj
LOAD CMakeFiles/ETHERCAT_CNNCPM.elf.dir/Core/Src/tim.c.obj
LOAD CMakeFiles/ETHERCAT_CNNCPM.elf.dir/Core/Src/usart.c.obj
LOAD CMakeFiles/ETHERCAT_CNNCPM.elf.dir/Core/Src/w5500.c.obj
LOAD CMakeFiles/ETHERCAT_CNNCPM.elf.dir/Core/Src/wizchip_conf.c.obj
LOAD CMakeFiles/ETHERCAT_CNNCPM.elf.dir/Core/Startup/startup_stm32h723zgtx.s.obj
LOAD CMakeFiles/ETHERCAT_CNNCPM.elf.dir/Drivers/STM32H7xx_HAL_Driver/Src/stm32h7xx_hal.c.obj
LOAD CMakeFiles/ETHERCAT_CNNCPM.elf.dir/Drivers/STM32H7xx_HAL_Driver/Src/stm32h7xx_hal_cortex.c.obj
LOAD CMakeFiles/ETHERCAT_CNNCPM.elf.dir/Drivers/STM32H7xx_HAL_Driver/Src/stm32h7xx_hal_dma.c.obj
LOAD CMakeFiles/ETHERCAT_CNNCPM.elf.dir/Drivers/STM32H7xx_HAL_Driver/Src/stm32h7xx_hal_dma_ex.c.obj
LOAD CMakeFiles/ETHERCAT_CNNCPM.elf.dir/Drivers/STM32H7xx_HAL_Driver/Src/stm32h7xx_hal_exti.c.obj
LOAD CMakeFiles/ETHERCAT_CNNCPM.elf.dir/Drivers/STM32H7xx_HAL_Driver/Src/stm32h7xx_hal_flash.c.obj
LOAD CMakeFiles/ETHERCAT_CNNCPM.elf.dir/Drivers/STM32H7xx_HAL_Driver/Src/stm32h7xx_hal_flash_ex.c.obj
LOAD CMakeFiles/ETHERCAT_CNNCPM.elf.dir/Drivers/STM32H7xx_HAL_Driver/Src/stm32h7xx_hal_gpio.c.obj
LOAD CMakeFiles/ETHERCAT_CNNCPM.elf.dir/Drivers/STM32H7xx_HAL_Driver/Src/stm32h7xx_hal_hsem.c.obj
LOAD CMakeFiles/ETHERCAT_CNNCPM.elf.dir/Drivers/STM32H7xx_HAL_Driver/Src/stm32h7xx_hal_i2c.c.obj
LOAD CMakeFiles/ETHERCAT_CNNCPM.elf.dir/Drivers/STM32H7xx_HAL_Driver/Src/stm32h7xx_hal_i2c_ex.c.obj
LOAD CMakeFiles/ETHERCAT_CNNCPM.elf.dir/Drivers/STM32H7xx_HAL_Driver/Src/stm32h7xx_hal_mdma.c.obj
LOAD CMakeFiles/ETHERCAT_CNNCPM.elf.dir/Drivers/STM32H7xx_HAL_Driver/Src/stm32h7xx_hal_ospi.c.obj
LOAD CMakeFiles/ETHERCAT_CNNCPM.elf.dir/Drivers/STM32H7xx_HAL_Driver/Src/stm32h7xx_hal_pwr.c.obj
LOAD CMakeFiles/ETHERCAT_CNNCPM.elf.dir/Drivers/STM32H7xx_HAL_Driver/Src/stm32h7xx_hal_pwr_ex.c.obj
LOAD CMakeFiles/ETHERCAT_CNNCPM.elf.dir/Drivers/STM32H7xx_HAL_Driver/Src/stm32h7xx_hal_rcc.c.obj
LOAD CMakeFiles/ETHERCAT_CNNCPM.elf.dir/Drivers/STM32H7xx_HAL_Driver/Src/stm32h7xx_hal_rcc_ex.c.obj
LOAD CMakeFiles/ETHERCAT_CNNCPM.elf.dir/Drivers/STM32H7xx_HAL_Driver/Src/stm32h7xx_hal_sdram.c.obj
LOAD CMakeFiles/ETHERCAT_CNNCPM.elf.dir/Drivers/STM32H7xx_HAL_Driver/Src/stm32h7xx_hal_spi.c.obj
LOAD CMakeFiles/ETHERCAT_CNNCPM.elf.dir/Drivers/STM32H7xx_HAL_Driver/Src/stm32h7xx_hal_spi_ex.c.obj
LOAD CMakeFiles/ETHERCAT_CNNCPM.elf.dir/Drivers/STM32H7xx_HAL_Driver/Src/stm32h7xx_hal_tim.c.obj
LOAD CMakeFiles/ETHERCAT_CNNCPM.elf.dir/Drivers/STM32H7xx_HAL_Driver/Src/stm32h7xx_hal_tim_ex.c.obj
LOAD CMakeFiles/ETHERCAT_CNNCPM.elf.dir/Drivers/STM32H7xx_HAL_Driver/Src/stm32h7xx_hal_uart.c.obj
LOAD CMakeFiles/ETHERCAT_CNNCPM.elf.dir/Drivers/STM32H7xx_HAL_Driver/Src/stm32h7xx_hal_uart_ex.c.obj
LOAD CMakeFiles/ETHERCAT_CNNCPM.elf.dir/Drivers/STM32H7xx_HAL_Driver/Src/stm32h7xx_ll_fmc.c.obj
LOAD CMakeFiles/ETHERCAT_CNNCPM.elf.dir/Ethercatslave/SPIDriver.c.obj
LOAD CMakeFiles/ETHERCAT_CNNCPM.elf.dir/Ethercatslave/coeappl.c.obj
LOAD CMakeFiles/ETHERCAT_CNNCPM.elf.dir/Ethercatslave/ecatappl.c.obj
LOAD CMakeFiles/ETHERCAT_CNNCPM.elf.dir/Ethercatslave/ecatcoe.c.obj
LOAD CMakeFiles/ETHERCAT_CNNCPM.elf.dir/Ethercatslave/ecatslv.c.obj
LOAD CMakeFiles/ETHERCAT_CNNCPM.elf.dir/Ethercatslave/el9800appl.c.obj
LOAD CMakeFiles/ETHERCAT_CNNCPM.elf.dir/Ethercatslave/el9800hw.c.obj
LOAD CMakeFiles/ETHERCAT_CNNCPM.elf.dir/Ethercatslave/mailbox.c.obj
LOAD CMakeFiles/ETHERCAT_CNNCPM.elf.dir/Ethercatslave/objdef.c.obj
LOAD CMakeFiles/ETHERCAT_CNNCPM.elf.dir/Ethercatslave/sdoserv.c.obj
LOAD CMakeFiles/ETHERCAT_CNNCPM.elf.dir/Middlewares/Third_Party/FreeRTOS/Source/CMSIS_RTOS_V2/cmsis_os2.c.obj
LOAD CMakeFiles/ETHERCAT_CNNCPM.elf.dir/Middlewares/Third_Party/FreeRTOS/Source/croutine.c.obj
LOAD CMakeFiles/ETHERCAT_CNNCPM.elf.dir/Middlewares/Third_Party/FreeRTOS/Source/event_groups.c.obj
LOAD CMakeFiles/ETHERCAT_CNNCPM.elf.dir/Middlewares/Third_Party/FreeRTOS/Source/list.c.obj
LOAD CMakeFiles/ETHERCAT_CNNCPM.elf.dir/Middlewares/Third_Party/FreeRTOS/Source/portable/GCC/ARM_CM4F/port.c.obj
LOAD CMakeFiles/ETHERCAT_CNNCPM.elf.dir/Middlewares/Third_Party/FreeRTOS/Source/portable/MemMang/heap_4.c.obj
LOAD CMakeFiles/ETHERCAT_CNNCPM.elf.dir/Middlewares/Third_Party/FreeRTOS/Source/queue.c.obj
LOAD CMakeFiles/ETHERCAT_CNNCPM.elf.dir/Middlewares/Third_Party/FreeRTOS/Source/stream_buffer.c.obj
LOAD CMakeFiles/ETHERCAT_CNNCPM.elf.dir/Middlewares/Third_Party/FreeRTOS/Source/tasks.c.obj
LOAD CMakeFiles/ETHERCAT_CNNCPM.elf.dir/Middlewares/Third_Party/FreeRTOS/Source/timers.c.obj
START GROUP
LOAD d:/cliontools/gcc-arm-none-eabi-10.3-2021.10/bin/../lib/gcc/arm-none-eabi/10.3.1/thumb/v7e-m+fp/hard\libgcc.a
LOAD d:/cliontools/gcc-arm-none-eabi-10.3-2021.10/bin/../lib/gcc/arm-none-eabi/10.3.1/../../../../arm-none-eabi/lib/thumb/v7e-m+fp/hard\libg.a
LOAD d:/cliontools/gcc-arm-none-eabi-10.3-2021.10/bin/../lib/gcc/arm-none-eabi/10.3.1/../../../../arm-none-eabi/lib/thumb/v7e-m+fp/hard\libc.a
END GROUP
LOAD d:/cliontools/gcc-arm-none-eabi-10.3-2021.10/bin/../lib/gcc/arm-none-eabi/10.3.1/thumb/v7e-m+fp/hard/crtend.o
LOAD d:/cliontools/gcc-arm-none-eabi-10.3-2021.10/bin/../lib/gcc/arm-none-eabi/10.3.1/thumb/v7e-m+fp/hard/crtn.o
                0x24050000                _estack = (ORIGIN (RAM_D1) + LENGTH (RAM_D1))
                0x0000f000                _Min_Heap_Size = 0xf000
                0x0000f000                _Min_Stack_Size = 0xf000

.isr_vector     0x08000000      0x2cc
                0x08000000                . = ALIGN (0x4)
 *(.isr_vector)
 .isr_vector    0x08000000      0x2cc CMakeFiles/ETHERCAT_CNNCPM.elf.dir/Core/Startup/startup_stm32h723zgtx.s.obj
                0x08000000                g_pfnVectors
                0x080002cc                . = ALIGN (0x4)

.text           0x08000300    0x18698
                0x08000300                . = ALIGN (0x4)
 *(.text)
 .text          0x08000300       0x40 d:/cliontools/gcc-arm-none-eabi-10.3-2021.10/bin/../lib/gcc/arm-none-eabi/10.3.1/thumb/v7e-m+fp/hard/crtbegin.o
 .text          0x08000340      0x378 d:/cliontools/gcc-arm-none-eabi-10.3-2021.10/bin/../lib/gcc/arm-none-eabi/10.3.1/thumb/v7e-m+fp/hard\libgcc.a(_arm_addsubdf3.o)
                0x08000340                __aeabi_drsub
                0x08000348                __aeabi_dsub
                0x08000348                __subdf3
                0x0800034c                __aeabi_dadd
                0x0800034c                __adddf3
                0x080005c4                __floatunsidf
                0x080005c4                __aeabi_ui2d
                0x080005e4                __floatsidf
                0x080005e4                __aeabi_i2d
                0x08000608                __aeabi_f2d
                0x08000608                __extendsfdf2
                0x0800064c                __floatundidf
                0x0800064c                __aeabi_ul2d
                0x0800065c                __floatdidf
                0x0800065c                __aeabi_l2d
 .text          0x080006b8      0x110 d:/cliontools/gcc-arm-none-eabi-10.3-2021.10/bin/../lib/gcc/arm-none-eabi/10.3.1/thumb/v7e-m+fp/hard\libgcc.a(_arm_cmpdf2.o)
                0x080006b8                __gtdf2
                0x080006b8                __gedf2
                0x080006c0                __ltdf2
                0x080006c0                __ledf2
                0x080006c8                __nedf2
                0x080006c8                __eqdf2
                0x080006c8                __cmpdf2
                0x08000744                __aeabi_cdrcmple
                0x08000754                __aeabi_cdcmpeq
                0x08000754                __aeabi_cdcmple
                0x08000764                __aeabi_dcmpeq
                0x08000778                __aeabi_dcmplt
                0x0800078c                __aeabi_dcmple
                0x080007a0                __aeabi_dcmpge
                0x080007b4                __aeabi_dcmpgt
 .text          0x080007c8       0x40 d:/cliontools/gcc-arm-none-eabi-10.3-2021.10/bin/../lib/gcc/arm-none-eabi/10.3.1/thumb/v7e-m+fp/hard\libgcc.a(_arm_fixunsdfsi.o)
                0x080007c8                __aeabi_d2uiz
                0x080007c8                __fixunsdfsi
 .text          0x08000808       0x30 d:/cliontools/gcc-arm-none-eabi-10.3-2021.10/bin/../lib/gcc/arm-none-eabi/10.3.1/thumb/v7e-m+fp/hard\libgcc.a(_aeabi_uldivmod.o)
                0x08000808                __aeabi_uldivmod
 .text          0x08000838      0x2d0 d:/cliontools/gcc-arm-none-eabi-10.3-2021.10/bin/../lib/gcc/arm-none-eabi/10.3.1/thumb/v7e-m+fp/hard\libgcc.a(_udivmoddi4.o)
                0x08000838                __udivmoddi4
 .text          0x08000b08        0x4 d:/cliontools/gcc-arm-none-eabi-10.3-2021.10/bin/../lib/gcc/arm-none-eabi/10.3.1/thumb/v7e-m+fp/hard\libgcc.a(_dvmd_tls.o)
                0x08000b08                __aeabi_idiv0
                0x08000b08                __aeabi_ldiv0
 .text          0x08000b0c      0x134 d:/cliontools/gcc-arm-none-eabi-10.3-2021.10/bin/../lib/gcc/arm-none-eabi/10.3.1/../../../../arm-none-eabi/lib/thumb/v7e-m+fp/hard\libg.a(lib_a-memcpy.o)
                0x08000b0c                memcpy
 .text          0x08000c40       0xdc d:/cliontools/gcc-arm-none-eabi-10.3-2021.10/bin/../lib/gcc/arm-none-eabi/10.3.1/../../../../arm-none-eabi/lib/thumb/v7e-m+fp/hard\libg.a(lib_a-strlen.o)
                0x08000c40                strlen
 *fill*         0x08000d1c        0x4 
 .text          0x08000d20       0xa0 d:/cliontools/gcc-arm-none-eabi-10.3-2021.10/bin/../lib/gcc/arm-none-eabi/10.3.1/../../../../arm-none-eabi/lib/thumb/v7e-m+fp/hard\libg.a(lib_a-memchr.o)
                0x08000d20                memchr
 .text          0x08000dc0      0x424 d:/cliontools/gcc-arm-none-eabi-10.3-2021.10/bin/../lib/gcc/arm-none-eabi/10.3.1/thumb/v7e-m+fp/hard\libgcc.a(_arm_muldivdf3.o)
                0x08000dc0                __aeabi_dmul
                0x08000dc0                __muldf3
                0x08001014                __divdf3
                0x08001014                __aeabi_ddiv
 .text          0x080011e4       0x2c d:/cliontools/gcc-arm-none-eabi-10.3-2021.10/bin/../lib/gcc/arm-none-eabi/10.3.1/thumb/v7e-m+fp/hard\libgcc.a(_arm_unorddf2.o)
                0x080011e4                __unorddf2
                0x080011e4                __aeabi_dcmpun
 .text          0x08001210       0x50 d:/cliontools/gcc-arm-none-eabi-10.3-2021.10/bin/../lib/gcc/arm-none-eabi/10.3.1/thumb/v7e-m+fp/hard\libgcc.a(_arm_fixdfsi.o)
                0x08001210                __aeabi_d2iz
                0x08001210                __fixdfsi
 *(.text*)
 .text.MX_DMA_Init
                0x08001260       0x80 CMakeFiles/ETHERCAT_CNNCPM.elf.dir/Core/Src/dma.c.obj
                0x08001260                MX_DMA_Init
 .text.HAL_FMC_MspInit
                0x080012e0      0x10c CMakeFiles/ETHERCAT_CNNCPM.elf.dir/Core/Src/fmc.c.obj
 .text.MX_FMC_Init
                0x080013ec       0x74 CMakeFiles/ETHERCAT_CNNCPM.elf.dir/Core/Src/fmc.c.obj
                0x080013ec                MX_FMC_Init
 .text.HAL_SDRAM_MspInit
                0x08001460        0x8 CMakeFiles/ETHERCAT_CNNCPM.elf.dir/Core/Src/fmc.c.obj
                0x08001460                HAL_SDRAM_MspInit
 .text.makeSingleSendAry
                0x08001468      0x148 CMakeFiles/ETHERCAT_CNNCPM.elf.dir/Core/Src/fpga_rw.c.obj
                0x08001468                makeSingleSendAry
 .text.makeParamSendAry
                0x080015b0      0x13c CMakeFiles/ETHERCAT_CNNCPM.elf.dir/Core/Src/fpga_rw.c.obj
                0x080015b0                makeParamSendAry
 .text.dataOut_CS_Select
                0x080016ec       0x14 CMakeFiles/ETHERCAT_CNNCPM.elf.dir/Core/Src/fpga_rw.c.obj
                0x080016ec                dataOut_CS_Select
 .text.dataOut_CS_Deselect
                0x08001700       0x14 CMakeFiles/ETHERCAT_CNNCPM.elf.dir/Core/Src/fpga_rw.c.obj
                0x08001700                dataOut_CS_Deselect
 .text.FPGA_WriteByteArray
                0x08001714       0x2c CMakeFiles/ETHERCAT_CNNCPM.elf.dir/Core/Src/fpga_rw.c.obj
                0x08001714                FPGA_WriteByteArray
 .text.FPGA_ReadByteArray
                0x08001740       0x14 CMakeFiles/ETHERCAT_CNNCPM.elf.dir/Core/Src/fpga_rw.c.obj
                0x08001740                FPGA_ReadByteArray
 .text.HAL_SPI_TxCpltCallback
                0x08001754       0x20 CMakeFiles/ETHERCAT_CNNCPM.elf.dir/Core/Src/fpga_rw.c.obj
                0x08001754                HAL_SPI_TxCpltCallback
 .text.HAL_SPI_RxCpltCallback
                0x08001774       0x20 CMakeFiles/ETHERCAT_CNNCPM.elf.dir/Core/Src/fpga_rw.c.obj
                0x08001774                HAL_SPI_RxCpltCallback
 .text.StartDefaultTask
                0x08001794       0x30 CMakeFiles/ETHERCAT_CNNCPM.elf.dir/Core/Src/freertos.c.obj
                0x08001794                StartDefaultTask
 .text.Ethercatfunc
                0x080017c4       0x12 CMakeFiles/ETHERCAT_CNNCPM.elf.dir/Core/Src/freertos.c.obj
                0x080017c4                Ethercatfunc
 .text.TCPClientTask
                0x080017d6       0x16 CMakeFiles/ETHERCAT_CNNCPM.elf.dir/Core/Src/freertos.c.obj
                0x080017d6                TCPClientTask
 .text.DataProccessTask
                0x080017ec       0x14 CMakeFiles/ETHERCAT_CNNCPM.elf.dir/Core/Src/freertos.c.obj
                0x080017ec                DataProccessTask
 .text.StartConsoleTask
                0x08001800       0x18 CMakeFiles/ETHERCAT_CNNCPM.elf.dir/Core/Src/freertos.c.obj
                0x08001800                StartConsoleTask
 .text.MX_FREERTOS_Init
                0x08001818       0x9c CMakeFiles/ETHERCAT_CNNCPM.elf.dir/Core/Src/freertos.c.obj
                0x08001818                MX_FREERTOS_Init
 .text.MX_GPIO_Init
                0x080018b4      0x1dc CMakeFiles/ETHERCAT_CNNCPM.elf.dir/Core/Src/gpio.c.obj
                0x080018b4                MX_GPIO_Init
 .text.Init_ESC
                0x08001a90       0x54 CMakeFiles/ETHERCAT_CNNCPM.elf.dir/Core/Src/gpio.c.obj
                0x08001a90                Init_ESC
 .text.Init_SYNC0
                0x08001ae4       0x54 CMakeFiles/ETHERCAT_CNNCPM.elf.dir/Core/Src/gpio.c.obj
                0x08001ae4                Init_SYNC0
 .text.Init_SYNC1
                0x08001b38       0x54 CMakeFiles/ETHERCAT_CNNCPM.elf.dir/Core/Src/gpio.c.obj
                0x08001b38                Init_SYNC1
 .text.TCPFeedbackInit
                0x08001b8c       0x24 CMakeFiles/ETHERCAT_CNNCPM.elf.dir/Core/Src/httpserver.c.obj
                0x08001b8c                TCPFeedbackInit
 .text.do_tcpc  0x08001bb0       0xfc CMakeFiles/ETHERCAT_CNNCPM.elf.dir/Core/Src/httpserver.c.obj
                0x08001bb0                do_tcpc
 .text.HAL_TIM_PeriodElapsedCallback
                0x08001cac       0x18 CMakeFiles/ETHERCAT_CNNCPM.elf.dir/Core/Src/main.c.obj
                0x08001cac                HAL_TIM_PeriodElapsedCallback
 .text.Error_Handler
                0x08001cc4        0x4 CMakeFiles/ETHERCAT_CNNCPM.elf.dir/Core/Src/main.c.obj
                0x08001cc4                Error_Handler
 .text.SystemClock_Config
                0x08001cc8       0xac CMakeFiles/ETHERCAT_CNNCPM.elf.dir/Core/Src/main.c.obj
                0x08001cc8                SystemClock_Config
 .text.PeriphCommonClock_Config
                0x08001d74       0x48 CMakeFiles/ETHERCAT_CNNCPM.elf.dir/Core/Src/main.c.obj
                0x08001d74                PeriphCommonClock_Config
 .text.main     0x08001dbc       0x74 CMakeFiles/ETHERCAT_CNNCPM.elf.dir/Core/Src/main.c.obj
                0x08001dbc                main
 .text.Crc32Buffer
                0x08001e30       0x30 CMakeFiles/ETHERCAT_CNNCPM.elf.dir/Core/Src/nonRealtimeDataProcess.c.obj
                0x08001e30                Crc32Buffer
 .text.InitCrc32Table
                0x08001e60       0x38 CMakeFiles/ETHERCAT_CNNCPM.elf.dir/Core/Src/nonRealtimeDataProcess.c.obj
                0x08001e60                InitCrc32Table
 .text.nrtInit  0x08001e98       0x7c CMakeFiles/ETHERCAT_CNNCPM.elf.dir/Core/Src/nonRealtimeDataProcess.c.obj
                0x08001e98                nrtInit
 .text.sendFeedback
                0x08001f14       0x5c CMakeFiles/ETHERCAT_CNNCPM.elf.dir/Core/Src/nonRealtimeDataProcess.c.obj
                0x08001f14                sendFeedback
 .text.sendParamtoFPGA
                0x08001f70       0x18 CMakeFiles/ETHERCAT_CNNCPM.elf.dir/Core/Src/nonRealtimeDataProcess.c.obj
                0x08001f70                sendParamtoFPGA
 .text.sendCPtoFPGA
                0x08001f88       0xa4 CMakeFiles/ETHERCAT_CNNCPM.elf.dir/Core/Src/nonRealtimeDataProcess.c.obj
                0x08001f88                sendCPtoFPGA
 .text.calMaxMinPos
                0x0800202c       0x64 CMakeFiles/ETHERCAT_CNNCPM.elf.dir/Core/Src/nonRealtimeDataProcess.c.obj
                0x0800202c                calMaxMinPos
 .text.rdCarrierPosFromSDRAM
                0x08002090       0x5c CMakeFiles/ETHERCAT_CNNCPM.elf.dir/Core/Src/nonRealtimeDataProcess.c.obj
                0x08002090                rdCarrierPosFromSDRAM
 .text.wrCarrierPos2SDRAM
                0x080020ec       0x60 CMakeFiles/ETHERCAT_CNNCPM.elf.dir/Core/Src/nonRealtimeDataProcess.c.obj
                0x080020ec                wrCarrierPos2SDRAM
 *fill*         0x0800214c        0x4 
 .text.findSlowestPeriod
                0x08002150      0x258 CMakeFiles/ETHERCAT_CNNCPM.elf.dir/Core/Src/nonRealtimeDataProcess.c.obj
                0x08002150                findSlowestPeriod
 .text.calculateOneMovement
                0x080023a8      0x1a0 CMakeFiles/ETHERCAT_CNNCPM.elf.dir/Core/Src/nonRealtimeDataProcess.c.obj
                0x080023a8                calculateOneMovement
 .text.findDirection
                0x08002548      0x15c CMakeFiles/ETHERCAT_CNNCPM.elf.dir/Core/Src/nonRealtimeDataProcess.c.obj
                0x08002548                findDirection
 .text.calCarrierTrajectory
                0x080026a4       0x98 CMakeFiles/ETHERCAT_CNNCPM.elf.dir/Core/Src/nonRealtimeDataProcess.c.obj
                0x080026a4                calCarrierTrajectory
 .text.ntrRecvParamAndPlan
                0x0800273c      0x3b8 CMakeFiles/ETHERCAT_CNNCPM.elf.dir/Core/Src/nonRealtimeDataProcess.c.obj
                0x0800273c                ntrRecvParamAndPlan
 .text.nrtDataMainLoop
                0x08002af4       0x7c CMakeFiles/ETHERCAT_CNNCPM.elf.dir/Core/Src/nonRealtimeDataProcess.c.obj
                0x08002af4                nrtDataMainLoop
 .text.MX_OCTOSPI1_Init
                0x08002b70       0x80 CMakeFiles/ETHERCAT_CNNCPM.elf.dir/Core/Src/octospi.c.obj
                0x08002b70                MX_OCTOSPI1_Init
 .text.HAL_OSPI_MspInit
                0x08002bf0       0xe8 CMakeFiles/ETHERCAT_CNNCPM.elf.dir/Core/Src/octospi.c.obj
                0x08002bf0                HAL_OSPI_MspInit
 .text.lan9252_read_32
                0x08002cd8       0x80 CMakeFiles/ETHERCAT_CNNCPM.elf.dir/Core/Src/octospi.c.obj
                0x08002cd8                lan9252_read_32
 .text.lan9252_write_32
                0x08002d58       0x80 CMakeFiles/ETHERCAT_CNNCPM.elf.dir/Core/Src/octospi.c.obj
                0x08002d58                lan9252_write_32
 .text.SDRAM_Send_Cmd
                0x08002dd8       0x38 CMakeFiles/ETHERCAT_CNNCPM.elf.dir/Core/Src/sdram_fmc_drv.c.obj
                0x08002dd8                SDRAM_Send_Cmd
 .text.SDRAM_Init
                0x08002e10       0x4c CMakeFiles/ETHERCAT_CNNCPM.elf.dir/Core/Src/sdram_fmc_drv.c.obj
                0x08002e10                SDRAM_Init
 .text.close    0x08002e5c       0x78 CMakeFiles/ETHERCAT_CNNCPM.elf.dir/Core/Src/socket.c.obj
                0x08002e5c                close
 .text.socket   0x08002ed4      0x168 CMakeFiles/ETHERCAT_CNNCPM.elf.dir/Core/Src/socket.c.obj
                0x08002ed4                socket
 .text.connect  0x0800303c      0x100 CMakeFiles/ETHERCAT_CNNCPM.elf.dir/Core/Src/socket.c.obj
                0x0800303c                connect
 .text.send     0x0800313c      0x128 CMakeFiles/ETHERCAT_CNNCPM.elf.dir/Core/Src/socket.c.obj
                0x0800313c                send
 .text.recv     0x08003264       0xdc CMakeFiles/ETHERCAT_CNNCPM.elf.dir/Core/Src/socket.c.obj
                0x08003264                recv
 .text.MX_SPI1_Init
                0x08003340       0x60 CMakeFiles/ETHERCAT_CNNCPM.elf.dir/Core/Src/spi.c.obj
                0x08003340                MX_SPI1_Init
 .text.MX_SPI2_Init
                0x080033a0       0x4c CMakeFiles/ETHERCAT_CNNCPM.elf.dir/Core/Src/spi.c.obj
                0x080033a0                MX_SPI2_Init
 .text.MX_SPI3_Init
                0x080033ec       0x58 CMakeFiles/ETHERCAT_CNNCPM.elf.dir/Core/Src/spi.c.obj
                0x080033ec                MX_SPI3_Init
 .text.HAL_SPI_MspInit
                0x08003444      0x260 CMakeFiles/ETHERCAT_CNNCPM.elf.dir/Core/Src/spi.c.obj
                0x08003444                HAL_SPI_MspInit
 .text.HAL_MspInit
                0x080036a4       0x34 CMakeFiles/ETHERCAT_CNNCPM.elf.dir/Core/Src/stm32h7xx_hal_msp.c.obj
                0x080036a4                HAL_MspInit
 .text.HAL_InitTick
                0x080036d8       0x9c CMakeFiles/ETHERCAT_CNNCPM.elf.dir/Core/Src/stm32h7xx_hal_timebase_tim.c.obj
                0x080036d8                HAL_InitTick
 .text.NMI_Handler
                0x08003774        0x2 CMakeFiles/ETHERCAT_CNNCPM.elf.dir/Core/Src/stm32h7xx_it.c.obj
                0x08003774                NMI_Handler
 .text.HardFault_Handler
                0x08003776        0x2 CMakeFiles/ETHERCAT_CNNCPM.elf.dir/Core/Src/stm32h7xx_it.c.obj
                0x08003776                HardFault_Handler
 .text.MemManage_Handler
                0x08003778        0x2 CMakeFiles/ETHERCAT_CNNCPM.elf.dir/Core/Src/stm32h7xx_it.c.obj
                0x08003778                MemManage_Handler
 .text.BusFault_Handler
                0x0800377a        0x2 CMakeFiles/ETHERCAT_CNNCPM.elf.dir/Core/Src/stm32h7xx_it.c.obj
                0x0800377a                BusFault_Handler
 .text.UsageFault_Handler
                0x0800377c        0x2 CMakeFiles/ETHERCAT_CNNCPM.elf.dir/Core/Src/stm32h7xx_it.c.obj
                0x0800377c                UsageFault_Handler
 .text.DebugMon_Handler
                0x0800377e        0x2 CMakeFiles/ETHERCAT_CNNCPM.elf.dir/Core/Src/stm32h7xx_it.c.obj
                0x0800377e                DebugMon_Handler
 .text.DMA1_Stream0_IRQHandler
                0x08003780       0x10 CMakeFiles/ETHERCAT_CNNCPM.elf.dir/Core/Src/stm32h7xx_it.c.obj
                0x08003780                DMA1_Stream0_IRQHandler
 .text.DMA1_Stream1_IRQHandler
                0x08003790       0x10 CMakeFiles/ETHERCAT_CNNCPM.elf.dir/Core/Src/stm32h7xx_it.c.obj
                0x08003790                DMA1_Stream1_IRQHandler
 .text.TIM4_IRQHandler
                0x080037a0       0x10 CMakeFiles/ETHERCAT_CNNCPM.elf.dir/Core/Src/stm32h7xx_it.c.obj
                0x080037a0                TIM4_IRQHandler
 .text.SPI2_IRQHandler
                0x080037b0       0x10 CMakeFiles/ETHERCAT_CNNCPM.elf.dir/Core/Src/stm32h7xx_it.c.obj
                0x080037b0                SPI2_IRQHandler
 .text.USART1_IRQHandler
                0x080037c0       0x10 CMakeFiles/ETHERCAT_CNNCPM.elf.dir/Core/Src/stm32h7xx_it.c.obj
                0x080037c0                USART1_IRQHandler
 .text.DMA1_Stream7_IRQHandler
                0x080037d0       0x10 CMakeFiles/ETHERCAT_CNNCPM.elf.dir/Core/Src/stm32h7xx_it.c.obj
                0x080037d0                DMA1_Stream7_IRQHandler
 .text.SPI3_IRQHandler
                0x080037e0       0x10 CMakeFiles/ETHERCAT_CNNCPM.elf.dir/Core/Src/stm32h7xx_it.c.obj
                0x080037e0                SPI3_IRQHandler
 .text.DMA2_Stream0_IRQHandler
                0x080037f0       0x10 CMakeFiles/ETHERCAT_CNNCPM.elf.dir/Core/Src/stm32h7xx_it.c.obj
                0x080037f0                DMA2_Stream0_IRQHandler
 .text._getpid  0x08003800        0x4 CMakeFiles/ETHERCAT_CNNCPM.elf.dir/Core/Src/syscalls.c.obj
                0x08003800                _getpid
 .text._kill    0x08003804       0x10 CMakeFiles/ETHERCAT_CNNCPM.elf.dir/Core/Src/syscalls.c.obj
                0x08003804                _kill
 .text._exit    0x08003814        0xc CMakeFiles/ETHERCAT_CNNCPM.elf.dir/Core/Src/syscalls.c.obj
                0x08003814                _exit
 .text._read    0x08003820       0x20 CMakeFiles/ETHERCAT_CNNCPM.elf.dir/Core/Src/syscalls.c.obj
                0x08003820                _read
 .text._write   0x08003840       0x1c CMakeFiles/ETHERCAT_CNNCPM.elf.dir/Core/Src/syscalls.c.obj
                0x08003840                _write
 .text._close   0x0800385c        0x6 CMakeFiles/ETHERCAT_CNNCPM.elf.dir/Core/Src/syscalls.c.obj
                0x0800385c                _close
 .text._fstat   0x08003862        0xa CMakeFiles/ETHERCAT_CNNCPM.elf.dir/Core/Src/syscalls.c.obj
                0x08003862                _fstat
 .text._isatty  0x0800386c        0x4 CMakeFiles/ETHERCAT_CNNCPM.elf.dir/Core/Src/syscalls.c.obj
                0x0800386c                _isatty
 .text._lseek   0x08003870        0x4 CMakeFiles/ETHERCAT_CNNCPM.elf.dir/Core/Src/syscalls.c.obj
                0x08003870                _lseek
 .text._sbrk    0x08003874       0x48 CMakeFiles/ETHERCAT_CNNCPM.elf.dir/Core/Src/sysmem.c.obj
                0x08003874                _sbrk
 .text.SystemInit
                0x080038bc       0xac CMakeFiles/ETHERCAT_CNNCPM.elf.dir/Core/Src/system_stm32h7xx.c.obj
                0x080038bc                SystemInit
 .text.MX_TIM2_Init
                0x08003968       0x70 CMakeFiles/ETHERCAT_CNNCPM.elf.dir/Core/Src/tim.c.obj
                0x08003968                MX_TIM2_Init
 .text.HAL_TIM_Base_MspInit
                0x080039d8       0x30 CMakeFiles/ETHERCAT_CNNCPM.elf.dir/Core/Src/tim.c.obj
                0x080039d8                HAL_TIM_Base_MspInit
 .text.MX_USART1_UART_Init
                0x08003a08       0x68 CMakeFiles/ETHERCAT_CNNCPM.elf.dir/Core/Src/usart.c.obj
                0x08003a08                MX_USART1_UART_Init
 .text.HAL_UART_MspInit
                0x08003a70       0xa8 CMakeFiles/ETHERCAT_CNNCPM.elf.dir/Core/Src/usart.c.obj
                0x08003a70                HAL_UART_MspInit
 .text.__io_putchar
                0x08003b18       0x20 CMakeFiles/ETHERCAT_CNNCPM.elf.dir/Core/Src/usart.c.obj
                0x08003b18                __io_putchar
 .text.start_uart_receive
                0x08003b38       0x18 CMakeFiles/ETHERCAT_CNNCPM.elf.dir/Core/Src/usart.c.obj
                0x08003b38                start_uart_receive
 .text.CmdDecode
                0x08003b50      0x4ac CMakeFiles/ETHERCAT_CNNCPM.elf.dir/Core/Src/usart.c.obj
                0x08003b50                CmdDecode
 .text.HAL_UART_RxCpltCallback
                0x08003ffc       0x58 CMakeFiles/ETHERCAT_CNNCPM.elf.dir/Core/Src/usart.c.obj
                0x08003ffc                HAL_UART_RxCpltCallback
 .text.WIZCHIP_READ
                0x08004054       0x64 CMakeFiles/ETHERCAT_CNNCPM.elf.dir/Core/Src/w5500.c.obj
                0x08004054                WIZCHIP_READ
 .text.WIZCHIP_WRITE
                0x080040b8       0x68 CMakeFiles/ETHERCAT_CNNCPM.elf.dir/Core/Src/w5500.c.obj
                0x080040b8                WIZCHIP_WRITE
 .text.WIZCHIP_READ_BUF
                0x08004120       0x7c CMakeFiles/ETHERCAT_CNNCPM.elf.dir/Core/Src/w5500.c.obj
                0x08004120                WIZCHIP_READ_BUF
 .text.WIZCHIP_WRITE_BUF
                0x0800419c       0x7c CMakeFiles/ETHERCAT_CNNCPM.elf.dir/Core/Src/w5500.c.obj
                0x0800419c                WIZCHIP_WRITE_BUF
 .text.getSn_TX_FSR
                0x08004218       0x5e CMakeFiles/ETHERCAT_CNNCPM.elf.dir/Core/Src/w5500.c.obj
                0x08004218                getSn_TX_FSR
 .text.getSn_RX_RSR
                0x08004276       0x5e CMakeFiles/ETHERCAT_CNNCPM.elf.dir/Core/Src/w5500.c.obj
                0x08004276                getSn_RX_RSR
 .text.wiz_send_data
                0x080042d4       0x5e CMakeFiles/ETHERCAT_CNNCPM.elf.dir/Core/Src/w5500.c.obj
                0x080042d4                wiz_send_data
 .text.wiz_recv_data
                0x08004332       0x5e CMakeFiles/ETHERCAT_CNNCPM.elf.dir/Core/Src/w5500.c.obj
                0x08004332                wiz_recv_data
 .text.wizchip_cris_enter
                0x08004390        0x2 CMakeFiles/ETHERCAT_CNNCPM.elf.dir/Core/Src/wizchip_conf.c.obj
                0x08004390                wizchip_cris_enter
 .text.wizchip_cris_exit
                0x08004392        0x2 CMakeFiles/ETHERCAT_CNNCPM.elf.dir/Core/Src/wizchip_conf.c.obj
                0x08004392                wizchip_cris_exit
 .text.wizchip_cs_select
                0x08004394        0x2 CMakeFiles/ETHERCAT_CNNCPM.elf.dir/Core/Src/wizchip_conf.c.obj
                0x08004394                wizchip_cs_select
 .text.wizchip_cs_deselect
                0x08004396        0x2 CMakeFiles/ETHERCAT_CNNCPM.elf.dir/Core/Src/wizchip_conf.c.obj
                0x08004396                wizchip_cs_deselect
 .text.wizchip_bus_readdata
                0x08004398        0x4 CMakeFiles/ETHERCAT_CNNCPM.elf.dir/Core/Src/wizchip_conf.c.obj
                0x08004398                wizchip_bus_readdata
 .text.wizchip_bus_writedata
                0x0800439c        0x4 CMakeFiles/ETHERCAT_CNNCPM.elf.dir/Core/Src/wizchip_conf.c.obj
                0x0800439c                wizchip_bus_writedata
 .text.wizchip_spi_readbyte
                0x080043a0        0x4 CMakeFiles/ETHERCAT_CNNCPM.elf.dir/Core/Src/wizchip_conf.c.obj
                0x080043a0                wizchip_spi_readbyte
 .text.wizchip_spi_writebyte
                0x080043a4        0x2 CMakeFiles/ETHERCAT_CNNCPM.elf.dir/Core/Src/wizchip_conf.c.obj
                0x080043a4                wizchip_spi_writebyte
 *fill*         0x080043a6        0x2 
 .text.SPI_WriteByte
                0x080043a8       0x28 CMakeFiles/ETHERCAT_CNNCPM.elf.dir/Core/Src/wizchip_conf.c.obj
                0x080043a8                SPI_WriteByte
 .text.SPI_ReadByte
                0x080043d0       0x2c CMakeFiles/ETHERCAT_CNNCPM.elf.dir/Core/Src/wizchip_conf.c.obj
                0x080043d0                SPI_ReadByte
 .text.reg_wizchip_cs_cbfunc
                0x080043fc       0x30 CMakeFiles/ETHERCAT_CNNCPM.elf.dir/Core/Src/wizchip_conf.c.obj
                0x080043fc                reg_wizchip_cs_cbfunc
 .text.reg_wizchip_spi_cbfunc
                0x0800442c       0x34 CMakeFiles/ETHERCAT_CNNCPM.elf.dir/Core/Src/wizchip_conf.c.obj
                0x0800442c                reg_wizchip_spi_cbfunc
 .text.wizchip_sw_reset
                0x08004460       0x88 CMakeFiles/ETHERCAT_CNNCPM.elf.dir/Core/Src/wizchip_conf.c.obj
                0x08004460                wizchip_sw_reset
 .text.wizchip_init
                0x080044e8       0x8a CMakeFiles/ETHERCAT_CNNCPM.elf.dir/Core/Src/wizchip_conf.c.obj
                0x080044e8                wizchip_init
 .text.wizchip_clrinterrupt
                0x08004572       0x3a CMakeFiles/ETHERCAT_CNNCPM.elf.dir/Core/Src/wizchip_conf.c.obj
                0x08004572                wizchip_clrinterrupt
 .text.wizchip_getinterrupt
                0x080045ac       0x22 CMakeFiles/ETHERCAT_CNNCPM.elf.dir/Core/Src/wizchip_conf.c.obj
                0x080045ac                wizchip_getinterrupt
 .text.wizchip_setinterruptmask
                0x080045ce       0x1a CMakeFiles/ETHERCAT_CNNCPM.elf.dir/Core/Src/wizchip_conf.c.obj
                0x080045ce                wizchip_setinterruptmask
 .text.wizchip_getinterruptmask
                0x080045e8       0x22 CMakeFiles/ETHERCAT_CNNCPM.elf.dir/Core/Src/wizchip_conf.c.obj
                0x080045e8                wizchip_getinterruptmask
 .text.wizphy_getphylink
                0x0800460a       0x18 CMakeFiles/ETHERCAT_CNNCPM.elf.dir/Core/Src/wizchip_conf.c.obj
                0x0800460a                wizphy_getphylink
 .text.wizphy_getphypmode
                0x08004622       0x1a CMakeFiles/ETHERCAT_CNNCPM.elf.dir/Core/Src/wizchip_conf.c.obj
                0x08004622                wizphy_getphypmode
 .text.wizphy_reset
                0x0800463c       0x2e CMakeFiles/ETHERCAT_CNNCPM.elf.dir/Core/Src/wizchip_conf.c.obj
                0x0800463c                wizphy_reset
 .text.wizphy_setphyconf
                0x0800466a       0x4a CMakeFiles/ETHERCAT_CNNCPM.elf.dir/Core/Src/wizchip_conf.c.obj
                0x0800466a                wizphy_setphyconf
 .text.wizphy_getphyconf
                0x080046b4       0x70 CMakeFiles/ETHERCAT_CNNCPM.elf.dir/Core/Src/wizchip_conf.c.obj
                0x080046b4                wizphy_getphyconf
 .text.wizphy_setphypmode
                0x08004724       0x62 CMakeFiles/ETHERCAT_CNNCPM.elf.dir/Core/Src/wizchip_conf.c.obj
                0x08004724                wizphy_setphypmode
 *fill*         0x08004786        0x2 
 .text.ctlwizchip
                0x08004788      0x120 CMakeFiles/ETHERCAT_CNNCPM.elf.dir/Core/Src/wizchip_conf.c.obj
                0x08004788                ctlwizchip
 .text.wizchip_setnetinfo
                0x080048a8       0x5c CMakeFiles/ETHERCAT_CNNCPM.elf.dir/Core/Src/wizchip_conf.c.obj
                0x080048a8                wizchip_setnetinfo
 .text.wizchip_getnetinfo
                0x08004904       0x5c CMakeFiles/ETHERCAT_CNNCPM.elf.dir/Core/Src/wizchip_conf.c.obj
                0x08004904                wizchip_getnetinfo
 .text.wizchip_setnetmode
                0x08004960       0x26 CMakeFiles/ETHERCAT_CNNCPM.elf.dir/Core/Src/wizchip_conf.c.obj
                0x08004960                wizchip_setnetmode
 .text.wizchip_getnetmode
                0x08004986        0xa CMakeFiles/ETHERCAT_CNNCPM.elf.dir/Core/Src/wizchip_conf.c.obj
                0x08004986                wizchip_getnetmode
 .text.wizchip_settimeout
                0x08004990       0x26 CMakeFiles/ETHERCAT_CNNCPM.elf.dir/Core/Src/wizchip_conf.c.obj
                0x08004990                wizchip_settimeout
 .text.wizchip_gettimeout
                0x080049b6       0x2c CMakeFiles/ETHERCAT_CNNCPM.elf.dir/Core/Src/wizchip_conf.c.obj
                0x080049b6                wizchip_gettimeout
 .text.ctlnetwork
                0x080049e2       0x52 CMakeFiles/ETHERCAT_CNNCPM.elf.dir/Core/Src/wizchip_conf.c.obj
                0x080049e2                ctlnetwork
 .text.ChipParametersConfiguration
                0x08004a34       0x44 CMakeFiles/ETHERCAT_CNNCPM.elf.dir/Core/Src/wizchip_conf.c.obj
                0x08004a34                ChipParametersConfiguration
 .text.NetworkParameterConfiguration
                0x08004a78       0x44 CMakeFiles/ETHERCAT_CNNCPM.elf.dir/Core/Src/wizchip_conf.c.obj
                0x08004a78                NetworkParameterConfiguration
 .text.SPI1_CS_HIGH
                0x08004abc       0x14 CMakeFiles/ETHERCAT_CNNCPM.elf.dir/Core/Src/wizchip_conf.c.obj
                0x08004abc                SPI1_CS_HIGH
 .text.SPI_CS_Deselect
                0x08004ad0        0x8 CMakeFiles/ETHERCAT_CNNCPM.elf.dir/Core/Src/wizchip_conf.c.obj
                0x08004ad0                SPI_CS_Deselect
 .text.SPI1_CS_LOW
                0x08004ad8       0x14 CMakeFiles/ETHERCAT_CNNCPM.elf.dir/Core/Src/wizchip_conf.c.obj
                0x08004ad8                SPI1_CS_LOW
 .text.SPI_CS_Select
                0x08004aec        0x8 CMakeFiles/ETHERCAT_CNNCPM.elf.dir/Core/Src/wizchip_conf.c.obj
                0x08004aec                SPI_CS_Select
 .text.W5500_RST_High
                0x08004af4       0x14 CMakeFiles/ETHERCAT_CNNCPM.elf.dir/Core/Src/wizchip_conf.c.obj
                0x08004af4                W5500_RST_High
 .text.W5500_RST_Low
                0x08004b08       0x14 CMakeFiles/ETHERCAT_CNNCPM.elf.dir/Core/Src/wizchip_conf.c.obj
                0x08004b08                W5500_RST_Low
 .text.W5500_RESET
                0x08004b1c       0x18 CMakeFiles/ETHERCAT_CNNCPM.elf.dir/Core/Src/wizchip_conf.c.obj
                0x08004b1c                W5500_RESET
 .text.W5500_ChipInit
                0x08004b34       0x3c CMakeFiles/ETHERCAT_CNNCPM.elf.dir/Core/Src/wizchip_conf.c.obj
                0x08004b34                W5500_ChipInit
 .text.Reset_Handler
                0x08004b70       0x50 CMakeFiles/ETHERCAT_CNNCPM.elf.dir/Core/Startup/startup_stm32h723zgtx.s.obj
                0x08004b70                Reset_Handler
 .text.Default_Handler
                0x08004bc0        0x2 CMakeFiles/ETHERCAT_CNNCPM.elf.dir/Core/Startup/startup_stm32h723zgtx.s.obj
                0x08004bc0                RTC_Alarm_IRQHandler
                0x08004bc0                TIM8_CC_IRQHandler
                0x08004bc0                UART8_IRQHandler
                0x08004bc0                SPI4_IRQHandler
                0x08004bc0                FDCAN3_IT0_IRQHandler
                0x08004bc0                TIM1_CC_IRQHandler
                0x08004bc0                BDMA_Channel6_IRQHandler
                0x08004bc0                DMA2_Stream5_IRQHandler
                0x08004bc0                DMA1_Stream5_IRQHandler
                0x08004bc0                CORDIC_IRQHandler
                0x08004bc0                BDMA_Channel1_IRQHandler
                0x08004bc0                TAMP_STAMP_IRQHandler
                0x08004bc0                LPTIM4_IRQHandler
                0x08004bc0                TIM8_TRG_COM_TIM14_IRQHandler
                0x08004bc0                LPTIM2_IRQHandler
                0x08004bc0                DFSDM1_FLT1_IRQHandler
                0x08004bc0                DMAMUX2_OVR_IRQHandler
                0x08004bc0                TIM8_UP_TIM13_IRQHandler
                0x08004bc0                I2C3_ER_IRQHandler
                0x08004bc0                DFSDM1_FLT2_IRQHandler
                0x08004bc0                I2C5_EV_IRQHandler
                0x08004bc0                USART10_IRQHandler
                0x08004bc0                MDMA_IRQHandler
                0x08004bc0                LPTIM3_IRQHandler
                0x08004bc0                HSEM1_IRQHandler
                0x08004bc0                EXTI0_IRQHandler
                0x08004bc0                I2C2_EV_IRQHandler
                0x08004bc0                DMA1_Stream2_IRQHandler
                0x08004bc0                FPU_IRQHandler
                0x08004bc0                OTG_HS_WKUP_IRQHandler
                0x08004bc0                FDCAN1_IT1_IRQHandler
                0x08004bc0                LTDC_ER_IRQHandler
                0x08004bc0                DMA2_Stream2_IRQHandler
                0x08004bc0                SPI1_IRQHandler
                0x08004bc0                OCTOSPI1_IRQHandler
                0x08004bc0                TIM6_DAC_IRQHandler
                0x08004bc0                DMA2_Stream3_IRQHandler
                0x08004bc0                OCTOSPI2_IRQHandler
                0x08004bc0                DFSDM1_FLT3_IRQHandler
                0x08004bc0                TIM23_IRQHandler
                0x08004bc0                USART6_IRQHandler
                0x08004bc0                TIM17_IRQHandler
                0x08004bc0                USART3_IRQHandler
                0x08004bc0                BDMA_Channel7_IRQHandler
                0x08004bc0                LPTIM5_IRQHandler
                0x08004bc0                UART5_IRQHandler
                0x08004bc0                ADC3_IRQHandler
                0x08004bc0                BDMA_Channel2_IRQHandler
                0x08004bc0                I2C1_EV_IRQHandler
                0x08004bc0                DMA1_Stream6_IRQHandler
                0x08004bc0                DMAMUX1_OVR_IRQHandler
                0x08004bc0                TIM16_IRQHandler
                0x08004bc0                UART4_IRQHandler
                0x08004bc0                BDMA_Channel5_IRQHandler
                0x08004bc0                TIM3_IRQHandler
                0x08004bc0                RCC_IRQHandler
                0x08004bc0                UART9_IRQHandler
                0x08004bc0                TIM8_BRK_TIM12_IRQHandler
                0x08004bc0                TIM1_TRG_COM_IRQHandler
                0x08004bc0                Default_Handler
                0x08004bc0                ECC_IRQHandler
                0x08004bc0                FMAC_IRQHandler
                0x08004bc0                CEC_IRQHandler
                0x08004bc0                BDMA_Channel0_IRQHandler
                0x08004bc0                ADC_IRQHandler
                0x08004bc0                I2C5_ER_IRQHandler
                0x08004bc0                SPI5_IRQHandler
                0x08004bc0                TIM7_IRQHandler
                0x08004bc0                FDCAN3_IT1_IRQHandler
                0x08004bc0                SDMMC1_IRQHandler
                0x08004bc0                TIM5_IRQHandler
                0x08004bc0                DMA2_Stream7_IRQHandler
                0x08004bc0                TIM15_IRQHandler
                0x08004bc0                PVD_AVD_IRQHandler
                0x08004bc0                I2C3_EV_IRQHandler
                0x08004bc0                EXTI9_5_IRQHandler
                0x08004bc0                RTC_WKUP_IRQHandler
                0x08004bc0                LTDC_IRQHandler
                0x08004bc0                ETH_WKUP_IRQHandler
                0x08004bc0                SPDIF_RX_IRQHandler
                0x08004bc0                OTG_HS_EP1_IN_IRQHandler
                0x08004bc0                TIM24_IRQHandler
                0x08004bc0                CRS_IRQHandler
                0x08004bc0                EXTI4_IRQHandler
                0x08004bc0                RNG_IRQHandler
                0x08004bc0                FDCAN2_IT1_IRQHandler
                0x08004bc0                ETH_IRQHandler
                0x08004bc0                TIM1_UP_IRQHandler
                0x08004bc0                BDMA_Channel4_IRQHandler
                0x08004bc0                OTG_HS_EP1_OUT_IRQHandler
                0x08004bc0                WWDG_IRQHandler
                0x08004bc0                SPI6_IRQHandler
                0x08004bc0                MDIOS_IRQHandler
                0x08004bc0                I2C4_EV_IRQHandler
                0x08004bc0                FDCAN2_IT0_IRQHandler
                0x08004bc0                LPUART1_IRQHandler
                0x08004bc0                FDCAN1_IT0_IRQHandler
                0x08004bc0                OTG_HS_IRQHandler
                0x08004bc0                DMA2D_IRQHandler
                0x08004bc0                TIM1_BRK_IRQHandler
                0x08004bc0                EXTI1_IRQHandler
                0x08004bc0                SDMMC2_IRQHandler
                0x08004bc0                BDMA_Channel3_IRQHandler
                0x08004bc0                DTS_IRQHandler
                0x08004bc0                UART7_IRQHandler
                0x08004bc0                MDIOS_WKUP_IRQHandler
                0x08004bc0                USART2_IRQHandler
                0x08004bc0                DFSDM1_FLT0_IRQHandler
                0x08004bc0                SAI4_IRQHandler
                0x08004bc0                I2C2_ER_IRQHandler
                0x08004bc0                DMA2_Stream1_IRQHandler
                0x08004bc0                FLASH_IRQHandler
                0x08004bc0                DMA2_Stream4_IRQHandler
                0x08004bc0                WAKEUP_PIN_IRQHandler
                0x08004bc0                DMA1_Stream4_IRQHandler
                0x08004bc0                I2C1_ER_IRQHandler
                0x08004bc0                FMC_IRQHandler
                0x08004bc0                FDCAN_CAL_IRQHandler
                0x08004bc0                SWPMI1_IRQHandler
                0x08004bc0                COMP1_IRQHandler
                0x08004bc0                LPTIM1_IRQHandler
                0x08004bc0                DCMI_PSSI_IRQHandler
                0x08004bc0                I2C4_ER_IRQHandler
                0x08004bc0                DMA2_Stream6_IRQHandler
                0x08004bc0                SAI1_IRQHandler
                0x08004bc0                DMA1_Stream3_IRQHandler
 *fill*         0x08004bc2        0x2 
 .text.HAL_Init
                0x08004bc4       0x5c CMakeFiles/ETHERCAT_CNNCPM.elf.dir/Drivers/STM32H7xx_HAL_Driver/Src/stm32h7xx_hal.c.obj
                0x08004bc4                HAL_Init
 .text.HAL_IncTick
                0x08004c20       0x18 CMakeFiles/ETHERCAT_CNNCPM.elf.dir/Drivers/STM32H7xx_HAL_Driver/Src/stm32h7xx_hal.c.obj
                0x08004c20                HAL_IncTick
 .text.HAL_GetTick
                0x08004c38        0xc CMakeFiles/ETHERCAT_CNNCPM.elf.dir/Drivers/STM32H7xx_HAL_Driver/Src/stm32h7xx_hal.c.obj
                0x08004c38                HAL_GetTick
 .text.HAL_Delay
                0x08004c44       0x28 CMakeFiles/ETHERCAT_CNNCPM.elf.dir/Drivers/STM32H7xx_HAL_Driver/Src/stm32h7xx_hal.c.obj
                0x08004c44                HAL_Delay
 .text.HAL_NVIC_SetPriorityGrouping
                0x08004c6c       0x24 CMakeFiles/ETHERCAT_CNNCPM.elf.dir/Drivers/STM32H7xx_HAL_Driver/Src/stm32h7xx_hal_cortex.c.obj
                0x08004c6c                HAL_NVIC_SetPriorityGrouping
 .text.HAL_NVIC_SetPriority
                0x08004c90       0x6c CMakeFiles/ETHERCAT_CNNCPM.elf.dir/Drivers/STM32H7xx_HAL_Driver/Src/stm32h7xx_hal_cortex.c.obj
                0x08004c90                HAL_NVIC_SetPriority
 .text.HAL_NVIC_EnableIRQ
                0x08004cfc       0x1c CMakeFiles/ETHERCAT_CNNCPM.elf.dir/Drivers/STM32H7xx_HAL_Driver/Src/stm32h7xx_hal_cortex.c.obj
                0x08004cfc                HAL_NVIC_EnableIRQ
 .text.HAL_NVIC_DisableIRQ
                0x08004d18       0x24 CMakeFiles/ETHERCAT_CNNCPM.elf.dir/Drivers/STM32H7xx_HAL_Driver/Src/stm32h7xx_hal_cortex.c.obj
                0x08004d18                HAL_NVIC_DisableIRQ
 .text.DMA_SetConfig
                0x08004d3c      0x1b4 CMakeFiles/ETHERCAT_CNNCPM.elf.dir/Drivers/STM32H7xx_HAL_Driver/Src/stm32h7xx_hal_dma.c.obj
 .text.DMA_CalcBaseAndBitshift
                0x08004ef0       0xb4 CMakeFiles/ETHERCAT_CNNCPM.elf.dir/Drivers/STM32H7xx_HAL_Driver/Src/stm32h7xx_hal_dma.c.obj
 .text.DMA_CheckFifoParam
                0x08004fa4       0x92 CMakeFiles/ETHERCAT_CNNCPM.elf.dir/Drivers/STM32H7xx_HAL_Driver/Src/stm32h7xx_hal_dma.c.obj
 *fill*         0x08005036        0x2 
 .text.DMA_CalcDMAMUXChannelBaseAndMask
                0x08005038       0xb0 CMakeFiles/ETHERCAT_CNNCPM.elf.dir/Drivers/STM32H7xx_HAL_Driver/Src/stm32h7xx_hal_dma.c.obj
 .text.DMA_CalcDMAMUXRequestGenBaseAndMask
                0x080050e8       0x7c CMakeFiles/ETHERCAT_CNNCPM.elf.dir/Drivers/STM32H7xx_HAL_Driver/Src/stm32h7xx_hal_dma.c.obj
 .text.HAL_DMA_Init
                0x08005164      0x394 CMakeFiles/ETHERCAT_CNNCPM.elf.dir/Drivers/STM32H7xx_HAL_Driver/Src/stm32h7xx_hal_dma.c.obj
                0x08005164                HAL_DMA_Init
 .text.HAL_DMA_Start_IT
                0x080054f8      0x298 CMakeFiles/ETHERCAT_CNNCPM.elf.dir/Drivers/STM32H7xx_HAL_Driver/Src/stm32h7xx_hal_dma.c.obj
                0x080054f8                HAL_DMA_Start_IT
 .text.HAL_DMA_Abort
                0x08005790      0x340 CMakeFiles/ETHERCAT_CNNCPM.elf.dir/Drivers/STM32H7xx_HAL_Driver/Src/stm32h7xx_hal_dma.c.obj
                0x08005790                HAL_DMA_Abort
 .text.HAL_DMA_Abort_IT
                0x08005ad0      0x270 CMakeFiles/ETHERCAT_CNNCPM.elf.dir/Drivers/STM32H7xx_HAL_Driver/Src/stm32h7xx_hal_dma.c.obj
                0x08005ad0                HAL_DMA_Abort_IT
 .text.HAL_DMA_IRQHandler
                0x08005d40      0x738 CMakeFiles/ETHERCAT_CNNCPM.elf.dir/Drivers/STM32H7xx_HAL_Driver/Src/stm32h7xx_hal_dma.c.obj
                0x08005d40                HAL_DMA_IRQHandler
 .text.HAL_DMA_GetError
                0x08006478        0x4 CMakeFiles/ETHERCAT_CNNCPM.elf.dir/Drivers/STM32H7xx_HAL_Driver/Src/stm32h7xx_hal_dma.c.obj
                0x08006478                HAL_DMA_GetError
 .text.HAL_GPIO_Init
                0x0800647c      0x214 CMakeFiles/ETHERCAT_CNNCPM.elf.dir/Drivers/STM32H7xx_HAL_Driver/Src/stm32h7xx_hal_gpio.c.obj
                0x0800647c                HAL_GPIO_Init
 .text.HAL_GPIO_WritePin
                0x08006690        0xc CMakeFiles/ETHERCAT_CNNCPM.elf.dir/Drivers/STM32H7xx_HAL_Driver/Src/stm32h7xx_hal_gpio.c.obj
                0x08006690                HAL_GPIO_WritePin
 .text.HAL_GPIO_TogglePin
                0x0800669c       0x12 CMakeFiles/ETHERCAT_CNNCPM.elf.dir/Drivers/STM32H7xx_HAL_Driver/Src/stm32h7xx_hal_gpio.c.obj
                0x0800669c                HAL_GPIO_TogglePin
 .text.HAL_GPIO_EXTI_Callback
                0x080066ae        0x2 CMakeFiles/ETHERCAT_CNNCPM.elf.dir/Drivers/STM32H7xx_HAL_Driver/Src/stm32h7xx_hal_gpio.c.obj
                0x080066ae                HAL_GPIO_EXTI_Callback
 .text.HAL_GPIO_EXTI_IRQHandler
                0x080066b0       0x1e CMakeFiles/ETHERCAT_CNNCPM.elf.dir/Drivers/STM32H7xx_HAL_Driver/Src/stm32h7xx_hal_gpio.c.obj
                0x080066b0                HAL_GPIO_EXTI_IRQHandler
 *fill*         0x080066ce        0x2 
 .text.OSPI_ConfigCmd
                0x080066d0      0x1c4 CMakeFiles/ETHERCAT_CNNCPM.elf.dir/Drivers/STM32H7xx_HAL_Driver/Src/stm32h7xx_hal_ospi.c.obj
 .text.OSPIM_GetConfig
                0x08006894       0xec CMakeFiles/ETHERCAT_CNNCPM.elf.dir/Drivers/STM32H7xx_HAL_Driver/Src/stm32h7xx_hal_ospi.c.obj
 .text.OSPI_WaitFlagStateUntilTimeout
                0x08006980       0x54 CMakeFiles/ETHERCAT_CNNCPM.elf.dir/Drivers/STM32H7xx_HAL_Driver/Src/stm32h7xx_hal_ospi.c.obj
 .text.HAL_OSPI_Command
                0x080069d4       0xc2 CMakeFiles/ETHERCAT_CNNCPM.elf.dir/Drivers/STM32H7xx_HAL_Driver/Src/stm32h7xx_hal_ospi.c.obj
                0x080069d4                HAL_OSPI_Command
 .text.HAL_OSPI_Transmit
                0x08006a96       0x9a CMakeFiles/ETHERCAT_CNNCPM.elf.dir/Drivers/STM32H7xx_HAL_Driver/Src/stm32h7xx_hal_ospi.c.obj
                0x08006a96                HAL_OSPI_Transmit
 .text.HAL_OSPI_Receive
                0x08006b30       0xc6 CMakeFiles/ETHERCAT_CNNCPM.elf.dir/Drivers/STM32H7xx_HAL_Driver/Src/stm32h7xx_hal_ospi.c.obj
                0x08006b30                HAL_OSPI_Receive
 .text.HAL_OSPI_SetTimeout
                0x08006bf6        0x6 CMakeFiles/ETHERCAT_CNNCPM.elf.dir/Drivers/STM32H7xx_HAL_Driver/Src/stm32h7xx_hal_ospi.c.obj
                0x08006bf6                HAL_OSPI_SetTimeout
 .text.HAL_OSPI_Init
                0x08006bfc      0x108 CMakeFiles/ETHERCAT_CNNCPM.elf.dir/Drivers/STM32H7xx_HAL_Driver/Src/stm32h7xx_hal_ospi.c.obj
                0x08006bfc                HAL_OSPI_Init
 .text.HAL_OSPIM_Config
                0x08006d04      0x4f0 CMakeFiles/ETHERCAT_CNNCPM.elf.dir/Drivers/STM32H7xx_HAL_Driver/Src/stm32h7xx_hal_ospi.c.obj
                0x08006d04                HAL_OSPIM_Config
 .text.HAL_PWREx_ConfigSupply
                0x080071f4       0x54 CMakeFiles/ETHERCAT_CNNCPM.elf.dir/Drivers/STM32H7xx_HAL_Driver/Src/stm32h7xx_hal_pwr_ex.c.obj
                0x080071f4                HAL_PWREx_ConfigSupply
 .text.HAL_RCC_OscConfig
                0x08007248      0x5ec CMakeFiles/ETHERCAT_CNNCPM.elf.dir/Drivers/STM32H7xx_HAL_Driver/Src/stm32h7xx_hal_rcc.c.obj
                0x08007248                HAL_RCC_OscConfig
 .text.HAL_RCC_GetSysClockFreq
                0x08007834      0x1f4 CMakeFiles/ETHERCAT_CNNCPM.elf.dir/Drivers/STM32H7xx_HAL_Driver/Src/stm32h7xx_hal_rcc.c.obj
                0x08007834                HAL_RCC_GetSysClockFreq
 .text.HAL_RCC_ClockConfig
                0x08007a28      0x294 CMakeFiles/ETHERCAT_CNNCPM.elf.dir/Drivers/STM32H7xx_HAL_Driver/Src/stm32h7xx_hal_rcc.c.obj
                0x08007a28                HAL_RCC_ClockConfig
 .text.HAL_RCC_GetHCLKFreq
                0x08007cbc       0x44 CMakeFiles/ETHERCAT_CNNCPM.elf.dir/Drivers/STM32H7xx_HAL_Driver/Src/stm32h7xx_hal_rcc.c.obj
                0x08007cbc                HAL_RCC_GetHCLKFreq
 .text.HAL_RCC_GetPCLK1Freq
                0x08007d00       0x24 CMakeFiles/ETHERCAT_CNNCPM.elf.dir/Drivers/STM32H7xx_HAL_Driver/Src/stm32h7xx_hal_rcc.c.obj
                0x08007d00                HAL_RCC_GetPCLK1Freq
 .text.HAL_RCC_GetPCLK2Freq
                0x08007d24       0x24 CMakeFiles/ETHERCAT_CNNCPM.elf.dir/Drivers/STM32H7xx_HAL_Driver/Src/stm32h7xx_hal_rcc.c.obj
                0x08007d24                HAL_RCC_GetPCLK2Freq
 .text.HAL_RCC_GetClockConfig
                0x08007d48       0x54 CMakeFiles/ETHERCAT_CNNCPM.elf.dir/Drivers/STM32H7xx_HAL_Driver/Src/stm32h7xx_hal_rcc.c.obj
                0x08007d48                HAL_RCC_GetClockConfig
 .text.RCCEx_PLL2_Config
                0x08007d9c      0x10c CMakeFiles/ETHERCAT_CNNCPM.elf.dir/Drivers/STM32H7xx_HAL_Driver/Src/stm32h7xx_hal_rcc_ex.c.obj
 .text.RCCEx_PLL3_Config
                0x08007ea8      0x10c CMakeFiles/ETHERCAT_CNNCPM.elf.dir/Drivers/STM32H7xx_HAL_Driver/Src/stm32h7xx_hal_rcc_ex.c.obj
 .text.HAL_RCCEx_PeriphCLKConfig
                0x08007fb4      0xa0c CMakeFiles/ETHERCAT_CNNCPM.elf.dir/Drivers/STM32H7xx_HAL_Driver/Src/stm32h7xx_hal_rcc_ex.c.obj
                0x08007fb4                HAL_RCCEx_PeriphCLKConfig
 .text.HAL_RCCEx_GetD3PCLK1Freq
                0x080089c0       0x24 CMakeFiles/ETHERCAT_CNNCPM.elf.dir/Drivers/STM32H7xx_HAL_Driver/Src/stm32h7xx_hal_rcc_ex.c.obj
                0x080089c0                HAL_RCCEx_GetD3PCLK1Freq
 .text.HAL_RCCEx_GetPLL2ClockFreq
                0x080089e4      0x1f8 CMakeFiles/ETHERCAT_CNNCPM.elf.dir/Drivers/STM32H7xx_HAL_Driver/Src/stm32h7xx_hal_rcc_ex.c.obj
                0x080089e4                HAL_RCCEx_GetPLL2ClockFreq
 .text.HAL_RCCEx_GetPLL3ClockFreq
                0x08008bdc      0x1f8 CMakeFiles/ETHERCAT_CNNCPM.elf.dir/Drivers/STM32H7xx_HAL_Driver/Src/stm32h7xx_hal_rcc_ex.c.obj
                0x08008bdc                HAL_RCCEx_GetPLL3ClockFreq
 .text.HAL_SDRAM_Init
                0x08008dd4       0x50 CMakeFiles/ETHERCAT_CNNCPM.elf.dir/Drivers/STM32H7xx_HAL_Driver/Src/stm32h7xx_hal_sdram.c.obj
                0x08008dd4                HAL_SDRAM_Init
 .text.HAL_SDRAM_SendCommand
                0x08008e24       0x42 CMakeFiles/ETHERCAT_CNNCPM.elf.dir/Drivers/STM32H7xx_HAL_Driver/Src/stm32h7xx_hal_sdram.c.obj
                0x08008e24                HAL_SDRAM_SendCommand
 .text.HAL_SDRAM_ProgramRefreshRate
                0x08008e66       0x32 CMakeFiles/ETHERCAT_CNNCPM.elf.dir/Drivers/STM32H7xx_HAL_Driver/Src/stm32h7xx_hal_sdram.c.obj
                0x08008e66                HAL_SDRAM_ProgramRefreshRate
 .text.SPI_CloseTransfer
                0x08008e98       0xd0 CMakeFiles/ETHERCAT_CNNCPM.elf.dir/Drivers/STM32H7xx_HAL_Driver/Src/stm32h7xx_hal_spi.c.obj
 .text.SPI_GetPacketSize
                0x08008f68       0x10 CMakeFiles/ETHERCAT_CNNCPM.elf.dir/Drivers/STM32H7xx_HAL_Driver/Src/stm32h7xx_hal_spi.c.obj
 .text.SPI_WaitOnFlagUntilTimeout
                0x08008f78       0x46 CMakeFiles/ETHERCAT_CNNCPM.elf.dir/Drivers/STM32H7xx_HAL_Driver/Src/stm32h7xx_hal_spi.c.obj
 *fill*         0x08008fbe        0x2 
 .text.HAL_SPI_Init
                0x08008fc0      0x190 CMakeFiles/ETHERCAT_CNNCPM.elf.dir/Drivers/STM32H7xx_HAL_Driver/Src/stm32h7xx_hal_spi.c.obj
                0x08008fc0                HAL_SPI_Init
 .text.HAL_SPI_TransmitReceive
                0x08009150      0x314 CMakeFiles/ETHERCAT_CNNCPM.elf.dir/Drivers/STM32H7xx_HAL_Driver/Src/stm32h7xx_hal_spi.c.obj
                0x08009150                HAL_SPI_TransmitReceive
 .text.HAL_SPI_Transmit_DMA
                0x08009464      0x1c8 CMakeFiles/ETHERCAT_CNNCPM.elf.dir/Drivers/STM32H7xx_HAL_Driver/Src/stm32h7xx_hal_spi.c.obj
                0x08009464                HAL_SPI_Transmit_DMA
 .text.HAL_SPI_Receive_DMA
                0x0800962c      0x1c8 CMakeFiles/ETHERCAT_CNNCPM.elf.dir/Drivers/STM32H7xx_HAL_Driver/Src/stm32h7xx_hal_spi.c.obj
                0x0800962c                HAL_SPI_Receive_DMA
 .text.SPI_DMATransmitCplt
                0x080097f4       0x2a CMakeFiles/ETHERCAT_CNNCPM.elf.dir/Drivers/STM32H7xx_HAL_Driver/Src/stm32h7xx_hal_spi.c.obj
 .text.SPI_DMAReceiveCplt
                0x0800981e       0x2a CMakeFiles/ETHERCAT_CNNCPM.elf.dir/Drivers/STM32H7xx_HAL_Driver/Src/stm32h7xx_hal_spi.c.obj
 .text.HAL_SPI_TxRxCpltCallback
                0x08009848        0x2 CMakeFiles/ETHERCAT_CNNCPM.elf.dir/Drivers/STM32H7xx_HAL_Driver/Src/stm32h7xx_hal_spi.c.obj
                0x08009848                HAL_SPI_TxRxCpltCallback
 .text.HAL_SPI_TxHalfCpltCallback
                0x0800984a        0x2 CMakeFiles/ETHERCAT_CNNCPM.elf.dir/Drivers/STM32H7xx_HAL_Driver/Src/stm32h7xx_hal_spi.c.obj
                0x0800984a                HAL_SPI_TxHalfCpltCallback
 .text.SPI_DMAHalfTransmitCplt
                0x0800984c        0xa CMakeFiles/ETHERCAT_CNNCPM.elf.dir/Drivers/STM32H7xx_HAL_Driver/Src/stm32h7xx_hal_spi.c.obj
 .text.HAL_SPI_RxHalfCpltCallback
                0x08009856        0x2 CMakeFiles/ETHERCAT_CNNCPM.elf.dir/Drivers/STM32H7xx_HAL_Driver/Src/stm32h7xx_hal_spi.c.obj
                0x08009856                HAL_SPI_RxHalfCpltCallback
 .text.SPI_DMAHalfReceiveCplt
                0x08009858        0xa CMakeFiles/ETHERCAT_CNNCPM.elf.dir/Drivers/STM32H7xx_HAL_Driver/Src/stm32h7xx_hal_spi.c.obj
 .text.HAL_SPI_ErrorCallback
                0x08009862        0x2 CMakeFiles/ETHERCAT_CNNCPM.elf.dir/Drivers/STM32H7xx_HAL_Driver/Src/stm32h7xx_hal_spi.c.obj
                0x08009862                HAL_SPI_ErrorCallback
 .text.SPI_DMAError
                0x08009864       0x2e CMakeFiles/ETHERCAT_CNNCPM.elf.dir/Drivers/STM32H7xx_HAL_Driver/Src/stm32h7xx_hal_spi.c.obj
 .text.SPI_DMAAbortOnError
                0x08009892       0x1a CMakeFiles/ETHERCAT_CNNCPM.elf.dir/Drivers/STM32H7xx_HAL_Driver/Src/stm32h7xx_hal_spi.c.obj
 .text.HAL_SPI_SuspendCallback
                0x080098ac        0x2 CMakeFiles/ETHERCAT_CNNCPM.elf.dir/Drivers/STM32H7xx_HAL_Driver/Src/stm32h7xx_hal_spi.c.obj
                0x080098ac                HAL_SPI_SuspendCallback
 *fill*         0x080098ae        0x2 
 .text.HAL_SPI_IRQHandler
                0x080098b0      0x240 CMakeFiles/ETHERCAT_CNNCPM.elf.dir/Drivers/STM32H7xx_HAL_Driver/Src/stm32h7xx_hal_spi.c.obj
                0x080098b0                HAL_SPI_IRQHandler
 .text.TIM_TI1_ConfigInputStage
                0x08009af0       0x26 CMakeFiles/ETHERCAT_CNNCPM.elf.dir/Drivers/STM32H7xx_HAL_Driver/Src/stm32h7xx_hal_tim.c.obj
 .text.TIM_TI2_ConfigInputStage
                0x08009b16       0x28 CMakeFiles/ETHERCAT_CNNCPM.elf.dir/Drivers/STM32H7xx_HAL_Driver/Src/stm32h7xx_hal_tim.c.obj
 *fill*         0x08009b3e        0x2 
 .text.TIM_ITRx_SetConfig
                0x08009b40       0x14 CMakeFiles/ETHERCAT_CNNCPM.elf.dir/Drivers/STM32H7xx_HAL_Driver/Src/stm32h7xx_hal_tim.c.obj
 .text.HAL_TIM_Base_Start_IT
                0x08009b54       0xa0 CMakeFiles/ETHERCAT_CNNCPM.elf.dir/Drivers/STM32H7xx_HAL_Driver/Src/stm32h7xx_hal_tim.c.obj
                0x08009b54                HAL_TIM_Base_Start_IT
 .text.HAL_TIM_OC_DelayElapsedCallback
                0x08009bf4        0x2 CMakeFiles/ETHERCAT_CNNCPM.elf.dir/Drivers/STM32H7xx_HAL_Driver/Src/stm32h7xx_hal_tim.c.obj
                0x08009bf4                HAL_TIM_OC_DelayElapsedCallback
 .text.HAL_TIM_IC_CaptureCallback
                0x08009bf6        0x2 CMakeFiles/ETHERCAT_CNNCPM.elf.dir/Drivers/STM32H7xx_HAL_Driver/Src/stm32h7xx_hal_tim.c.obj
                0x08009bf6                HAL_TIM_IC_CaptureCallback
 .text.HAL_TIM_PWM_PulseFinishedCallback
                0x08009bf8        0x2 CMakeFiles/ETHERCAT_CNNCPM.elf.dir/Drivers/STM32H7xx_HAL_Driver/Src/stm32h7xx_hal_tim.c.obj
                0x08009bf8                HAL_TIM_PWM_PulseFinishedCallback
 .text.HAL_TIM_TriggerCallback
                0x08009bfa        0x2 CMakeFiles/ETHERCAT_CNNCPM.elf.dir/Drivers/STM32H7xx_HAL_Driver/Src/stm32h7xx_hal_tim.c.obj
                0x08009bfa                HAL_TIM_TriggerCallback
 .text.HAL_TIM_IRQHandler
                0x08009bfc      0x19a CMakeFiles/ETHERCAT_CNNCPM.elf.dir/Drivers/STM32H7xx_HAL_Driver/Src/stm32h7xx_hal_tim.c.obj
                0x08009bfc                HAL_TIM_IRQHandler
 *fill*         0x08009d96        0x2 
 .text.TIM_Base_SetConfig
                0x08009d98      0x120 CMakeFiles/ETHERCAT_CNNCPM.elf.dir/Drivers/STM32H7xx_HAL_Driver/Src/stm32h7xx_hal_tim.c.obj
                0x08009d98                TIM_Base_SetConfig
 .text.HAL_TIM_Base_Init
                0x08009eb8       0x60 CMakeFiles/ETHERCAT_CNNCPM.elf.dir/Drivers/STM32H7xx_HAL_Driver/Src/stm32h7xx_hal_tim.c.obj
                0x08009eb8                HAL_TIM_Base_Init
 .text.TIM_ETR_SetConfig
                0x08009f18       0x1a CMakeFiles/ETHERCAT_CNNCPM.elf.dir/Drivers/STM32H7xx_HAL_Driver/Src/stm32h7xx_hal_tim.c.obj
                0x08009f18                TIM_ETR_SetConfig
 *fill*         0x08009f32        0x2 
 .text.HAL_TIM_ConfigClockSource
                0x08009f34      0x138 CMakeFiles/ETHERCAT_CNNCPM.elf.dir/Drivers/STM32H7xx_HAL_Driver/Src/stm32h7xx_hal_tim.c.obj
                0x08009f34                HAL_TIM_ConfigClockSource
 .text.HAL_TIMEx_MasterConfigSynchronization
                0x0800a06c       0xb0 CMakeFiles/ETHERCAT_CNNCPM.elf.dir/Drivers/STM32H7xx_HAL_Driver/Src/stm32h7xx_hal_tim_ex.c.obj
                0x0800a06c                HAL_TIMEx_MasterConfigSynchronization
 .text.HAL_TIMEx_CommutCallback
                0x0800a11c        0x2 CMakeFiles/ETHERCAT_CNNCPM.elf.dir/Drivers/STM32H7xx_HAL_Driver/Src/stm32h7xx_hal_tim_ex.c.obj
                0x0800a11c                HAL_TIMEx_CommutCallback
 .text.HAL_TIMEx_BreakCallback
                0x0800a11e        0x2 CMakeFiles/ETHERCAT_CNNCPM.elf.dir/Drivers/STM32H7xx_HAL_Driver/Src/stm32h7xx_hal_tim_ex.c.obj
                0x0800a11e                HAL_TIMEx_BreakCallback
 .text.HAL_TIMEx_Break2Callback
                0x0800a120        0x2 CMakeFiles/ETHERCAT_CNNCPM.elf.dir/Drivers/STM32H7xx_HAL_Driver/Src/stm32h7xx_hal_tim_ex.c.obj
                0x0800a120                HAL_TIMEx_Break2Callback
 *fill*         0x0800a122        0x2 
 .text.UART_EndRxTransfer
                0x0800a124       0x58 CMakeFiles/ETHERCAT_CNNCPM.elf.dir/Drivers/STM32H7xx_HAL_Driver/Src/stm32h7xx_hal_uart.c.obj
 .text.HAL_UART_TxCpltCallback
                0x0800a17c        0x2 CMakeFiles/ETHERCAT_CNNCPM.elf.dir/Drivers/STM32H7xx_HAL_Driver/Src/stm32h7xx_hal_uart.c.obj
                0x0800a17c                HAL_UART_TxCpltCallback
 .text.UART_EndTransmit_IT
                0x0800a17e       0x24 CMakeFiles/ETHERCAT_CNNCPM.elf.dir/Drivers/STM32H7xx_HAL_Driver/Src/stm32h7xx_hal_uart.c.obj
 .text.HAL_UART_ErrorCallback
                0x0800a1a2        0x2 CMakeFiles/ETHERCAT_CNNCPM.elf.dir/Drivers/STM32H7xx_HAL_Driver/Src/stm32h7xx_hal_uart.c.obj
                0x0800a1a2                HAL_UART_ErrorCallback
 .text.UART_DMAAbortOnError
                0x0800a1a4       0x14 CMakeFiles/ETHERCAT_CNNCPM.elf.dir/Drivers/STM32H7xx_HAL_Driver/Src/stm32h7xx_hal_uart.c.obj
 .text.HAL_UARTEx_RxEventCallback
                0x0800a1b8        0x2 CMakeFiles/ETHERCAT_CNNCPM.elf.dir/Drivers/STM32H7xx_HAL_Driver/Src/stm32h7xx_hal_uart.c.obj
                0x0800a1b8                HAL_UARTEx_RxEventCallback
 *fill*         0x0800a1ba        0x2 
 .text.HAL_UART_IRQHandler
                0x0800a1bc      0x3b8 CMakeFiles/ETHERCAT_CNNCPM.elf.dir/Drivers/STM32H7xx_HAL_Driver/Src/stm32h7xx_hal_uart.c.obj
                0x0800a1bc                HAL_UART_IRQHandler
 .text.UART_RxISR_8BIT
                0x0800a574       0xdc CMakeFiles/ETHERCAT_CNNCPM.elf.dir/Drivers/STM32H7xx_HAL_Driver/Src/stm32h7xx_hal_uart.c.obj
 .text.UART_RxISR_16BIT
                0x0800a650       0xd8 CMakeFiles/ETHERCAT_CNNCPM.elf.dir/Drivers/STM32H7xx_HAL_Driver/Src/stm32h7xx_hal_uart.c.obj
 .text.UART_RxISR_8BIT_FIFOEN
                0x0800a728      0x1cc CMakeFiles/ETHERCAT_CNNCPM.elf.dir/Drivers/STM32H7xx_HAL_Driver/Src/stm32h7xx_hal_uart.c.obj
 .text.UART_RxISR_16BIT_FIFOEN
                0x0800a8f4      0x1c8 CMakeFiles/ETHERCAT_CNNCPM.elf.dir/Drivers/STM32H7xx_HAL_Driver/Src/stm32h7xx_hal_uart.c.obj
 .text.UART_SetConfig
                0x0800aabc      0x6bc CMakeFiles/ETHERCAT_CNNCPM.elf.dir/Drivers/STM32H7xx_HAL_Driver/Src/stm32h7xx_hal_uart.c.obj
                0x0800aabc                UART_SetConfig
 .text.UART_AdvFeatureConfig
                0x0800b178       0xca CMakeFiles/ETHERCAT_CNNCPM.elf.dir/Drivers/STM32H7xx_HAL_Driver/Src/stm32h7xx_hal_uart.c.obj
                0x0800b178                UART_AdvFeatureConfig
 .text.UART_WaitOnFlagUntilTimeout
                0x0800b242       0x9a CMakeFiles/ETHERCAT_CNNCPM.elf.dir/Drivers/STM32H7xx_HAL_Driver/Src/stm32h7xx_hal_uart.c.obj
                0x0800b242                UART_WaitOnFlagUntilTimeout
 .text.HAL_UART_Transmit
                0x0800b2dc       0xd0 CMakeFiles/ETHERCAT_CNNCPM.elf.dir/Drivers/STM32H7xx_HAL_Driver/Src/stm32h7xx_hal_uart.c.obj
                0x0800b2dc                HAL_UART_Transmit
 .text.UART_CheckIdleState
                0x0800b3ac       0xca CMakeFiles/ETHERCAT_CNNCPM.elf.dir/Drivers/STM32H7xx_HAL_Driver/Src/stm32h7xx_hal_uart.c.obj
                0x0800b3ac                UART_CheckIdleState
 .text.HAL_UART_Init
                0x0800b476       0x66 CMakeFiles/ETHERCAT_CNNCPM.elf.dir/Drivers/STM32H7xx_HAL_Driver/Src/stm32h7xx_hal_uart.c.obj
                0x0800b476                HAL_UART_Init
 .text.UART_Start_Receive_IT
                0x0800b4dc      0x13c CMakeFiles/ETHERCAT_CNNCPM.elf.dir/Drivers/STM32H7xx_HAL_Driver/Src/stm32h7xx_hal_uart.c.obj
                0x0800b4dc                UART_Start_Receive_IT
 .text.HAL_UART_Receive_IT
                0x0800b618       0x4c CMakeFiles/ETHERCAT_CNNCPM.elf.dir/Drivers/STM32H7xx_HAL_Driver/Src/stm32h7xx_hal_uart.c.obj
                0x0800b618                HAL_UART_Receive_IT
 .text.UARTEx_SetNbDataToProcess
                0x0800b664       0x4c CMakeFiles/ETHERCAT_CNNCPM.elf.dir/Drivers/STM32H7xx_HAL_Driver/Src/stm32h7xx_hal_uart_ex.c.obj
 .text.HAL_UARTEx_WakeupCallback
                0x0800b6b0        0x2 CMakeFiles/ETHERCAT_CNNCPM.elf.dir/Drivers/STM32H7xx_HAL_Driver/Src/stm32h7xx_hal_uart_ex.c.obj
                0x0800b6b0                HAL_UARTEx_WakeupCallback
 .text.HAL_UARTEx_RxFifoFullCallback
                0x0800b6b2        0x2 CMakeFiles/ETHERCAT_CNNCPM.elf.dir/Drivers/STM32H7xx_HAL_Driver/Src/stm32h7xx_hal_uart_ex.c.obj
                0x0800b6b2                HAL_UARTEx_RxFifoFullCallback
 .text.HAL_UARTEx_TxFifoEmptyCallback
                0x0800b6b4        0x2 CMakeFiles/ETHERCAT_CNNCPM.elf.dir/Drivers/STM32H7xx_HAL_Driver/Src/stm32h7xx_hal_uart_ex.c.obj
                0x0800b6b4                HAL_UARTEx_TxFifoEmptyCallback
 .text.HAL_UARTEx_DisableFifoMode
                0x0800b6b6       0x3e CMakeFiles/ETHERCAT_CNNCPM.elf.dir/Drivers/STM32H7xx_HAL_Driver/Src/stm32h7xx_hal_uart_ex.c.obj
                0x0800b6b6                HAL_UARTEx_DisableFifoMode
 .text.HAL_UARTEx_SetTxFifoThreshold
                0x0800b6f4       0x4a CMakeFiles/ETHERCAT_CNNCPM.elf.dir/Drivers/STM32H7xx_HAL_Driver/Src/stm32h7xx_hal_uart_ex.c.obj
                0x0800b6f4                HAL_UARTEx_SetTxFifoThreshold
 .text.HAL_UARTEx_SetRxFifoThreshold
                0x0800b73e       0x4a CMakeFiles/ETHERCAT_CNNCPM.elf.dir/Drivers/STM32H7xx_HAL_Driver/Src/stm32h7xx_hal_uart_ex.c.obj
                0x0800b73e                HAL_UARTEx_SetRxFifoThreshold
 .text.FMC_SDRAM_Init
                0x0800b788       0x74 CMakeFiles/ETHERCAT_CNNCPM.elf.dir/Drivers/STM32H7xx_HAL_Driver/Src/stm32h7xx_ll_fmc.c.obj
                0x0800b788                FMC_SDRAM_Init
 .text.FMC_SDRAM_Timing_Init
                0x0800b7fc       0xa8 CMakeFiles/ETHERCAT_CNNCPM.elf.dir/Drivers/STM32H7xx_HAL_Driver/Src/stm32h7xx_ll_fmc.c.obj
                0x0800b7fc                FMC_SDRAM_Timing_Init
 .text.FMC_SDRAM_SendCommand
                0x0800b8a4       0x30 CMakeFiles/ETHERCAT_CNNCPM.elf.dir/Drivers/STM32H7xx_HAL_Driver/Src/stm32h7xx_ll_fmc.c.obj
                0x0800b8a4                FMC_SDRAM_SendCommand
 .text.FMC_SDRAM_ProgramRefreshRate
                0x0800b8d4       0x14 CMakeFiles/ETHERCAT_CNNCPM.elf.dir/Drivers/STM32H7xx_HAL_Driver/Src/stm32h7xx_ll_fmc.c.obj
                0x0800b8d4                FMC_SDRAM_ProgramRefreshRate
 .text.SPIReadDWord
                0x0800b8e8       0x30 CMakeFiles/ETHERCAT_CNNCPM.elf.dir/Ethercatslave/SPIDriver.c.obj
                0x0800b8e8                SPIReadDWord
 .text.SPIWriteDWord
                0x0800b918       0x30 CMakeFiles/ETHERCAT_CNNCPM.elf.dir/Ethercatslave/SPIDriver.c.obj
                0x0800b918                SPIWriteDWord
 .text.SPIReadRegUsingCSR
                0x0800b948       0x60 CMakeFiles/ETHERCAT_CNNCPM.elf.dir/Ethercatslave/SPIDriver.c.obj
                0x0800b948                SPIReadRegUsingCSR
 .text.SPIWriteRegUsingCSR
                0x0800b9a8       0x60 CMakeFiles/ETHERCAT_CNNCPM.elf.dir/Ethercatslave/SPIDriver.c.obj
                0x0800b9a8                SPIWriteRegUsingCSR
 .text.qspi_readBurstMode
                0x0800ba08       0x68 CMakeFiles/ETHERCAT_CNNCPM.elf.dir/Ethercatslave/SPIDriver.c.obj
                0x0800ba08                qspi_readBurstMode
 .text.SPIReadPDRamRegister
                0x0800ba70       0x98 CMakeFiles/ETHERCAT_CNNCPM.elf.dir/Ethercatslave/SPIDriver.c.obj
                0x0800ba70                SPIReadPDRamRegister
 .text.SPIReadDRegister
                0x0800bb08       0x16 CMakeFiles/ETHERCAT_CNNCPM.elf.dir/Ethercatslave/SPIDriver.c.obj
                0x0800bb08                SPIReadDRegister
 *fill*         0x0800bb1e        0x2 
 .text.qspi_writeBurstMode
                0x0800bb20       0x60 CMakeFiles/ETHERCAT_CNNCPM.elf.dir/Ethercatslave/SPIDriver.c.obj
                0x0800bb20                qspi_writeBurstMode
 .text.SPIWritePDRamRegister
                0x0800bb80       0xa8 CMakeFiles/ETHERCAT_CNNCPM.elf.dir/Ethercatslave/SPIDriver.c.obj
                0x0800bb80                SPIWritePDRamRegister
 .text.SPIWriteRegister
                0x0800bc28       0x16 CMakeFiles/ETHERCAT_CNNCPM.elf.dir/Ethercatslave/SPIDriver.c.obj
                0x0800bc28                SPIWriteRegister
 *fill*         0x0800bc3e        0x2 
 .text.COE_GetObjectDictionary
                0x0800bc40        0xc CMakeFiles/ETHERCAT_CNNCPM.elf.dir/Ethercatslave/coeappl.c.obj
                0x0800bc40                COE_GetObjectDictionary
 .text.COE_AddObjectToDic
                0x0800bc4c       0x74 CMakeFiles/ETHERCAT_CNNCPM.elf.dir/Ethercatslave/coeappl.c.obj
                0x0800bc4c                COE_AddObjectToDic
 .text.COE_RemoveDicEntry
                0x0800bcc0       0x3c CMakeFiles/ETHERCAT_CNNCPM.elf.dir/Ethercatslave/coeappl.c.obj
                0x0800bcc0                COE_RemoveDicEntry
 .text.COE_ClearObjDictionary
                0x0800bcfc       0x20 CMakeFiles/ETHERCAT_CNNCPM.elf.dir/Ethercatslave/coeappl.c.obj
                0x0800bcfc                COE_ClearObjDictionary
 .text.AddObjectsToObjDictionary
                0x0800bd1c       0x24 CMakeFiles/ETHERCAT_CNNCPM.elf.dir/Ethercatslave/coeappl.c.obj
                0x0800bd1c                AddObjectsToObjDictionary
 .text.COE_ObjDictionaryInit
                0x0800bd40       0x28 CMakeFiles/ETHERCAT_CNNCPM.elf.dir/Ethercatslave/coeappl.c.obj
                0x0800bd40                COE_ObjDictionaryInit
 .text.COE_ObjInit
                0x0800bd68       0xa8 CMakeFiles/ETHERCAT_CNNCPM.elf.dir/Ethercatslave/coeappl.c.obj
                0x0800bd68                COE_ObjInit
 .text.COE_Main
                0x0800be10       0xb0 CMakeFiles/ETHERCAT_CNNCPM.elf.dir/Ethercatslave/coeappl.c.obj
                0x0800be10                COE_Main
 .text.PDO_InputMapping
                0x0800bec0       0x28 CMakeFiles/ETHERCAT_CNNCPM.elf.dir/Ethercatslave/ecatappl.c.obj
                0x0800bec0                PDO_InputMapping
 .text.PDO_OutputMapping
                0x0800bee8       0x28 CMakeFiles/ETHERCAT_CNNCPM.elf.dir/Ethercatslave/ecatappl.c.obj
                0x0800bee8                PDO_OutputMapping
 .text.HandleBusCycleCalculation
                0x0800bf10       0x9c CMakeFiles/ETHERCAT_CNNCPM.elf.dir/Ethercatslave/ecatappl.c.obj
                0x0800bf10                HandleBusCycleCalculation
 .text.Sync1_Isr
                0x0800bfac       0x40 CMakeFiles/ETHERCAT_CNNCPM.elf.dir/Ethercatslave/ecatappl.c.obj
                0x0800bfac                Sync1_Isr
 .text.ECAT_SetLedIndication
                0x0800bfec      0x1f0 CMakeFiles/ETHERCAT_CNNCPM.elf.dir/Ethercatslave/ecatappl.c.obj
                0x0800bfec                ECAT_SetLedIndication
 .text.ECAT_CheckTimer
                0x0800c1dc       0x40 CMakeFiles/ETHERCAT_CNNCPM.elf.dir/Ethercatslave/ecatappl.c.obj
                0x0800c1dc                ECAT_CheckTimer
 .text.MainInit
                0x0800c21c       0x54 CMakeFiles/ETHERCAT_CNNCPM.elf.dir/Ethercatslave/ecatappl.c.obj
                0x0800c21c                MainInit
 .text.ECAT_Application
                0x0800c270        0x8 CMakeFiles/ETHERCAT_CNNCPM.elf.dir/Ethercatslave/ecatappl.c.obj
                0x0800c270                ECAT_Application
 .text.PDI_Isr  0x0800c278       0xf4 CMakeFiles/ETHERCAT_CNNCPM.elf.dir/Ethercatslave/ecatappl.c.obj
                0x0800c278                PDI_Isr
 .text.Sync0_Isr
                0x0800c36c      0x108 CMakeFiles/ETHERCAT_CNNCPM.elf.dir/Ethercatslave/ecatappl.c.obj
                0x0800c36c                Sync0_Isr
 .text.MainLoop
                0x0800c474       0xb0 CMakeFiles/ETHERCAT_CNNCPM.elf.dir/Ethercatslave/ecatappl.c.obj
                0x0800c474                MainLoop
 .text.COE_Init
                0x0800c524       0x14 CMakeFiles/ETHERCAT_CNNCPM.elf.dir/Ethercatslave/ecatcoe.c.obj
                0x0800c524                COE_Init
 .text.COE_ServiceInd
                0x0800c538       0x2c CMakeFiles/ETHERCAT_CNNCPM.elf.dir/Ethercatslave/ecatcoe.c.obj
                0x0800c538                COE_ServiceInd
 .text.COE_ContinueInd
                0x0800c564       0x50 CMakeFiles/ETHERCAT_CNNCPM.elf.dir/Ethercatslave/ecatcoe.c.obj
                0x0800c564                COE_ContinueInd
 .text.ResetALEventMask
                0x0800c5b4       0x3c CMakeFiles/ETHERCAT_CNNCPM.elf.dir/Ethercatslave/ecatslv.c.obj
                0x0800c5b4                ResetALEventMask
 .text.SetALEventMask
                0x0800c5f0       0x3c CMakeFiles/ETHERCAT_CNNCPM.elf.dir/Ethercatslave/ecatslv.c.obj
                0x0800c5f0                SetALEventMask
 .text.UpdateEEPROMLoadedState
                0x0800c62c       0x40 CMakeFiles/ETHERCAT_CNNCPM.elf.dir/Ethercatslave/ecatslv.c.obj
                0x0800c62c                UpdateEEPROMLoadedState
 .text.GetSyncMan
                0x0800c66c       0x1c CMakeFiles/ETHERCAT_CNNCPM.elf.dir/Ethercatslave/ecatslv.c.obj
                0x0800c66c                GetSyncMan
 .text.DisableSyncManChannel
                0x0800c688       0x38 CMakeFiles/ETHERCAT_CNNCPM.elf.dir/Ethercatslave/ecatslv.c.obj
                0x0800c688                DisableSyncManChannel
 .text.EnableSyncManChannel
                0x0800c6c0       0x36 CMakeFiles/ETHERCAT_CNNCPM.elf.dir/Ethercatslave/ecatslv.c.obj
                0x0800c6c0                EnableSyncManChannel
 *fill*         0x0800c6f6        0x2 
 .text.CheckSmSettings
                0x0800c6f8      0x3dc CMakeFiles/ETHERCAT_CNNCPM.elf.dir/Ethercatslave/ecatslv.c.obj
                0x0800c6f8                CheckSmSettings
 .text.StartInputHandler
                0x0800cad4      0x588 CMakeFiles/ETHERCAT_CNNCPM.elf.dir/Ethercatslave/ecatslv.c.obj
                0x0800cad4                StartInputHandler
 .text.StartOutputHandler
                0x0800d05c       0x3c CMakeFiles/ETHERCAT_CNNCPM.elf.dir/Ethercatslave/ecatslv.c.obj
                0x0800d05c                StartOutputHandler
 .text.StopOutputHandler
                0x0800d098       0x14 CMakeFiles/ETHERCAT_CNNCPM.elf.dir/Ethercatslave/ecatslv.c.obj
                0x0800d098                StopOutputHandler
 .text.StopInputHandler
                0x0800d0ac       0xc8 CMakeFiles/ETHERCAT_CNNCPM.elf.dir/Ethercatslave/ecatslv.c.obj
                0x0800d0ac                StopInputHandler
 .text.BackToInitTransition
                0x0800d174        0xc CMakeFiles/ETHERCAT_CNNCPM.elf.dir/Ethercatslave/ecatslv.c.obj
                0x0800d174                BackToInitTransition
 .text.SetALStatus
                0x0800d180       0x88 CMakeFiles/ETHERCAT_CNNCPM.elf.dir/Ethercatslave/ecatslv.c.obj
                0x0800d180                SetALStatus
 .text.AL_ControlInd
                0x0800d208      0x57c CMakeFiles/ETHERCAT_CNNCPM.elf.dir/Ethercatslave/ecatslv.c.obj
                0x0800d208                AL_ControlInd
 .text.AL_ControlRes
                0x0800d784      0x224 CMakeFiles/ETHERCAT_CNNCPM.elf.dir/Ethercatslave/ecatslv.c.obj
                0x0800d784                AL_ControlRes
 .text.DC_CheckWatchdog
                0x0800d9a8       0xe0 CMakeFiles/ETHERCAT_CNNCPM.elf.dir/Ethercatslave/ecatslv.c.obj
                0x0800d9a8                DC_CheckWatchdog
 .text.CheckIfEcatError
                0x0800da88       0x98 CMakeFiles/ETHERCAT_CNNCPM.elf.dir/Ethercatslave/ecatslv.c.obj
                0x0800da88                CheckIfEcatError
 .text.ECAT_Init
                0x0800db20      0x11c CMakeFiles/ETHERCAT_CNNCPM.elf.dir/Ethercatslave/ecatslv.c.obj
                0x0800db20                ECAT_Init
 .text.ECAT_Main
                0x0800dc3c      0x150 CMakeFiles/ETHERCAT_CNNCPM.elf.dir/Ethercatslave/ecatslv.c.obj
                0x0800dc3c                ECAT_Main
 .text.APPL_AckErrorInd
                0x0800dd8c        0x2 CMakeFiles/ETHERCAT_CNNCPM.elf.dir/Ethercatslave/el9800appl.c.obj
                0x0800dd8c                APPL_AckErrorInd
 .text.APPL_StartMailboxHandler
                0x0800dd8e        0x4 CMakeFiles/ETHERCAT_CNNCPM.elf.dir/Ethercatslave/el9800appl.c.obj
                0x0800dd8e                APPL_StartMailboxHandler
 .text.APPL_StopMailboxHandler
                0x0800dd92        0x4 CMakeFiles/ETHERCAT_CNNCPM.elf.dir/Ethercatslave/el9800appl.c.obj
                0x0800dd92                APPL_StopMailboxHandler
 .text.APPL_StartInputHandler
                0x0800dd96        0x4 CMakeFiles/ETHERCAT_CNNCPM.elf.dir/Ethercatslave/el9800appl.c.obj
                0x0800dd96                APPL_StartInputHandler
 .text.APPL_StopInputHandler
                0x0800dd9a        0x4 CMakeFiles/ETHERCAT_CNNCPM.elf.dir/Ethercatslave/el9800appl.c.obj
                0x0800dd9a                APPL_StopInputHandler
 .text.APPL_StartOutputHandler
                0x0800dd9e        0x4 CMakeFiles/ETHERCAT_CNNCPM.elf.dir/Ethercatslave/el9800appl.c.obj
                0x0800dd9e                APPL_StartOutputHandler
 .text.APPL_StopOutputHandler
                0x0800dda2        0x4 CMakeFiles/ETHERCAT_CNNCPM.elf.dir/Ethercatslave/el9800appl.c.obj
                0x0800dda2                APPL_StopOutputHandler
 *fill*         0x0800dda6        0x2 
 .text.APPL_GenerateMapping
                0x0800dda8       0xf8 CMakeFiles/ETHERCAT_CNNCPM.elf.dir/Ethercatslave/el9800appl.c.obj
                0x0800dda8                APPL_GenerateMapping
 .text.APPL_InputMapping
                0x0800dea0       0x3c CMakeFiles/ETHERCAT_CNNCPM.elf.dir/Ethercatslave/el9800appl.c.obj
                0x0800dea0                APPL_InputMapping
 .text.APPL_OutputMapping
                0x0800dedc       0x44 CMakeFiles/ETHERCAT_CNNCPM.elf.dir/Ethercatslave/el9800appl.c.obj
                0x0800dedc                APPL_OutputMapping
 .text.ringb_init
                0x0800df20        0xe CMakeFiles/ETHERCAT_CNNCPM.elf.dir/Ethercatslave/el9800appl.c.obj
                0x0800df20                ringb_init
 .text.ringb_push
                0x0800df2e       0x28 CMakeFiles/ETHERCAT_CNNCPM.elf.dir/Ethercatslave/el9800appl.c.obj
                0x0800df2e                ringb_push
 .text.ringb_poll
                0x0800df56       0x36 CMakeFiles/ETHERCAT_CNNCPM.elf.dir/Ethercatslave/el9800appl.c.obj
                0x0800df56                ringb_poll
 .text.APPL_Application
                0x0800df8c      0x3f0 CMakeFiles/ETHERCAT_CNNCPM.elf.dir/Ethercatslave/el9800appl.c.obj
                0x0800df8c                APPL_Application
 .text.ReadObject0x1802
                0x0800e37c       0x50 CMakeFiles/ETHERCAT_CNNCPM.elf.dir/Ethercatslave/el9800appl.c.obj
                0x0800e37c                ReadObject0x1802
 .text.HW_SetLed
                0x0800e3cc        0x2 CMakeFiles/ETHERCAT_CNNCPM.elf.dir/Ethercatslave/el9800hw.c.obj
                0x0800e3cc                HW_SetLed
 .text.HW_EscRead
                0x0800e3ce       0x64 CMakeFiles/ETHERCAT_CNNCPM.elf.dir/Ethercatslave/el9800hw.c.obj
                0x0800e3ce                HW_EscRead
 .text.HW_EscReadIsr
                0x0800e432       0x58 CMakeFiles/ETHERCAT_CNNCPM.elf.dir/Ethercatslave/el9800hw.c.obj
                0x0800e432                HW_EscReadIsr
 *fill*         0x0800e48a        0x2 
 .text.GetInterruptRegister
                0x0800e48c       0x20 CMakeFiles/ETHERCAT_CNNCPM.elf.dir/Ethercatslave/el9800hw.c.obj
 .text.HW_GetALEventRegister
                0x0800e4ac       0x10 CMakeFiles/ETHERCAT_CNNCPM.elf.dir/Ethercatslave/el9800hw.c.obj
                0x0800e4ac                HW_GetALEventRegister
 .text.ISR_GetInterruptRegister
                0x0800e4bc       0x14 CMakeFiles/ETHERCAT_CNNCPM.elf.dir/Ethercatslave/el9800hw.c.obj
 .text.HW_GetALEventRegister_Isr
                0x0800e4d0       0x10 CMakeFiles/ETHERCAT_CNNCPM.elf.dir/Ethercatslave/el9800hw.c.obj
                0x0800e4d0                HW_GetALEventRegister_Isr
 .text.HW_EscWrite
                0x0800e4e0       0x64 CMakeFiles/ETHERCAT_CNNCPM.elf.dir/Ethercatslave/el9800hw.c.obj
                0x0800e4e0                HW_EscWrite
 .text.HW_Init  0x0800e544       0xac CMakeFiles/ETHERCAT_CNNCPM.elf.dir/Ethercatslave/el9800hw.c.obj
                0x0800e544                HW_Init
 .text.HW_EscWriteIsr
                0x0800e5f0       0x58 CMakeFiles/ETHERCAT_CNNCPM.elf.dir/Ethercatslave/el9800hw.c.obj
                0x0800e5f0                HW_EscWriteIsr
 .text.EXTI3_IRQHandler
                0x0800e648       0x48 CMakeFiles/ETHERCAT_CNNCPM.elf.dir/Ethercatslave/el9800hw.c.obj
                0x0800e648                EXTI3_IRQHandler
 .text.EXTI15_10_IRQHandler
                0x0800e690       0x28 CMakeFiles/ETHERCAT_CNNCPM.elf.dir/Ethercatslave/el9800hw.c.obj
                0x0800e690                EXTI15_10_IRQHandler
 .text.EXTI2_IRQHandler
                0x0800e6b8       0x18 CMakeFiles/ETHERCAT_CNNCPM.elf.dir/Ethercatslave/el9800hw.c.obj
                0x0800e6b8                EXTI2_IRQHandler
 .text.TIM2_IRQHandler
                0x0800e6d0       0x44 CMakeFiles/ETHERCAT_CNNCPM.elf.dir/Ethercatslave/el9800hw.c.obj
                0x0800e6d0                TIM2_IRQHandler
 .text.PutInMbxQueue
                0x0800e714       0x2a CMakeFiles/ETHERCAT_CNNCPM.elf.dir/Ethercatslave/mailbox.c.obj
                0x0800e714                PutInMbxQueue
 .text.GetOutOfMbxQueue
                0x0800e73e       0x28 CMakeFiles/ETHERCAT_CNNCPM.elf.dir/Ethercatslave/mailbox.c.obj
                0x0800e73e                GetOutOfMbxQueue
 *fill*         0x0800e766        0x2 
 .text.MBX_Init
                0x0800e768       0xd4 CMakeFiles/ETHERCAT_CNNCPM.elf.dir/Ethercatslave/mailbox.c.obj
                0x0800e768                MBX_Init
 .text.MBX_StartMailboxHandler
                0x0800e83c       0x98 CMakeFiles/ETHERCAT_CNNCPM.elf.dir/Ethercatslave/mailbox.c.obj
                0x0800e83c                MBX_StartMailboxHandler
 .text.MBX_StopMailboxHandler
                0x0800e8d4       0xf4 CMakeFiles/ETHERCAT_CNNCPM.elf.dir/Ethercatslave/mailbox.c.obj
                0x0800e8d4                MBX_StopMailboxHandler
 .text.MailboxServiceInd
                0x0800e9c8       0x16 CMakeFiles/ETHERCAT_CNNCPM.elf.dir/Ethercatslave/mailbox.c.obj
                0x0800e9c8                MailboxServiceInd
 *fill*         0x0800e9de        0x2 
 .text.MBX_CopyToSendMailbox
                0x0800e9e0       0xe8 CMakeFiles/ETHERCAT_CNNCPM.elf.dir/Ethercatslave/mailbox.c.obj
                0x0800e9e0                MBX_CopyToSendMailbox
 .text.MBX_MailboxReadInd
                0x0800eac8       0x94 CMakeFiles/ETHERCAT_CNNCPM.elf.dir/Ethercatslave/mailbox.c.obj
                0x0800eac8                MBX_MailboxReadInd
 .text.MBX_MailboxRepeatReq
                0x0800eb5c       0x60 CMakeFiles/ETHERCAT_CNNCPM.elf.dir/Ethercatslave/mailbox.c.obj
                0x0800eb5c                MBX_MailboxRepeatReq
 .text.MBX_MailboxSendReq
                0x0800ebbc       0x88 CMakeFiles/ETHERCAT_CNNCPM.elf.dir/Ethercatslave/mailbox.c.obj
                0x0800ebbc                MBX_MailboxSendReq
 .text.MBX_MailboxWriteInd
                0x0800ec44       0x70 CMakeFiles/ETHERCAT_CNNCPM.elf.dir/Ethercatslave/mailbox.c.obj
                0x0800ec44                MBX_MailboxWriteInd
 .text.MBX_CheckAndCopyMailbox
                0x0800ecb4      0x108 CMakeFiles/ETHERCAT_CNNCPM.elf.dir/Ethercatslave/mailbox.c.obj
                0x0800ecb4                MBX_CheckAndCopyMailbox
 .text.MBX_Main
                0x0800edbc       0x4c CMakeFiles/ETHERCAT_CNNCPM.elf.dir/Ethercatslave/mailbox.c.obj
                0x0800edbc                MBX_Main
 .text.OBJ_GetObjectHandle
                0x0800ee08       0x34 CMakeFiles/ETHERCAT_CNNCPM.elf.dir/Ethercatslave/objdef.c.obj
                0x0800ee08                OBJ_GetObjectHandle
 .text.OBJ_GetObjectLength
                0x0800ee3c       0x8e CMakeFiles/ETHERCAT_CNNCPM.elf.dir/Ethercatslave/objdef.c.obj
                0x0800ee3c                OBJ_GetObjectLength
 *fill*         0x0800eeca        0x2 
 .text.OBJ_CopyNumberToString
                0x0800eecc       0x48 CMakeFiles/ETHERCAT_CNNCPM.elf.dir/Ethercatslave/objdef.c.obj
                0x0800eecc                OBJ_CopyNumberToString
 .text.OBJ_GetDesc
                0x0800ef14       0xc4 CMakeFiles/ETHERCAT_CNNCPM.elf.dir/Ethercatslave/objdef.c.obj
                0x0800ef14                OBJ_GetDesc
 .text.OBJ_GetEntryDesc
                0x0800efd8       0x22 CMakeFiles/ETHERCAT_CNNCPM.elf.dir/Ethercatslave/objdef.c.obj
                0x0800efd8                OBJ_GetEntryDesc
 .text.OBJ_GetNoOfObjects
                0x0800effa       0x6a CMakeFiles/ETHERCAT_CNNCPM.elf.dir/Ethercatslave/objdef.c.obj
                0x0800effa                OBJ_GetNoOfObjects
 .text.OBJ_GetObjectList
                0x0800f064       0xcc CMakeFiles/ETHERCAT_CNNCPM.elf.dir/Ethercatslave/objdef.c.obj
                0x0800f064                OBJ_GetObjectList
 .text.OBJ_GetObjDesc
                0x0800f130        0x4 CMakeFiles/ETHERCAT_CNNCPM.elf.dir/Ethercatslave/objdef.c.obj
                0x0800f130                OBJ_GetObjDesc
 .text.OBJ_GetEntryOffset
                0x0800f134      0x180 CMakeFiles/ETHERCAT_CNNCPM.elf.dir/Ethercatslave/objdef.c.obj
                0x0800f134                OBJ_GetEntryOffset
 .text.CheckSyncTypeValue
                0x0800f2b4      0x12c CMakeFiles/ETHERCAT_CNNCPM.elf.dir/Ethercatslave/objdef.c.obj
                0x0800f2b4                CheckSyncTypeValue
 .text.OBJ_Read
                0x0800f3e0      0x464 CMakeFiles/ETHERCAT_CNNCPM.elf.dir/Ethercatslave/objdef.c.obj
                0x0800f3e0                OBJ_Read
 .text.OBJ_Write
                0x0800f844      0x4dc CMakeFiles/ETHERCAT_CNNCPM.elf.dir/Ethercatslave/objdef.c.obj
                0x0800f844                OBJ_Write
 .text.SdoUploadSegmentInd
                0x0800fd20      0x13c CMakeFiles/ETHERCAT_CNNCPM.elf.dir/Ethercatslave/sdoserv.c.obj
 .text.SdoDownloadSegmentInd
                0x0800fe5c      0x260 CMakeFiles/ETHERCAT_CNNCPM.elf.dir/Ethercatslave/sdoserv.c.obj
 .text.SdoRes   0x080100bc       0xd8 CMakeFiles/ETHERCAT_CNNCPM.elf.dir/Ethercatslave/sdoserv.c.obj
                0x080100bc                SdoRes
 .text.SDOS_SdoInd
                0x08010194      0x458 CMakeFiles/ETHERCAT_CNNCPM.elf.dir/Ethercatslave/sdoserv.c.obj
                0x08010194                SDOS_SdoInd
 .text.SDOS_SdoRes
                0x080105ec       0xd4 CMakeFiles/ETHERCAT_CNNCPM.elf.dir/Ethercatslave/sdoserv.c.obj
                0x080105ec                SDOS_SdoRes
 .text.SDOS_SdoInfoInd
                0x080106c0      0x2d8 CMakeFiles/ETHERCAT_CNNCPM.elf.dir/Ethercatslave/sdoserv.c.obj
                0x080106c0                SDOS_SdoInfoInd
 .text.SysTick_Handler
                0x08010998       0x18 CMakeFiles/ETHERCAT_CNNCPM.elf.dir/Middlewares/Third_Party/FreeRTOS/Source/CMSIS_RTOS_V2/cmsis_os2.c.obj
                0x08010998                SysTick_Handler
 .text.osKernelInitialize
                0x080109b0       0x24 CMakeFiles/ETHERCAT_CNNCPM.elf.dir/Middlewares/Third_Party/FreeRTOS/Source/CMSIS_RTOS_V2/cmsis_os2.c.obj
                0x080109b0                osKernelInitialize
 .text.osKernelStart
                0x080109d4       0x38 CMakeFiles/ETHERCAT_CNNCPM.elf.dir/Middlewares/Third_Party/FreeRTOS/Source/CMSIS_RTOS_V2/cmsis_os2.c.obj
                0x080109d4                osKernelStart
 .text.osThreadNew
                0x08010a0c       0xbc CMakeFiles/ETHERCAT_CNNCPM.elf.dir/Middlewares/Third_Party/FreeRTOS/Source/CMSIS_RTOS_V2/cmsis_os2.c.obj
                0x08010a0c                osThreadNew
 .text.osDelay  0x08010ac8       0x1c CMakeFiles/ETHERCAT_CNNCPM.elf.dir/Middlewares/Third_Party/FreeRTOS/Source/CMSIS_RTOS_V2/cmsis_os2.c.obj
                0x08010ac8                osDelay
 .text.osMessageQueueNew
                0x08010ae4       0x98 CMakeFiles/ETHERCAT_CNNCPM.elf.dir/Middlewares/Third_Party/FreeRTOS/Source/CMSIS_RTOS_V2/cmsis_os2.c.obj
                0x08010ae4                osMessageQueueNew
 .text.vApplicationGetIdleTaskMemory
                0x08010b7c       0x18 CMakeFiles/ETHERCAT_CNNCPM.elf.dir/Middlewares/Third_Party/FreeRTOS/Source/CMSIS_RTOS_V2/cmsis_os2.c.obj
                0x08010b7c                vApplicationGetIdleTaskMemory
 .text.vApplicationGetTimerTaskMemory
                0x08010b94       0x18 CMakeFiles/ETHERCAT_CNNCPM.elf.dir/Middlewares/Third_Party/FreeRTOS/Source/CMSIS_RTOS_V2/cmsis_os2.c.obj
                0x08010b94                vApplicationGetTimerTaskMemory
 .text.vListInitialise
                0x08010bac       0x16 CMakeFiles/ETHERCAT_CNNCPM.elf.dir/Middlewares/Third_Party/FreeRTOS/Source/list.c.obj
                0x08010bac                vListInitialise
 .text.vListInitialiseItem
                0x08010bc2        0x6 CMakeFiles/ETHERCAT_CNNCPM.elf.dir/Middlewares/Third_Party/FreeRTOS/Source/list.c.obj
                0x08010bc2                vListInitialiseItem
 .text.vListInsertEnd
                0x08010bc8       0x16 CMakeFiles/ETHERCAT_CNNCPM.elf.dir/Middlewares/Third_Party/FreeRTOS/Source/list.c.obj
                0x08010bc8                vListInsertEnd
 .text.vListInsert
                0x08010bde       0x32 CMakeFiles/ETHERCAT_CNNCPM.elf.dir/Middlewares/Third_Party/FreeRTOS/Source/list.c.obj
                0x08010bde                vListInsert
 .text.uxListRemove
                0x08010c10       0x26 CMakeFiles/ETHERCAT_CNNCPM.elf.dir/Middlewares/Third_Party/FreeRTOS/Source/list.c.obj
                0x08010c10                uxListRemove
 *fill*         0x08010c36        0x2 
 .text.prvTaskExitError
                0x08010c38       0x40 CMakeFiles/ETHERCAT_CNNCPM.elf.dir/Middlewares/Third_Party/FreeRTOS/Source/portable/GCC/ARM_CM4F/port.c.obj
 .text.prvPortStartFirstTask
                0x08010c78       0x28 CMakeFiles/ETHERCAT_CNNCPM.elf.dir/Middlewares/Third_Party/FreeRTOS/Source/portable/GCC/ARM_CM4F/port.c.obj
 .text.vPortEnableVFP
                0x08010ca0       0x14 CMakeFiles/ETHERCAT_CNNCPM.elf.dir/Middlewares/Third_Party/FreeRTOS/Source/portable/GCC/ARM_CM4F/port.c.obj
 .text.pxPortInitialiseStack